I, [2015-03-23T21:23:28.193800 #28463]  INFO -- : Started POST "/rates" for 198.178.132.252 at 2015-03-23 21:23:28 +0000
I, [2015-03-23T21:23:28.196551 #28463]  INFO -- : Processing by RatesController#create as HTML
I, [2015-03-23T21:23:28.196978 #28463]  INFO -- :   Parameters: {"utf8"=>"", "authenticity_token"=>"uEr+p0U1dyJH/0WmpwXYQuhJkBU5d/RYn7khBn4yjOo=", "rate"=>{"transferringprogram"=>"spg", "transfereeprogram"=>"american", "transferratio"=>"1.0", "transfernotes"=>"For every 20,000 Starpoints transferred within the same transaction, Starwood will automatically add another 5,000 Starpoints."}, "commit"=>"Create Rate"}
I, [2015-03-23T21:23:28.212612 #28463]  INFO -- : Redirected to http://dev.tralue.com/rates/39
I, [2015-03-23T21:23:28.213425 #28463]  INFO -- : Completed 302 Found in 16ms (ActiveRecord: 8.4ms)
I, [2015-03-23T21:23:28.247353 #28471]  INFO -- : Started GET "/rates/39" for 198.178.132.252 at 2015-03-23 21:23:28 +0000
I, [2015-03-23T21:23:28.250617 #28471]  INFO -- : Processing by RatesController#show as HTML
I, [2015-03-23T21:23:28.251007 #28471]  INFO -- :   Parameters: {"id"=>"39"}
I, [2015-03-23T21:23:28.258875 #28471]  INFO -- :   Rendered rates/show.html.erb within layouts/application (1.3ms)
I, [2015-03-23T21:23:28.262037 #28471]  INFO -- : Completed 200 OK in 10ms (Views: 5.5ms | ActiveRecord: 0.7ms)
I, [2015-03-23T21:23:49.304586 #28463]  INFO -- : Started POST "/rates" for 198.178.132.252 at 2015-03-23 21:23:49 +0000
I, [2015-03-23T21:23:49.306969 #28463]  INFO -- : Processing by RatesController#create as HTML
I, [2015-03-23T21:23:49.307213 #28463]  INFO -- :   Parameters: {"utf8"=>"", "authenticity_token"=>"uEr+p0U1dyJH/0WmpwXYQuhJkBU5d/RYn7khBn4yjOo=", "rate"=>{"transferringprogram"=>"spg", "transfereeprogram"=>"cathay_pacific", "transferratio"=>"1.0", "transfernotes"=>"For every 20,000 Starpoints transferred within the same transaction, Starwood will automatically add another 5,000 Starpoints."}, "commit"=>"Create Rate"}
I, [2015-03-23T21:23:49.321201 #28463]  INFO -- : Redirected to http://dev.tralue.com/rates/40
I, [2015-03-23T21:23:49.322202 #28463]  INFO -- : Completed 302 Found in 15ms (ActiveRecord: 7.9ms)
I, [2015-03-23T21:23:49.354388 #28471]  INFO -- : Started GET "/rates/40" for 198.178.132.252 at 2015-03-23 21:23:49 +0000
I, [2015-03-23T21:23:49.357162 #28471]  INFO -- : Processing by RatesController#show as HTML
I, [2015-03-23T21:23:49.357332 #28471]  INFO -- :   Parameters: {"id"=>"40"}
I, [2015-03-23T21:23:49.361562 #28471]  INFO -- :   Rendered rates/show.html.erb within layouts/application (0.8ms)
I, [2015-03-23T21:23:49.362855 #28471]  INFO -- : Completed 200 OK in 5ms (Views: 2.6ms | ActiveRecord: 0.4ms)
I, [2015-03-23T21:24:00.139392 #28463]  INFO -- : Started POST "/rates" for 198.178.132.252 at 2015-03-23 21:24:00 +0000
I, [2015-03-23T21:24:00.141410 #28463]  INFO -- : Processing by RatesController#create as HTML
I, [2015-03-23T21:24:00.141588 #28463]  INFO -- :   Parameters: {"utf8"=>"", "authenticity_token"=>"uEr+p0U1dyJH/0WmpwXYQuhJkBU5d/RYn7khBn4yjOo=", "rate"=>{"transferringprogram"=>"spg", "transfereeprogram"=>"asiana", "transferratio"=>"1.0", "transfernotes"=>"For every 20,000 Starpoints transferred within the same transaction, Starwood will automatically add another 5,000 Starpoints."}, "commit"=>"Create Rate"}
I, [2015-03-23T21:24:00.152982 #28463]  INFO -- : Redirected to http://dev.tralue.com/rates/41
I, [2015-03-23T21:24:00.153419 #28463]  INFO -- : Completed 302 Found in 12ms (ActiveRecord: 7.5ms)
I, [2015-03-23T21:24:00.184978 #28469]  INFO -- : Started GET "/rates/41" for 198.178.132.252 at 2015-03-23 21:24:00 +0000
I, [2015-03-23T21:24:00.187605 #28469]  INFO -- : Processing by RatesController#show as HTML
I, [2015-03-23T21:24:00.187773 #28469]  INFO -- :   Parameters: {"id"=>"41"}
I, [2015-03-23T21:24:00.193937 #28469]  INFO -- :   Rendered rates/show.html.erb within layouts/application (1.1ms)
I, [2015-03-23T21:24:00.195608 #28469]  INFO -- : Completed 200 OK in 8ms (Views: 4.0ms | ActiveRecord: 0.4ms)
I, [2015-03-23T21:24:11.875117 #28463]  INFO -- : Started POST "/rates" for 198.178.132.252 at 2015-03-23 21:24:11 +0000
I, [2015-03-23T21:24:11.876873 #28463]  INFO -- : Processing by RatesController#create as HTML
I, [2015-03-23T21:24:11.877047 #28463]  INFO -- :   Parameters: {"utf8"=>"", "authenticity_token"=>"uEr+p0U1dyJH/0WmpwXYQuhJkBU5d/RYn7khBn4yjOo=", "rate"=>{"transferringprogram"=>"spg", "transfereeprogram"=>"ba", "transferratio"=>"1.0", "transfernotes"=>"For every 20,000 Starpoints transferred within the same transaction, Starwood will automatically add another 5,000 Starpoints."}, "commit"=>"Create Rate"}
I, [2015-03-23T21:24:11.885503 #28463]  INFO -- : Redirected to http://dev.tralue.com/rates/42
I, [2015-03-23T21:24:11.885986 #28463]  INFO -- : Completed 302 Found in 9ms (ActiveRecord: 3.8ms)
I, [2015-03-23T21:24:11.917005 #28469]  INFO -- : Started GET "/rates/42" for 198.178.132.252 at 2015-03-23 21:24:11 +0000
I, [2015-03-23T21:24:11.919072 #28469]  INFO -- : Processing by RatesController#show as HTML
I, [2015-03-23T21:24:11.919602 #28469]  INFO -- :   Parameters: {"id"=>"42"}
I, [2015-03-23T21:24:11.922897 #28469]  INFO -- :   Rendered rates/show.html.erb within layouts/application (0.5ms)
I, [2015-03-23T21:24:11.924084 #28469]  INFO -- : Completed 200 OK in 4ms (Views: 2.0ms | ActiveRecord: 0.3ms)
I, [2015-03-23T21:24:28.127917 #28463]  INFO -- : Started POST "/rates" for 198.178.132.252 at 2015-03-23 21:24:28 +0000
I, [2015-03-23T21:24:28.129497 #28463]  INFO -- : Processing by RatesController#create as HTML
I, [2015-03-23T21:24:28.129747 #28463]  INFO -- :   Parameters: {"utf8"=>"", "authenticity_token"=>"uEr+p0U1dyJH/0WmpwXYQuhJkBU5d/RYn7khBn4yjOo=", "rate"=>{"transferringprogram"=>"spg", "transfereeprogram"=>"china_eastern", "transferratio"=>"1.0", "transfernotes"=>"For every 20,000 Starpoints transferred within the same transaction, Starwood will automatically add another 5,000 Starpoints."}, "commit"=>"Create Rate"}
I, [2015-03-23T21:24:28.136864 #28463]  INFO -- : Redirected to http://dev.tralue.com/rates/43
I, [2015-03-23T21:24:28.137235 #28463]  INFO -- : Completed 302 Found in 7ms (ActiveRecord: 3.6ms)
I, [2015-03-23T21:24:28.169479 #28466]  INFO -- : Started GET "/rates/43" for 198.178.132.252 at 2015-03-23 21:24:28 +0000
I, [2015-03-23T21:24:28.171802 #28466]  INFO -- : Processing by RatesController#show as HTML
I, [2015-03-23T21:24:28.171984 #28466]  INFO -- :   Parameters: {"id"=>"43"}
I, [2015-03-23T21:24:28.175638 #28466]  INFO -- :   Rendered rates/show.html.erb within layouts/application (0.7ms)
I, [2015-03-23T21:24:28.176644 #28466]  INFO -- : Completed 200 OK in 4ms (Views: 2.1ms | ActiveRecord: 0.3ms)
I, [2015-03-23T21:24:35.576927 #28463]  INFO -- : Started POST "/rates" for 198.178.132.252 at 2015-03-23 21:24:35 +0000
I, [2015-03-23T21:24:35.578767 #28463]  INFO -- : Processing by RatesController#create as HTML
I, [2015-03-23T21:24:35.579073 #28463]  INFO -- :   Parameters: {"utf8"=>"", "authenticity_token"=>"uEr+p0U1dyJH/0WmpwXYQuhJkBU5d/RYn7khBn4yjOo=", "rate"=>{"transferringprogram"=>"spg", "transfereeprogram"=>"china_southern", "transferratio"=>"1.0", "transfernotes"=>"For every 20,000 Starpoints transferred within the same transaction, Starwood will automatically add another 5,000 Starpoints."}, "commit"=>"Create Rate"}
I, [2015-03-23T21:24:35.589050 #28463]  INFO -- : Redirected to http://dev.tralue.com/rates/44
I, [2015-03-23T21:24:35.589436 #28463]  INFO -- : Completed 302 Found in 10ms (ActiveRecord: 4.7ms)
I, [2015-03-23T21:24:35.620639 #28466]  INFO -- : Started GET "/rates/44" for 198.178.132.252 at 2015-03-23 21:24:35 +0000
I, [2015-03-23T21:24:35.621958 #28466]  INFO -- : Processing by RatesController#show as HTML
I, [2015-03-23T21:24:35.622101 #28466]  INFO -- :   Parameters: {"id"=>"44"}
I, [2015-03-23T21:24:35.624674 #28466]  INFO -- :   Rendered rates/show.html.erb within layouts/application (0.5ms)
I, [2015-03-23T21:24:35.625623 #28466]  INFO -- : Completed 200 OK in 3ms (Views: 1.7ms | ActiveRecord: 0.2ms)
I, [2015-03-23T21:24:44.285901 #28463]  INFO -- : Started POST "/rates" for 198.178.132.252 at 2015-03-23 21:24:44 +0000
I, [2015-03-23T21:24:44.287710 #28463]  INFO -- : Processing by RatesController#create as HTML
I, [2015-03-23T21:24:44.288045 #28463]  INFO -- :   Parameters: {"utf8"=>"", "authenticity_token"=>"uEr+p0U1dyJH/0WmpwXYQuhJkBU5d/RYn7khBn4yjOo=", "rate"=>{"transferringprogram"=>"spg", "transfereeprogram"=>"delta", "transferratio"=>"1.0", "transfernotes"=>"For every 20,000 Starpoints transferred within the same transaction, Starwood will automatically add another 5,000 Starpoints."}, "commit"=>"Create Rate"}
I, [2015-03-23T21:24:44.296076 #28463]  INFO -- : Redirected to http://dev.tralue.com/rates/45
I, [2015-03-23T21:24:44.296471 #28463]  INFO -- : Completed 302 Found in 8ms (ActiveRecord: 3.3ms)
I, [2015-03-23T21:24:44.327585 #28469]  INFO -- : Started GET "/rates/45" for 198.178.132.252 at 2015-03-23 21:24:44 +0000
I, [2015-03-23T21:24:44.328864 #28469]  INFO -- : Processing by RatesController#show as HTML
I, [2015-03-23T21:24:44.329009 #28469]  INFO -- :   Parameters: {"id"=>"45"}
I, [2015-03-23T21:24:44.331838 #28469]  INFO -- :   Rendered rates/show.html.erb within layouts/application (0.6ms)
I, [2015-03-23T21:24:44.332737 #28469]  INFO -- : Completed 200 OK in 4ms (Views: 1.7ms | ActiveRecord: 0.2ms)
I, [2015-03-23T21:24:51.047174 #28463]  INFO -- : Started POST "/rates" for 198.178.132.252 at 2015-03-23 21:24:51 +0000
I, [2015-03-23T21:24:51.048581 #28463]  INFO -- : Processing by RatesController#create as HTML
I, [2015-03-23T21:24:51.048749 #28463]  INFO -- :   Parameters: {"utf8"=>"", "authenticity_token"=>"uEr+p0U1dyJH/0WmpwXYQuhJkBU5d/RYn7khBn4yjOo=", "rate"=>{"transferringprogram"=>"spg", "transfereeprogram"=>"emirates", "transferratio"=>"1.0", "transfernotes"=>"For every 20,000 Starpoints transferred within the same transaction, Starwood will automatically add another 5,000 Starpoints."}, "commit"=>"Create Rate"}
I, [2015-03-23T21:24:51.055338 #28463]  INFO -- : Redirected to http://dev.tralue.com/rates/46
I, [2015-03-23T21:24:51.055741 #28463]  INFO -- : Completed 302 Found in 7ms (ActiveRecord: 3.5ms)
I, [2015-03-23T21:24:51.086585 #28471]  INFO -- : Started GET "/rates/46" for 198.178.132.252 at 2015-03-23 21:24:51 +0000
I, [2015-03-23T21:24:51.088015 #28471]  INFO -- : Processing by RatesController#show as HTML
I, [2015-03-23T21:24:51.088163 #28471]  INFO -- :   Parameters: {"id"=>"46"}
I, [2015-03-23T21:24:51.090718 #28471]  INFO -- :   Rendered rates/show.html.erb within layouts/application (0.5ms)
I, [2015-03-23T21:24:51.091744 #28471]  INFO -- : Completed 200 OK in 3ms (Views: 1.8ms | ActiveRecord: 0.3ms)
I, [2015-03-23T21:26:02.100957 #28469]  INFO -- : Started POST "/rates" for 198.178.132.252 at 2015-03-23 21:26:02 +0000
I, [2015-03-23T21:26:02.104779 #28469]  INFO -- : Processing by RatesController#create as HTML
I, [2015-03-23T21:26:02.105181 #28469]  INFO -- :   Parameters: {"utf8"=>"", "authenticity_token"=>"uEr+p0U1dyJH/0WmpwXYQuhJkBU5d/RYn7khBn4yjOo=", "rate"=>{"transferringprogram"=>"spg", "transfereeprogram"=>"flying_blue", "transferratio"=>"1.0", "transfernotes"=>"For every 20,000 Starpoints transferred within the same transaction, Starwood will automatically add another 5,000 Starpoints."}, "commit"=>"Create Rate"}
I, [2015-03-23T21:26:02.122486 #28469]  INFO -- : Redirected to http://dev.tralue.com/rates/47
I, [2015-03-23T21:26:02.123517 #28469]  INFO -- : Completed 302 Found in 18ms (ActiveRecord: 8.3ms)
I, [2015-03-23T21:26:02.157784 #28471]  INFO -- : Started GET "/rates/47" for 198.178.132.252 at 2015-03-23 21:26:02 +0000
I, [2015-03-23T21:26:02.162457 #28471]  INFO -- : Processing by RatesController#show as HTML
I, [2015-03-23T21:26:02.162750 #28471]  INFO -- :   Parameters: {"id"=>"47"}
I, [2015-03-23T21:26:02.169965 #28471]  INFO -- :   Rendered rates/show.html.erb within layouts/application (1.2ms)
I, [2015-03-23T21:26:02.171823 #28471]  INFO -- : Completed 200 OK in 9ms (Views: 4.0ms | ActiveRecord: 0.5ms)
I, [2015-03-23T21:26:16.348749 #28469]  INFO -- : Started POST "/rates" for 198.178.132.252 at 2015-03-23 21:26:16 +0000
I, [2015-03-23T21:26:16.350454 #28469]  INFO -- : Processing by RatesController#create as HTML
I, [2015-03-23T21:26:16.350628 #28469]  INFO -- :   Parameters: {"utf8"=>"", "authenticity_token"=>"uEr+p0U1dyJH/0WmpwXYQuhJkBU5d/RYn7khBn4yjOo=", "rate"=>{"transferringprogram"=>"spg", "transfereeprogram"=>"gol", "transferratio"=>"0.5", "transfernotes"=>"For every 20,000 Starpoints transferred within the same transaction, Starwood will automatically add another 5,000 Starpoints."}, "commit"=>"Create Rate"}
I, [2015-03-23T21:26:16.358530 #28469]  INFO -- : Redirected to http://dev.tralue.com/rates/48
I, [2015-03-23T21:26:16.358910 #28469]  INFO -- : Completed 302 Found in 8ms (ActiveRecord: 3.7ms)
I, [2015-03-23T21:26:16.391655 #28466]  INFO -- : Started GET "/rates/48" for 198.178.132.252 at 2015-03-23 21:26:16 +0000
I, [2015-03-23T21:26:16.396057 #28466]  INFO -- : Processing by RatesController#show as HTML
I, [2015-03-23T21:26:16.396279 #28466]  INFO -- :   Parameters: {"id"=>"48"}
I, [2015-03-23T21:26:16.402945 #28466]  INFO -- :   Rendered rates/show.html.erb within layouts/application (1.0ms)
I, [2015-03-23T21:26:16.404487 #28466]  INFO -- : Completed 200 OK in 8ms (Views: 3.3ms | ActiveRecord: 0.4ms)
I, [2015-03-23T21:26:33.153784 #28469]  INFO -- : Started POST "/rates" for 198.178.132.252 at 2015-03-23 21:26:33 +0000
I, [2015-03-23T21:26:33.155250 #28469]  INFO -- : Processing by RatesController#create as HTML
I, [2015-03-23T21:26:33.155444 #28469]  INFO -- :   Parameters: {"utf8"=>"", "authenticity_token"=>"uEr+p0U1dyJH/0WmpwXYQuhJkBU5d/RYn7khBn4yjOo=", "rate"=>{"transferringprogram"=>"spg", "transfereeprogram"=>"hainan", "transferratio"=>"1.0", "transfernotes"=>"For every 20,000 Starpoints transferred within the same transaction, Starwood will automatically add another 5,000 Starpoints."}, "commit"=>"Create Rate"}
I, [2015-03-23T21:26:33.163249 #28469]  INFO -- : Redirected to http://dev.tralue.com/rates/49
I, [2015-03-23T21:26:33.163844 #28469]  INFO -- : Completed 302 Found in 8ms (ActiveRecord: 3.9ms)
I, [2015-03-23T21:26:33.194710 #28471]  INFO -- : Started GET "/rates/49" for 198.178.132.252 at 2015-03-23 21:26:33 +0000
I, [2015-03-23T21:26:33.196594 #28471]  INFO -- : Processing by RatesController#show as HTML
I, [2015-03-23T21:26:33.196959 #28471]  INFO -- :   Parameters: {"id"=>"49"}
I, [2015-03-23T21:26:33.200630 #28471]  INFO -- :   Rendered rates/show.html.erb within layouts/application (0.8ms)
I, [2015-03-23T21:26:33.205534 #28471]  INFO -- : Completed 200 OK in 8ms (Views: 6.0ms | ActiveRecord: 0.3ms)
I, [2015-03-23T21:26:38.179214 #28469]  INFO -- : Started POST "/rates" for 198.178.132.252 at 2015-03-23 21:26:38 +0000
I, [2015-03-23T21:26:38.181199 #28469]  INFO -- : Processing by RatesController#create as HTML
I, [2015-03-23T21:26:38.181424 #28469]  INFO -- :   Parameters: {"utf8"=>"", "authenticity_token"=>"uEr+p0U1dyJH/0WmpwXYQuhJkBU5d/RYn7khBn4yjOo=", "rate"=>{"transferringprogram"=>"spg", "transfereeprogram"=>"hawaiian", "transferratio"=>"1.0", "transfernotes"=>"For every 20,000 Starpoints transferred within the same transaction, Starwood will automatically add another 5,000 Starpoints."}, "commit"=>"Create Rate"}
I, [2015-03-23T21:26:38.187662 #28469]  INFO -- : Redirected to http://dev.tralue.com/rates/50
I, [2015-03-23T21:26:38.187984 #28469]  INFO -- : Completed 302 Found in 6ms (ActiveRecord: 2.9ms)
I, [2015-03-23T21:26:38.219103 #28471]  INFO -- : Started GET "/rates/50" for 198.178.132.252 at 2015-03-23 21:26:38 +0000
I, [2015-03-23T21:26:38.221068 #28471]  INFO -- : Processing by RatesController#show as HTML
I, [2015-03-23T21:26:38.221326 #28471]  INFO -- :   Parameters: {"id"=>"50"}
I, [2015-03-23T21:26:38.225176 #28471]  INFO -- :   Rendered rates/show.html.erb within layouts/application (0.8ms)
I, [2015-03-23T21:26:38.226147 #28471]  INFO -- : Completed 200 OK in 5ms (Views: 2.2ms | ActiveRecord: 0.3ms)
I, [2015-03-23T21:26:42.965736 #28469]  INFO -- : Started POST "/rates" for 198.178.132.252 at 2015-03-23 21:26:42 +0000
I, [2015-03-23T21:26:42.967108 #28469]  INFO -- : Processing by RatesController#create as HTML
I, [2015-03-23T21:26:42.967327 #28469]  INFO -- :   Parameters: {"utf8"=>"", "authenticity_token"=>"uEr+p0U1dyJH/0WmpwXYQuhJkBU5d/RYn7khBn4yjOo=", "rate"=>{"transferringprogram"=>"spg", "transfereeprogram"=>"jal", "transferratio"=>"1.0", "transfernotes"=>"For every 20,000 Starpoints transferred within the same transaction, Starwood will automatically add another 5,000 Starpoints."}, "commit"=>"Create Rate"}
I, [2015-03-23T21:26:42.977387 #28469]  INFO -- : Redirected to http://dev.tralue.com/rates/51
I, [2015-03-23T21:26:42.977925 #28469]  INFO -- : Completed 302 Found in 10ms (ActiveRecord: 5.9ms)
I, [2015-03-23T21:26:43.009704 #28471]  INFO -- : Started GET "/rates/51" for 198.178.132.252 at 2015-03-23 21:26:43 +0000
I, [2015-03-23T21:26:43.011514 #28471]  INFO -- : Processing by RatesController#show as HTML
I, [2015-03-23T21:26:43.011722 #28471]  INFO -- :   Parameters: {"id"=>"51"}
I, [2015-03-23T21:26:43.014345 #28471]  INFO -- :   Rendered rates/show.html.erb within layouts/application (0.5ms)
I, [2015-03-23T21:26:43.015398 #28471]  INFO -- : Completed 200 OK in 3ms (Views: 1.8ms | ActiveRecord: 0.2ms)
I, [2015-03-23T21:26:55.665515 #28469]  INFO -- : Started POST "/rates" for 198.178.132.252 at 2015-03-23 21:26:55 +0000
I, [2015-03-23T21:26:55.667710 #28469]  INFO -- : Processing by RatesController#create as HTML
I, [2015-03-23T21:26:55.667992 #28469]  INFO -- :   Parameters: {"utf8"=>"", "authenticity_token"=>"uEr+p0U1dyJH/0WmpwXYQuhJkBU5d/RYn7khBn4yjOo=", "rate"=>{"transferringprogram"=>"spg", "transfereeprogram"=>"lan", "transferratio"=>"1.5", "transfernotes"=>"For every 20,000 Starpoints transferred within the same transaction, Starwood will automatically add another 5,000 Starpoints."}, "commit"=>"Create Rate"}
I, [2015-03-23T21:26:55.677528 #28469]  INFO -- : Redirected to http://dev.tralue.com/rates/52
I, [2015-03-23T21:26:55.678060 #28469]  INFO -- : Completed 302 Found in 10ms (ActiveRecord: 4.0ms)
I, [2015-03-23T21:26:55.711517 #28463]  INFO -- : Started GET "/rates/52" for 198.178.132.252 at 2015-03-23 21:26:55 +0000
I, [2015-03-23T21:26:55.715808 #28463]  INFO -- : Processing by RatesController#show as HTML
I, [2015-03-23T21:26:55.716087 #28463]  INFO -- :   Parameters: {"id"=>"52"}
I, [2015-03-23T21:26:55.724487 #28463]  INFO -- :   Rendered rates/show.html.erb within layouts/application (1.5ms)
I, [2015-03-23T21:26:55.726453 #28463]  INFO -- : Completed 200 OK in 10ms (Views: 4.5ms | ActiveRecord: 0.5ms)
I, [2015-03-23T21:27:47.151385 #28469]  INFO -- : Started POST "/rates" for 198.178.132.252 at 2015-03-23 21:27:47 +0000
I, [2015-03-23T21:27:47.152819 #28469]  INFO -- : Processing by RatesController#create as HTML
I, [2015-03-23T21:27:47.153017 #28469]  INFO -- :   Parameters: {"utf8"=>"", "authenticity_token"=>"uEr+p0U1dyJH/0WmpwXYQuhJkBU5d/RYn7khBn4yjOo=", "rate"=>{"transferringprogram"=>"spg", "transfereeprogram"=>"miles_and_more", "transferratio"=>"1.0", "transfernotes"=>"For every 20,000 Starpoints transferred within the same transaction, Starwood will automatically add another 5,000 Starpoints."}, "commit"=>"Create Rate"}
I, [2015-03-23T21:27:47.162238 #28469]  INFO -- : Redirected to http://dev.tralue.com/rates/53
I, [2015-03-23T21:27:47.162677 #28469]  INFO -- : Completed 302 Found in 9ms (ActiveRecord: 5.4ms)
I, [2015-03-23T21:27:47.194008 #28466]  INFO -- : Started GET "/rates/53" for 198.178.132.252 at 2015-03-23 21:27:47 +0000
I, [2015-03-23T21:27:47.195722 #28466]  INFO -- : Processing by RatesController#show as HTML
I, [2015-03-23T21:27:47.195889 #28466]  INFO -- :   Parameters: {"id"=>"53"}
I, [2015-03-23T21:27:47.199478 #28466]  INFO -- :   Rendered rates/show.html.erb within layouts/application (0.6ms)
I, [2015-03-23T21:27:47.200603 #28466]  INFO -- : Completed 200 OK in 4ms (Views: 2.3ms | ActiveRecord: 0.3ms)
I, [2015-03-23T21:27:59.024741 #28469]  INFO -- : Started POST "/rates" for 198.178.132.252 at 2015-03-23 21:27:59 +0000
I, [2015-03-23T21:27:59.026237 #28469]  INFO -- : Processing by RatesController#create as HTML
I, [2015-03-23T21:27:59.026408 #28469]  INFO -- :   Parameters: {"utf8"=>"", "authenticity_token"=>"uEr+p0U1dyJH/0WmpwXYQuhJkBU5d/RYn7khBn4yjOo=", "rate"=>{"transferringprogram"=>"spg", "transfereeprogram"=>"qatar", "transferratio"=>"1.0", "transfernotes"=>"For every 20,000 Starpoints transferred within the same transaction, Starwood will automatically add another 5,000 Starpoints."}, "commit"=>"Create Rate"}
I, [2015-03-23T21:27:59.041385 #28469]  INFO -- : Redirected to http://dev.tralue.com/rates/54
I, [2015-03-23T21:27:59.042135 #28469]  INFO -- : Completed 302 Found in 15ms (ActiveRecord: 8.8ms)
I, [2015-03-23T21:27:59.075835 #28463]  INFO -- : Started GET "/rates/54" for 198.178.132.252 at 2015-03-23 21:27:59 +0000
I, [2015-03-23T21:27:59.079087 #28463]  INFO -- : Processing by RatesController#show as HTML
I, [2015-03-23T21:27:59.079277 #28463]  INFO -- :   Parameters: {"id"=>"54"}
I, [2015-03-23T21:27:59.085032 #28463]  INFO -- :   Rendered rates/show.html.erb within layouts/application (1.1ms)
I, [2015-03-23T21:27:59.086468 #28463]  INFO -- : Completed 200 OK in 7ms (Views: 3.4ms | ActiveRecord: 0.4ms)
I, [2015-03-23T21:28:22.024853 #28469]  INFO -- : Started POST "/rates" for 198.178.132.252 at 2015-03-23 21:28:22 +0000
I, [2015-03-23T21:28:22.027001 #28469]  INFO -- : Processing by RatesController#create as HTML
I, [2015-03-23T21:28:22.027330 #28469]  INFO -- :   Parameters: {"utf8"=>"", "authenticity_token"=>"uEr+p0U1dyJH/0WmpwXYQuhJkBU5d/RYn7khBn4yjOo=", "rate"=>{"transferringprogram"=>"spg", "transfereeprogram"=>"saudi_arabian", "transferratio"=>"1.0", "transfernotes"=>"For every 20,000 Starpoints transferred within the same transaction, Starwood will automatically add another 5,000 Starpoints."}, "commit"=>"Create Rate"}
I, [2015-03-23T21:28:22.036253 #28469]  INFO -- : Redirected to http://dev.tralue.com/rates/55
I, [2015-03-23T21:28:22.036654 #28469]  INFO -- : Completed 302 Found in 9ms (ActiveRecord: 3.7ms)
I, [2015-03-23T21:28:22.068497 #28466]  INFO -- : Started GET "/rates/55" for 198.178.132.252 at 2015-03-23 21:28:22 +0000
I, [2015-03-23T21:28:22.071985 #28466]  INFO -- : Processing by RatesController#show as HTML
I, [2015-03-23T21:28:22.072153 #28466]  INFO -- :   Parameters: {"id"=>"55"}
I, [2015-03-23T21:28:22.077593 #28466]  INFO -- :   Rendered rates/show.html.erb within layouts/application (0.9ms)
I, [2015-03-23T21:28:22.078908 #28466]  INFO -- : Completed 200 OK in 6ms (Views: 2.9ms | ActiveRecord: 0.4ms)
I, [2015-03-23T21:28:36.404077 #28469]  INFO -- : Started POST "/rates" for 198.178.132.252 at 2015-03-23 21:28:36 +0000
I, [2015-03-23T21:28:36.407437 #28469]  INFO -- : Processing by RatesController#create as HTML
I, [2015-03-23T21:28:36.408324 #28469]  INFO -- :   Parameters: {"utf8"=>"", "authenticity_token"=>"uEr+p0U1dyJH/0WmpwXYQuhJkBU5d/RYn7khBn4yjOo=", "rate"=>{"transferringprogram"=>"spg", "transfereeprogram"=>"singapore", "transferratio"=>"1.0", "transfernotes"=>"For every 20,000 Starpoints transferred within the same transaction, Starwood will automatically add another 5,000 Starpoints."}, "commit"=>"Create Rate"}
I, [2015-03-23T21:28:36.425281 #28469]  INFO -- : Redirected to http://dev.tralue.com/rates/56
I, [2015-03-23T21:28:36.426248 #28469]  INFO -- : Completed 302 Found in 17ms (ActiveRecord: 6.7ms)
I, [2015-03-23T21:28:36.461343 #28463]  INFO -- : Started GET "/rates/56" for 198.178.132.252 at 2015-03-23 21:28:36 +0000
I, [2015-03-23T21:28:36.463578 #28463]  INFO -- : Processing by RatesController#show as HTML
I, [2015-03-23T21:28:36.463846 #28463]  INFO -- :   Parameters: {"id"=>"56"}
I, [2015-03-23T21:28:36.468772 #28463]  INFO -- :   Rendered rates/show.html.erb within layouts/application (1.4ms)
I, [2015-03-23T21:28:36.471951 #28463]  INFO -- : Completed 200 OK in 8ms (Views: 4.7ms | ActiveRecord: 0.4ms)
I, [2015-03-23T21:28:40.399713 #28469]  INFO -- : Started POST "/rates" for 198.178.132.252 at 2015-03-23 21:28:40 +0000
I, [2015-03-23T21:28:40.401586 #28469]  INFO -- : Processing by RatesController#create as HTML
I, [2015-03-23T21:28:40.401787 #28469]  INFO -- :   Parameters: {"utf8"=>"", "authenticity_token"=>"uEr+p0U1dyJH/0WmpwXYQuhJkBU5d/RYn7khBn4yjOo=", "rate"=>{"transferringprogram"=>"spg", "transfereeprogram"=>"thai", "transferratio"=>"1.0", "transfernotes"=>"For every 20,000 Starpoints transferred within the same transaction, Starwood will automatically add another 5,000 Starpoints."}, "commit"=>"Create Rate"}
I, [2015-03-23T21:28:40.409744 #28469]  INFO -- : Redirected to http://dev.tralue.com/rates/57
I, [2015-03-23T21:28:40.410192 #28469]  INFO -- : Completed 302 Found in 8ms (ActiveRecord: 3.6ms)
I, [2015-03-23T21:28:40.444227 #28463]  INFO -- : Started GET "/rates/57" for 198.178.132.252 at 2015-03-23 21:28:40 +0000
I, [2015-03-23T21:28:40.445822 #28463]  INFO -- : Processing by RatesController#show as HTML
I, [2015-03-23T21:28:40.446043 #28463]  INFO -- :   Parameters: {"id"=>"57"}
I, [2015-03-23T21:28:40.449691 #28463]  INFO -- :   Rendered rates/show.html.erb within layouts/application (0.5ms)
I, [2015-03-23T21:28:40.450587 #28463]  INFO -- : Completed 200 OK in 4ms (Views: 1.9ms | ActiveRecord: 0.3ms)
I, [2015-03-23T21:28:55.185837 #28469]  INFO -- : Started POST "/rates" for 198.178.132.252 at 2015-03-23 21:28:55 +0000
I, [2015-03-23T21:28:55.187202 #28469]  INFO -- : Processing by RatesController#create as HTML
I, [2015-03-23T21:28:55.187388 #28469]  INFO -- :   Parameters: {"utf8"=>"", "authenticity_token"=>"uEr+p0U1dyJH/0WmpwXYQuhJkBU5d/RYn7khBn4yjOo=", "rate"=>{"transferringprogram"=>"spg", "transfereeprogram"=>"united", "transferratio"=>"0.5", "transfernotes"=>"For every 20,000 Starpoints transferred within the same transaction, Starwood will automatically add another 5,000 Starpoints."}, "commit"=>"Create Rate"}
I, [2015-03-23T21:28:55.194716 #28469]  INFO -- : Redirected to http://dev.tralue.com/rates/58
I, [2015-03-23T21:28:55.195097 #28469]  INFO -- : Completed 302 Found in 7ms (ActiveRecord: 3.6ms)
I, [2015-03-23T21:28:55.227144 #28466]  INFO -- : Started GET "/rates/58" for 198.178.132.252 at 2015-03-23 21:28:55 +0000
I, [2015-03-23T21:28:55.228475 #28466]  INFO -- : Processing by RatesController#show as HTML
I, [2015-03-23T21:28:55.228625 #28466]  INFO -- :   Parameters: {"id"=>"58"}
I, [2015-03-23T21:28:55.231121 #28466]  INFO -- :   Rendered rates/show.html.erb within layouts/application (0.5ms)
I, [2015-03-23T21:28:55.232096 #28466]  INFO -- : Completed 200 OK in 3ms (Views: 1.7ms | ActiveRecord: 0.2ms)
I, [2015-03-23T21:29:07.593835 #28469]  INFO -- : Started POST "/rates" for 198.178.132.252 at 2015-03-23 21:29:07 +0000
I, [2015-03-23T21:29:07.595211 #28469]  INFO -- : Processing by RatesController#create as HTML
I, [2015-03-23T21:29:07.595486 #28469]  INFO -- :   Parameters: {"utf8"=>"", "authenticity_token"=>"uEr+p0U1dyJH/0WmpwXYQuhJkBU5d/RYn7khBn4yjOo=", "rate"=>{"transferringprogram"=>"spg", "transfereeprogram"=>"virgin_atlantic", "transferratio"=>"1.0", "transfernotes"=>"For every 20,000 Starpoints transferred within the same transaction, Starwood will automatically add another 5,000 Starpoints."}, "commit"=>"Create Rate"}
I, [2015-03-23T21:29:07.607409 #28469]  INFO -- : Redirected to http://dev.tralue.com/rates/59
I, [2015-03-23T21:29:07.608288 #28469]  INFO -- : Completed 302 Found in 13ms (ActiveRecord: 7.6ms)
I, [2015-03-23T21:29:07.640660 #28466]  INFO -- : Started GET "/rates/59" for 198.178.132.252 at 2015-03-23 21:29:07 +0000
I, [2015-03-23T21:29:07.642515 #28466]  INFO -- : Processing by RatesController#show as HTML
I, [2015-03-23T21:29:07.642696 #28466]  INFO -- :   Parameters: {"id"=>"59"}
I, [2015-03-23T21:29:07.645977 #28466]  INFO -- :   Rendered rates/show.html.erb within layouts/application (0.6ms)
I, [2015-03-23T21:29:07.647063 #28466]  INFO -- : Completed 200 OK in 4ms (Views: 1.9ms | ActiveRecord: 0.4ms)
I, [2015-03-23T21:29:15.642948 #28469]  INFO -- : Started POST "/rates" for 198.178.132.252 at 2015-03-23 21:29:15 +0000
I, [2015-03-23T21:29:15.645189 #28469]  INFO -- : Processing by RatesController#create as HTML
I, [2015-03-23T21:29:15.645550 #28469]  INFO -- :   Parameters: {"utf8"=>"", "authenticity_token"=>"uEr+p0U1dyJH/0WmpwXYQuhJkBU5d/RYn7khBn4yjOo=", "rate"=>{"transferringprogram"=>"spg", "transfereeprogram"=>"virgin_australia", "transferratio"=>"1.0", "transfernotes"=>"For every 20,000 Starpoints transferred within the same transaction, Starwood will automatically add another 5,000 Starpoints."}, "commit"=>"Create Rate"}
I, [2015-03-23T21:29:15.661038 #28469]  INFO -- : Redirected to http://dev.tralue.com/rates/60
I, [2015-03-23T21:29:15.661952 #28469]  INFO -- : Completed 302 Found in 16ms (ActiveRecord: 8.8ms)
I, [2015-03-23T21:29:15.695856 #28471]  INFO -- : Started GET "/rates/60" for 198.178.132.252 at 2015-03-23 21:29:15 +0000
I, [2015-03-23T21:29:15.700092 #28471]  INFO -- : Processing by RatesController#show as HTML
I, [2015-03-23T21:29:15.700287 #28471]  INFO -- :   Parameters: {"id"=>"60"}
I, [2015-03-23T21:29:15.707388 #28471]  INFO -- :   Rendered rates/show.html.erb within layouts/application (1.1ms)
I, [2015-03-23T21:29:15.709194 #28471]  INFO -- : Completed 200 OK in 9ms (Views: 4.0ms | ActiveRecord: 0.5ms)
I, [2015-03-23T21:29:50.999850 #28469]  INFO -- : Started GET "/rates" for 198.178.132.252 at 2015-03-23 21:29:50 +0000
I, [2015-03-23T21:29:51.001977 #28469]  INFO -- : Processing by RatesController#index as HTML
I, [2015-03-23T21:29:51.063821 #28469]  INFO -- :   Rendered rates/index.html.erb within layouts/application (59.3ms)
I, [2015-03-23T21:29:51.065262 #28469]  INFO -- : Completed 200 OK in 63ms (Views: 60.6ms | ActiveRecord: 1.4ms)
I, [2015-03-23T21:30:07.256057 #28471]  INFO -- : Started GET "/trips" for 198.178.132.252 at 2015-03-23 21:30:07 +0000
I, [2015-03-23T21:30:07.257473 #28471]  INFO -- : Processing by TripsController#index as HTML
I, [2015-03-23T21:30:07.262462 #28471]  INFO -- :   Rendered trips/index.html.erb within layouts/application (3.3ms)
I, [2015-03-23T21:30:07.263591 #28471]  INFO -- : Completed 200 OK in 6ms (Views: 3.9ms | ActiveRecord: 1.0ms)
I, [2015-03-23T21:30:09.627724 #28469]  INFO -- : Started GET "/results/1" for 198.178.132.252 at 2015-03-23 21:30:09 +0000
I, [2015-03-23T21:30:09.631921 #28469]  INFO -- : Processing by ResultsController#show as HTML
I, [2015-03-23T21:30:09.632301 #28469]  INFO -- :   Parameters: {"id"=>"1"}
I, [2015-03-23T21:30:09.749351 #28469]  INFO -- :   Rendered results/show.html.erb within layouts/application (39.5ms)
I, [2015-03-23T21:30:09.752610 #28469]  INFO -- : Completed 200 OK in 120ms (Views: 49.6ms | ActiveRecord: 3.9ms)
I, [2015-03-23T21:45:34.927416 #28466]  INFO -- : Started GET "/" for 198.178.132.246 at 2015-03-23 21:45:34 +0000
I, [2015-03-23T21:45:34.936313 #28466]  INFO -- : Processing by WelcomeController#index as HTML
I, [2015-03-23T21:45:34.942391 #28466]  INFO -- :   Rendered welcome/index.html.erb within layouts/application (2.9ms)
I, [2015-03-23T21:45:34.945084 #28466]  INFO -- : Completed 200 OK in 8ms (Views: 7.1ms | ActiveRecord: 0.0ms)
I, [2015-03-23T21:45:38.735611 #28463]  INFO -- : Started GET "/trips" for 198.178.132.246 at 2015-03-23 21:45:38 +0000
I, [2015-03-23T21:45:38.741991 #28463]  INFO -- : Processing by TripsController#index as HTML
I, [2015-03-23T21:45:38.755576 #28463]  INFO -- :   Rendered trips/index.html.erb within layouts/application (8.5ms)
I, [2015-03-23T21:45:38.757102 #28463]  INFO -- : Completed 200 OK in 15ms (Views: 11.6ms | ActiveRecord: 1.0ms)
I, [2015-03-23T21:45:40.683138 #28471]  INFO -- : Started GET "/results/1" for 198.178.132.246 at 2015-03-23 21:45:40 +0000
I, [2015-03-23T21:45:40.694357 #28471]  INFO -- : Processing by ResultsController#show as HTML
I, [2015-03-23T21:45:40.694728 #28471]  INFO -- :   Parameters: {"id"=>"1"}
I, [2015-03-23T21:45:40.768389 #28471]  INFO -- :   Rendered results/show.html.erb within layouts/application (32.3ms)
I, [2015-03-23T21:45:40.769562 #28471]  INFO -- : Completed 200 OK in 75ms (Views: 36.1ms | ActiveRecord: 3.5ms)
I, [2015-03-23T22:26:33.065785 #28471]  INFO -- : Started GET "/" for 71.6.167.142 at 2015-03-23 22:26:33 +0000
I, [2015-03-23T22:26:33.082614 #28471]  INFO -- : Processing by WelcomeController#index as HTML
I, [2015-03-23T22:26:33.118113 #28471]  INFO -- :   Rendered welcome/index.html.erb within layouts/application (11.8ms)
I, [2015-03-23T22:26:33.126873 #28471]  INFO -- : Completed 200 OK in 44ms (Views: 37.3ms | ActiveRecord: 0.0ms)
I, [2015-03-23T22:37:53.584829 #28466]  INFO -- : Started HEAD "/" for 54.173.156.105 at 2015-03-23 22:37:53 +0000
I, [2015-03-23T22:37:53.588653 #28466]  INFO -- : Processing by WelcomeController#index as HTML
I, [2015-03-23T22:37:53.592603 #28466]  INFO -- :   Rendered welcome/index.html.erb within layouts/application (1.8ms)
I, [2015-03-23T22:37:53.594311 #28466]  INFO -- : Completed 200 OK in 5ms (Views: 4.7ms | ActiveRecord: 0.0ms)
I, [2015-03-24T00:39:25.944957 #28471]  INFO -- : Started GET "/" for 98.223.90.74 at 2015-03-24 00:39:25 +0000
I, [2015-03-24T00:39:25.952431 #28471]  INFO -- : Processing by WelcomeController#index as HTML
I, [2015-03-24T00:39:25.957622 #28471]  INFO -- :   Rendered welcome/index.html.erb within layouts/application (2.5ms)
I, [2015-03-24T00:39:25.959432 #28471]  INFO -- : Completed 200 OK in 7ms (Views: 5.7ms | ActiveRecord: 0.0ms)
I, [2015-03-24T00:39:29.927406 #28469]  INFO -- : Started GET "/trips" for 98.223.90.74 at 2015-03-24 00:39:29 +0000
I, [2015-03-24T00:39:29.934161 #28469]  INFO -- : Processing by TripsController#index as HTML
I, [2015-03-24T00:39:29.946321 #28469]  INFO -- :   Rendered trips/index.html.erb within layouts/application (6.4ms)
I, [2015-03-24T00:39:29.947948 #28469]  INFO -- : Completed 200 OK in 14ms (Views: 8.4ms | ActiveRecord: 1.4ms)
I, [2015-03-24T00:39:37.338277 #28466]  INFO -- : Started GET "/results/1" for 98.223.90.74 at 2015-03-24 00:39:37 +0000
I, [2015-03-24T00:39:37.344408 #28466]  INFO -- : Processing by ResultsController#show as HTML
I, [2015-03-24T00:39:37.344519 #28466]  INFO -- :   Parameters: {"id"=>"1"}
I, [2015-03-24T00:39:37.379437 #28466]  INFO -- :   Rendered results/show.html.erb within layouts/application (17.8ms)
I, [2015-03-24T00:39:37.380910 #28466]  INFO -- : Completed 200 OK in 36ms (Views: 20.1ms | ActiveRecord: 2.7ms)
I, [2015-03-24T00:59:15.117237 #4292]  INFO -- : Started GET "/results/1" for 98.223.90.74 at 2015-03-24 00:59:15 +0000
I, [2015-03-24T00:59:15.144333 #4292]  INFO -- : Processing by ResultsController#show as HTML
I, [2015-03-24T00:59:15.144500 #4292]  INFO -- :   Parameters: {"id"=>"1"}
I, [2015-03-24T00:59:15.233405 #4292]  INFO -- :   Rendered results/show.html.erb within layouts/application (1.5ms)
I, [2015-03-24T00:59:15.233632 #4292]  INFO -- : Completed 500 Internal Server Error in 89ms
F, [2015-03-24T00:59:15.237852 #4292] FATAL -- : 
ActionView::Template::Error (/home/rails/app/views/results/show.html.erb:39: syntax error, unexpected ')', expecting keyword_then or ';' or '\n'
...t_year? ? a[0].annual_fee : 0 ) - a[5]) * a[3] / 100) );@out...
...                               ^
/home/rails/app/views/results/show.html.erb:42: syntax error, unexpected keyword_end, expecting ')'
';     end 
          ^
/home/rails/app/views/results/show.html.erb:49: syntax error, unexpected keyword_ensure, expecting ')'
/home/rails/app/views/results/show.html.erb:51: syntax error, unexpected keyword_end, expecting ')'):
    36:             <td><%= a[0].annual_fee %></td>
    37:             <td><%= a[0].fee_waived_first_year.to_s %></td>
    38:             <td><%= link_to 'Application', a[0].url %></td>
    39:             <td><%= sprintf("%.0f", (@result.costinusd - (if a[0].fee_waived_first_year? ? a[0].annual_fee : 0 ) - a[5]) * a[3] / 100) %></td>
    40:             <td><%= sprintf("%.1f", (@result.costinusd - a[0].annual_fee - a[5]) * a[3] / 100 / (a[0].first_purchase_bonus + a[0].spend_bonus + a[0].spend_requirement) * a[1].transferratio * 100) %></td>
    41:         </tr>
    42:     <% end %>
  actionpack (4.0.2) lib/action_view/template.rb:299:in `module_eval'
  actionpack (4.0.2) lib/action_view/template.rb:299:in `compile'
  actionpack (4.0.2) lib/action_view/template.rb:248:in `block in compile!'
  actionpack (4.0.2) lib/action_view/template.rb:236:in `synchronize'
  actionpack (4.0.2) lib/action_view/template.rb:236:in `compile!'
  actionpack (4.0.2) lib/action_view/template.rb:142:in `block in render'
  activesupport (4.0.2) lib/active_support/notifications.rb:161:in `instrument'
  actionpack (4.0.2) lib/action_view/template.rb:141:in `render'
  actionpack (4.0.2) lib/action_view/renderer/template_renderer.rb:49:in `block (2 levels) in render_template'
  actionpack (4.0.2) lib/action_view/renderer/abstract_renderer.rb:38:in `block in instrument'
  activesupport (4.0.2) lib/active_support/notifications.rb:159:in `block in instrument'
  activesupport (4.0.2) lib/active_support/notifications/instrumenter.rb:20:in `instrument'
  activesupport (4.0.2) lib/active_support/notifications.rb:159:in `instrument'
  actionpack (4.0.2) lib/action_view/renderer/abstract_renderer.rb:38:in `instrument'
  actionpack (4.0.2) lib/action_view/renderer/template_renderer.rb:48:in `block in render_template'
  actionpack (4.0.2) lib/action_view/renderer/template_renderer.rb:56:in `render_with_layout'
  actionpack (4.0.2) lib/action_view/renderer/template_renderer.rb:47:in `render_template'
  actionpack (4.0.2) lib/action_view/renderer/template_renderer.rb:17:in `render'
  actionpack (4.0.2) lib/action_view/renderer/renderer.rb:42:in `render_template'
  actionpack (4.0.2) lib/action_view/renderer/renderer.rb:23:in `render'
  actionpack (4.0.2) lib/abstract_controller/rendering.rb:127:in `_render_template'
  actionpack (4.0.2) lib/action_controller/metal/streaming.rb:219:in `_render_template'
  actionpack (4.0.2) lib/abstract_controller/rendering.rb:120:in `render_to_body'
  actionpack (4.0.2) lib/action_controller/metal/rendering.rb:33:in `render_to_body'
  actionpack (4.0.2) lib/action_controller/metal/renderers.rb:26:in `render_to_body'
  actionpack (4.0.2) lib/abstract_controller/rendering.rb:97:in `render'
  actionpack (4.0.2) lib/action_controller/metal/rendering.rb:16:in `render'
  actionpack (4.0.2) lib/action_controller/metal/instrumentation.rb:41:in `block (2 levels) in render'
  activesupport (4.0.2) lib/active_support/core_ext/benchmark.rb:12:in `block in ms'
  /usr/local/rvm/rubies/ruby-2.1.3/lib/ruby/2.1.0/benchmark.rb:294:in `realtime'
  activesupport (4.0.2) lib/active_support/core_ext/benchmark.rb:12:in `ms'
  actionpack (4.0.2) lib/action_controller/metal/instrumentation.rb:41:in `block in render'
  actionpack (4.0.2) lib/action_controller/metal/instrumentation.rb:84:in `cleanup_view_runtime'
  activerecord (4.0.2) lib/active_record/railties/controller_runtime.rb:25:in `cleanup_view_runtime'
  actionpack (4.0.2) lib/action_controller/metal/instrumentation.rb:40:in `render'
  actionpack (4.0.2) lib/action_controller/metal/implicit_render.rb:10:in `default_render'
  actionpack (4.0.2) lib/action_controller/metal/implicit_render.rb:5:in `send_action'
  actionpack (4.0.2) lib/abstract_controller/base.rb:189:in `process_action'
  actionpack (4.0.2) lib/action_controller/metal/rendering.rb:10:in `process_action'
  actionpack (4.0.2) lib/abstract_controller/callbacks.rb:18:in `block in process_action'
  activesupport (4.0.2) lib/active_support/callbacks.rb:413:in `_run__882094037080079952__process_action__callbacks'
  activesupport (4.0.2) lib/active_support/callbacks.rb:80:in `run_callbacks'
  actionpack (4.0.2) lib/abstract_controller/callbacks.rb:17:in `process_action'
  actionpack (4.0.2) lib/action_controller/metal/rescue.rb:29:in `process_action'
  actionpack (4.0.2) lib/action_controller/metal/instrumentation.rb:31:in `block in process_action'
  activesupport (4.0.2) lib/active_support/notifications.rb:159:in `block in instrument'
  activesupport (4.0.2) lib/active_support/notifications/instrumenter.rb:20:in `instrument'
  activesupport (4.0.2) lib/active_support/notifications.rb:159:in `instrument'
  actionpack (4.0.2) lib/action_controller/metal/instrumentation.rb:30:in `process_action'
  actionpack (4.0.2) lib/action_controller/metal/params_wrapper.rb:245:in `process_action'
  activerecord (4.0.2) lib/active_record/railties/controller_runtime.rb:18:in `process_action'
  actionpack (4.0.2) lib/abstract_controller/base.rb:136:in `process'
  actionpack (4.0.2) lib/abstract_controller/rendering.rb:44:in `process'
  actionpack (4.0.2) lib/action_controller/metal.rb:195:in `dispatch'
  actionpack (4.0.2) lib/action_controller/metal/rack_delegation.rb:13:in `dispatch'
  actionpack (4.0.2) lib/action_controller/metal.rb:231:in `block in action'
  actionpack (4.0.2) lib/action_dispatch/routing/route_set.rb:80:in `call'
  actionpack (4.0.2) lib/action_dispatch/routing/route_set.rb:80:in `dispatch'
  actionpack (4.0.2) lib/action_dispatch/routing/route_set.rb:48:in `call'
  actionpack (4.0.2) lib/action_dispatch/journey/router.rb:71:in `block in call'
  actionpack (4.0.2) lib/action_dispatch/journey/router.rb:59:in `each'
  actionpack (4.0.2) lib/action_dispatch/journey/router.rb:59:in `call'
  actionpack (4.0.2) lib/action_dispatch/routing/route_set.rb:680:in `call'
  rack (1.5.2) lib/rack/etag.rb:23:in `call'
  rack (1.5.2) lib/rack/conditionalget.rb:25:in `call'
  rack (1.5.2) lib/rack/head.rb:11:in `call'
  actionpack (4.0.2) lib/action_dispatch/middleware/params_parser.rb:27:in `call'
  actionpack (4.0.2) lib/action_dispatch/middleware/flash.rb:241:in `call'
  rack (1.5.2) lib/rack/session/abstract/id.rb:225:in `context'
  rack (1.5.2) lib/rack/session/abstract/id.rb:220:in `call'
  actionpack (4.0.2) lib/action_dispatch/middleware/cookies.rb:486:in `call'
  activerecord (4.0.2) lib/active_record/query_cache.rb:36:in `call'
  activerecord (4.0.2) lib/active_record/connection_adapters/abstract/connection_pool.rb:626:in `call'
  actionpack (4.0.2) lib/action_dispatch/middleware/callbacks.rb:29:in `block in call'
  activesupport (4.0.2) lib/active_support/callbacks.rb:373:in `_run__1667152531735558662__call__callbacks'
  activesupport (4.0.2) lib/active_support/callbacks.rb:80:in `run_callbacks'
  actionpack (4.0.2) lib/action_dispatch/middleware/callbacks.rb:27:in `call'
  actionpack (4.0.2) lib/action_dispatch/middleware/remote_ip.rb:76:in `call'
  actionpack (4.0.2) lib/action_dispatch/middleware/debug_exceptions.rb:17:in `call'
  actionpack (4.0.2) lib/action_dispatch/middleware/show_exceptions.rb:30:in `call'
  railties (4.0.2) lib/rails/rack/logger.rb:38:in `call_app'
  railties (4.0.2) lib/rails/rack/logger.rb:20:in `block in call'
  activesupport (4.0.2) lib/active_support/tagged_logging.rb:67:in `block in tagged'
  activesupport (4.0.2) lib/active_support/tagged_logging.rb:25:in `tagged'
  activesupport (4.0.2) lib/active_support/tagged_logging.rb:67:in `tagged'
  railties (4.0.2) lib/rails/rack/logger.rb:20:in `call'
  actionpack (4.0.2) lib/action_dispatch/middleware/request_id.rb:21:in `call'
  rack (1.5.2) lib/rack/methodoverride.rb:21:in `call'
  rack (1.5.2) lib/rack/runtime.rb:17:in `call'
  activesupport (4.0.2) lib/active_support/cache/strategy/local_cache.rb:83:in `call'
  rack (1.5.2) lib/rack/sendfile.rb:112:in `call'
  railties (4.0.2) lib/rails/engine.rb:511:in `call'
  railties (4.0.2) lib/rails/application.rb:97:in `call'
  unicorn (4.8.3) lib/unicorn/http_server.rb:576:in `process_client'
  unicorn (4.8.3) lib/unicorn/http_server.rb:670:in `worker_loop'
  unicorn (4.8.3) lib/unicorn/http_server.rb:525:in `spawn_missing_workers'
  unicorn (4.8.3) lib/unicorn/http_server.rb:140:in `start'
  unicorn (4.8.3) bin/unicorn:126:in `<top (required)>'
  /usr/local/rvm/gems/ruby-2.1.3/bin/unicorn:23:in `load'
  /usr/local/rvm/gems/ruby-2.1.3/bin/unicorn:23:in `<main>'
  /usr/local/rvm/gems/ruby-2.0.0-p353/bin/ruby_executable_hooks:15:in `eval'
  /usr/local/rvm/gems/ruby-2.0.0-p353/bin/ruby_executable_hooks:15:in `<main>'


I, [2015-03-24T01:01:01.200615 #4298]  INFO -- : Started GET "/results/1" for 98.223.90.74 at 2015-03-24 01:01:01 +0000
I, [2015-03-24T01:01:01.212375 #4298]  INFO -- : Processing by ResultsController#show as HTML
I, [2015-03-24T01:01:01.212706 #4298]  INFO -- :   Parameters: {"id"=>"1"}
I, [2015-03-24T01:01:01.294686 #4298]  INFO -- :   Rendered results/show.html.erb within layouts/application (1.8ms)
I, [2015-03-24T01:01:01.295106 #4298]  INFO -- : Completed 500 Internal Server Error in 82ms
F, [2015-03-24T01:01:01.298691 #4298] FATAL -- : 
ActionView::Template::Error (/home/rails/app/views/results/show.html.erb:39: syntax error, unexpected ')', expecting keyword_then or ';' or '\n'
...t_year? ? a[0].annual_fee : 0 ) - a[5]) * a[3] / 100) );@out...
...                               ^
/home/rails/app/views/results/show.html.erb:42: syntax error, unexpected keyword_end, expecting ')'
';     end 
          ^
/home/rails/app/views/results/show.html.erb:49: syntax error, unexpected keyword_ensure, expecting ')'
/home/rails/app/views/results/show.html.erb:51: syntax error, unexpected keyword_end, expecting ')'):
    36:             <td><%= a[0].annual_fee %></td>
    37:             <td><%= a[0].fee_waived_first_year.to_s %></td>
    38:             <td><%= link_to 'Application', a[0].url %></td>
    39:             <td><%= sprintf("%.0f", (@result.costinusd - (if a[0].fee_waived_first_year? ? a[0].annual_fee : 0 ) - a[5]) * a[3] / 100) %></td>
    40:             <td><%= sprintf("%.1f", (@result.costinusd - a[0].annual_fee - a[5]) * a[3] / 100 / (a[0].first_purchase_bonus + a[0].spend_bonus + a[0].spend_requirement) * a[1].transferratio * 100) %></td>
    41:         </tr>
    42:     <% end %>
  actionpack (4.0.2) lib/action_view/template.rb:299:in `module_eval'
  actionpack (4.0.2) lib/action_view/template.rb:299:in `compile'
  actionpack (4.0.2) lib/action_view/template.rb:248:in `block in compile!'
  actionpack (4.0.2) lib/action_view/template.rb:236:in `synchronize'
  actionpack (4.0.2) lib/action_view/template.rb:236:in `compile!'
  actionpack (4.0.2) lib/action_view/template.rb:142:in `block in render'
  activesupport (4.0.2) lib/active_support/notifications.rb:161:in `instrument'
  actionpack (4.0.2) lib/action_view/template.rb:141:in `render'
  actionpack (4.0.2) lib/action_view/renderer/template_renderer.rb:49:in `block (2 levels) in render_template'
  actionpack (4.0.2) lib/action_view/renderer/abstract_renderer.rb:38:in `block in instrument'
  activesupport (4.0.2) lib/active_support/notifications.rb:159:in `block in instrument'
  activesupport (4.0.2) lib/active_support/notifications/instrumenter.rb:20:in `instrument'
  activesupport (4.0.2) lib/active_support/notifications.rb:159:in `instrument'
  actionpack (4.0.2) lib/action_view/renderer/abstract_renderer.rb:38:in `instrument'
  actionpack (4.0.2) lib/action_view/renderer/template_renderer.rb:48:in `block in render_template'
  actionpack (4.0.2) lib/action_view/renderer/template_renderer.rb:56:in `render_with_layout'
  actionpack (4.0.2) lib/action_view/renderer/template_renderer.rb:47:in `render_template'
  actionpack (4.0.2) lib/action_view/renderer/template_renderer.rb:17:in `render'
  actionpack (4.0.2) lib/action_view/renderer/renderer.rb:42:in `render_template'
  actionpack (4.0.2) lib/action_view/renderer/renderer.rb:23:in `render'
  actionpack (4.0.2) lib/abstract_controller/rendering.rb:127:in `_render_template'
  actionpack (4.0.2) lib/action_controller/metal/streaming.rb:219:in `_render_template'
  actionpack (4.0.2) lib/abstract_controller/rendering.rb:120:in `render_to_body'
  actionpack (4.0.2) lib/action_controller/metal/rendering.rb:33:in `render_to_body'
  actionpack (4.0.2) lib/action_controller/metal/renderers.rb:26:in `render_to_body'
  actionpack (4.0.2) lib/abstract_controller/rendering.rb:97:in `render'
  actionpack (4.0.2) lib/action_controller/metal/rendering.rb:16:in `render'
  actionpack (4.0.2) lib/action_controller/metal/instrumentation.rb:41:in `block (2 levels) in render'
  activesupport (4.0.2) lib/active_support/core_ext/benchmark.rb:12:in `block in ms'
  /usr/local/rvm/rubies/ruby-2.1.3/lib/ruby/2.1.0/benchmark.rb:294:in `realtime'
  activesupport (4.0.2) lib/active_support/core_ext/benchmark.rb:12:in `ms'
  actionpack (4.0.2) lib/action_controller/metal/instrumentation.rb:41:in `block in render'
  actionpack (4.0.2) lib/action_controller/metal/instrumentation.rb:84:in `cleanup_view_runtime'
  activerecord (4.0.2) lib/active_record/railties/controller_runtime.rb:25:in `cleanup_view_runtime'
  actionpack (4.0.2) lib/action_controller/metal/instrumentation.rb:40:in `render'
  actionpack (4.0.2) lib/action_controller/metal/implicit_render.rb:10:in `default_render'
  actionpack (4.0.2) lib/action_controller/metal/implicit_render.rb:5:in `send_action'
  actionpack (4.0.2) lib/abstract_controller/base.rb:189:in `process_action'
  actionpack (4.0.2) lib/action_controller/metal/rendering.rb:10:in `process_action'
  actionpack (4.0.2) lib/abstract_controller/callbacks.rb:18:in `block in process_action'
  activesupport (4.0.2) lib/active_support/callbacks.rb:413:in `_run__882094037080079952__process_action__callbacks'
  activesupport (4.0.2) lib/active_support/callbacks.rb:80:in `run_callbacks'
  actionpack (4.0.2) lib/abstract_controller/callbacks.rb:17:in `process_action'
  actionpack (4.0.2) lib/action_controller/metal/rescue.rb:29:in `process_action'
