I, [2015-03-23T20:05:44.605565 #28466]  INFO -- :   Parameters: {"utf8"=>"", "authenticity_token"=>"uEr+p0U1dyJH/0WmpwXYQuhJkBU5d/RYn7khBn4yjOo=", "creditcard"=>{"name"=>"Green Card", "issuer"=>"American Express", "annual_fee"=>"95", "fee_waived_first_year"=>"true", "points_program"=>"mr", "spend_bonus"=>"0", "spend_requirement"=>"1", "time_to_reach_spend_in_months"=>"1", "first_purchase_bonus"=>"0", "second_year_spend_bonus"=>"", "second_year_spend_requirement"=>"", "second_year_time_to_reach_spend_in_months"=>"", "points_per_dollar_spent_general_spend"=>"", "foreign_transaction_fee"=>"2.7", "chip"=>"", "notes"=>"", "business"=>"false", "personal"=>"true", "image_index"=>"", "url"=>"http://bit.ly/green-personal"}, "commit"=>"Create Creditcard"}
I, [2015-03-23T20:05:44.619802 #28466]  INFO -- : Redirected to http://dev.tralue.com/creditcards/12
I, [2015-03-23T20:05:44.620380 #28466]  INFO -- : Completed 302 Found in 14ms (ActiveRecord: 5.0ms)
I, [2015-03-23T20:05:44.653590 #28469]  INFO -- : Started GET "/creditcards/12" for 198.178.132.252 at 2015-03-23 20:05:44 +0000
I, [2015-03-23T20:05:44.655802 #28469]  INFO -- : Processing by CreditcardsController#show as HTML
I, [2015-03-23T20:05:44.656003 #28469]  INFO -- :   Parameters: {"id"=>"12"}
I, [2015-03-23T20:05:44.660194 #28469]  INFO -- :   Rendered creditcards/show.html.erb within layouts/application (0.7ms)
I, [2015-03-23T20:05:44.661259 #28469]  INFO -- : Completed 200 OK in 5ms (Views: 2.1ms | ActiveRecord: 0.4ms)
I, [2015-03-23T20:05:48.634296 #28466]  INFO -- : Started GET "/creditcards/12/edit" for 198.178.132.252 at 2015-03-23 20:05:48 +0000
I, [2015-03-23T20:05:48.636544 #28466]  INFO -- : Processing by CreditcardsController#edit as HTML
I, [2015-03-23T20:05:48.636988 #28466]  INFO -- :   Parameters: {"id"=>"12"}
I, [2015-03-23T20:05:48.689652 #28466]  INFO -- :   Rendered creditcards/_form.html.erb (47.0ms)
I, [2015-03-23T20:05:48.691317 #28466]  INFO -- :   Rendered creditcards/edit.html.erb within layouts/application (49.7ms)
I, [2015-03-23T20:05:48.693122 #28466]  INFO -- : Completed 200 OK in 56ms (Views: 52.1ms | ActiveRecord: 1.0ms)
I, [2015-03-23T20:05:55.170961 #28469]  INFO -- : Started PATCH "/creditcards/12" for 198.178.132.252 at 2015-03-23 20:05:55 +0000
I, [2015-03-23T20:05:55.173151 #28469]  INFO -- : Processing by CreditcardsController#update as HTML
I, [2015-03-23T20:05:55.173508 #28469]  INFO -- :   Parameters: {"utf8"=>"", "authenticity_token"=>"uEr+p0U1dyJH/0WmpwXYQuhJkBU5d/RYn7khBn4yjOo=", "creditcard"=>{"name"=>"Green Card", "issuer"=>"American Express", "annual_fee"=>"95", "fee_waived_first_year"=>"t", "points_program"=>"mr", "spend_bonus"=>"0", "spend_requirement"=>"1", "time_to_reach_spend_in_months"=>"1", "first_purchase_bonus"=>"0", "second_year_spend_bonus"=>"", "second_year_spend_requirement"=>"", "second_year_time_to_reach_spend_in_months"=>"", "points_per_dollar_spent_general_spend"=>"1.0", "foreign_transaction_fee"=>"2.7", "chip"=>"", "notes"=>"", "business"=>"f", "personal"=>"t", "image_index"=>"", "url"=>"http://bit.ly/green-personal"}, "commit"=>"Update Creditcard", "id"=>"12"}
I, [2015-03-23T20:05:55.187099 #28469]  INFO -- : Redirected to http://dev.tralue.com/creditcards/12
I, [2015-03-23T20:05:55.191001 #28469]  INFO -- : Completed 302 Found in 17ms (ActiveRecord: 0.6ms)
I, [2015-03-23T20:05:55.222777 #28466]  INFO -- : Started GET "/creditcards/12" for 198.178.132.252 at 2015-03-23 20:05:55 +0000
I, [2015-03-23T20:05:55.224532 #28466]  INFO -- : Processing by CreditcardsController#show as HTML
I, [2015-03-23T20:05:55.224785 #28466]  INFO -- :   Parameters: {"id"=>"12"}
I, [2015-03-23T20:05:55.227372 #28466]  INFO -- :   Rendered creditcards/show.html.erb within layouts/application (0.5ms)
I, [2015-03-23T20:05:55.228309 #28466]  INFO -- : Completed 200 OK in 3ms (Views: 1.7ms | ActiveRecord: 0.2ms)
I, [2015-03-23T20:05:57.317777 #28469]  INFO -- : Started GET "/creditcards" for 198.178.132.252 at 2015-03-23 20:05:57 +0000
I, [2015-03-23T20:05:57.319250 #28469]  INFO -- : Processing by CreditcardsController#index as HTML
I, [2015-03-23T20:05:57.329102 #28469]  INFO -- :   Rendered creditcards/index.html.erb within layouts/application (7.8ms)
I, [2015-03-23T20:05:57.330147 #28469]  INFO -- : Completed 200 OK in 11ms (Views: 9.4ms | ActiveRecord: 0.6ms)
I, [2015-03-23T20:06:02.059276 #28466]  INFO -- : Started GET "/creditcards/new" for 198.178.132.252 at 2015-03-23 20:06:02 +0000
I, [2015-03-23T20:06:02.061334 #28466]  INFO -- : Processing by CreditcardsController#new as HTML
I, [2015-03-23T20:06:02.078946 #28466]  INFO -- :   Rendered creditcards/_form.html.erb (15.7ms)
I, [2015-03-23T20:06:02.080113 #28466]  INFO -- :   Rendered creditcards/new.html.erb within layouts/application (17.2ms)
I, [2015-03-23T20:06:02.081335 #28466]  INFO -- : Completed 200 OK in 20ms (Views: 18.8ms | ActiveRecord: 0.0ms)
I, [2015-03-23T20:07:15.374007 #28469]  INFO -- : Started POST "/creditcards" for 198.178.132.252 at 2015-03-23 20:07:15 +0000
I, [2015-03-23T20:07:15.375719 #28469]  INFO -- : Processing by CreditcardsController#create as HTML
I, [2015-03-23T20:07:15.375950 #28469]  INFO -- :   Parameters: {"utf8"=>"", "authenticity_token"=>"uEr+p0U1dyJH/0WmpwXYQuhJkBU5d/RYn7khBn4yjOo=", "creditcard"=>{"name"=>"Gold Card", "issuer"=>"American Express", "annual_fee"=>"125", "fee_waived_first_year"=>"true", "points_program"=>"mr", "spend_bonus"=>"0", "spend_requirement"=>"1", "time_to_reach_spend_in_months"=>"1", "first_purchase_bonus"=>"0", "second_year_spend_bonus"=>"", "second_year_spend_requirement"=>"", "second_year_time_to_reach_spend_in_months"=>"", "points_per_dollar_spent_general_spend"=>"1.0", "foreign_transaction_fee"=>"125", "chip"=>"", "notes"=>"", "business"=>"false", "personal"=>"true", "image_index"=>"", "url"=>"http://bit.ly/amex-gold-personal"}, "commit"=>"Create Creditcard"}
I, [2015-03-23T20:07:15.386400 #28469]  INFO -- : Redirected to http://dev.tralue.com/creditcards/13
I, [2015-03-23T20:07:15.386919 #28469]  INFO -- : Completed 302 Found in 11ms (ActiveRecord: 4.6ms)
I, [2015-03-23T20:07:15.418714 #28471]  INFO -- : Started GET "/creditcards/13" for 198.178.132.252 at 2015-03-23 20:07:15 +0000
I, [2015-03-23T20:07:15.423659 #28471]  INFO -- : Processing by CreditcardsController#show as HTML
I, [2015-03-23T20:07:15.423858 #28471]  INFO -- :   Parameters: {"id"=>"13"}
I, [2015-03-23T20:07:15.428344 #28471]  INFO -- :   Rendered creditcards/show.html.erb within layouts/application (1.4ms)
I, [2015-03-23T20:07:15.429388 #28471]  INFO -- : Completed 200 OK in 5ms (Views: 3.4ms | ActiveRecord: 0.3ms)
I, [2015-03-23T20:07:49.556641 #28466]  INFO -- : Started GET "/creditcards/new" for 198.178.132.252 at 2015-03-23 20:07:49 +0000
I, [2015-03-23T20:07:49.560174 #28466]  INFO -- : Processing by CreditcardsController#new as HTML
I, [2015-03-23T20:07:49.606636 #28466]  INFO -- :   Rendered creditcards/_form.html.erb (42.0ms)
I, [2015-03-23T20:07:49.608194 #28466]  INFO -- :   Rendered creditcards/new.html.erb within layouts/application (44.5ms)
I, [2015-03-23T20:07:49.609952 #28466]  INFO -- : Completed 200 OK in 49ms (Views: 47.2ms | ActiveRecord: 0.0ms)
I, [2015-03-23T20:07:49.642578 #28471]  INFO -- : Started GET "/creditcards/new" for 198.178.132.252 at 2015-03-23 20:07:49 +0000
I, [2015-03-23T20:07:49.646378 #28471]  INFO -- : Processing by CreditcardsController#new as HTML
I, [2015-03-23T20:07:49.697789 #28471]  INFO -- :   Rendered creditcards/_form.html.erb (47.8ms)
I, [2015-03-23T20:07:49.699118 #28471]  INFO -- :   Rendered creditcards/new.html.erb within layouts/application (50.1ms)
I, [2015-03-23T20:07:49.700891 #28471]  INFO -- : Completed 200 OK in 54ms (Views: 52.4ms | ActiveRecord: 0.0ms)
I, [2015-03-23T20:09:30.626022 #28466]  INFO -- : Started POST "/creditcards" for 198.178.132.252 at 2015-03-23 20:09:30 +0000
I, [2015-03-23T20:09:30.629055 #28466]  INFO -- : Processing by CreditcardsController#create as HTML
I, [2015-03-23T20:09:30.629694 #28466]  INFO -- :   Parameters: {"utf8"=>"", "authenticity_token"=>"uEr+p0U1dyJH/0WmpwXYQuhJkBU5d/RYn7khBn4yjOo=", "creditcard"=>{"name"=>"Blue Card", "issuer"=>"American Express", "annual_fee"=>"0", "fee_waived_first_year"=>"false", "points_program"=>"mr", "spend_bonus"=>"0", "spend_requirement"=>"1", "time_to_reach_spend_in_months"=>"1", "first_purchase_bonus"=>"0", "second_year_spend_bonus"=>"", "second_year_spend_requirement"=>"", "second_year_time_to_reach_spend_in_months"=>"", "points_per_dollar_spent_general_spend"=>"1.0", "foreign_transaction_fee"=>"2.7", "chip"=>"", "notes"=>"", "business"=>"false", "personal"=>"true", "image_index"=>"", "url"=>"http://bit.ly/blue-personal"}, "commit"=>"Create Creditcard"}
I, [2015-03-23T20:09:30.645716 #28466]  INFO -- : Redirected to http://dev.tralue.com/creditcards/14
I, [2015-03-23T20:09:30.646433 #28466]  INFO -- : Completed 302 Found in 16ms (ActiveRecord: 5.9ms)
I, [2015-03-23T20:09:30.679989 #28471]  INFO -- : Started GET "/creditcards/14" for 198.178.132.252 at 2015-03-23 20:09:30 +0000
I, [2015-03-23T20:09:30.682104 #28471]  INFO -- : Processing by CreditcardsController#show as HTML
I, [2015-03-23T20:09:30.682405 #28471]  INFO -- :   Parameters: {"id"=>"14"}
I, [2015-03-23T20:09:30.687322 #28471]  INFO -- :   Rendered creditcards/show.html.erb within layouts/application (1.3ms)
I, [2015-03-23T20:09:30.688846 #28471]  INFO -- : Completed 200 OK in 6ms (Views: 3.3ms | ActiveRecord: 0.4ms)
I, [2015-03-23T20:09:36.420390 #28466]  INFO -- : Started GET "/creditcards/new" for 198.178.132.252 at 2015-03-23 20:09:36 +0000
I, [2015-03-23T20:09:36.421572 #28466]  INFO -- : Processing by CreditcardsController#new as HTML
I, [2015-03-23T20:09:36.435741 #28466]  INFO -- :   Rendered creditcards/_form.html.erb (12.7ms)
I, [2015-03-23T20:09:36.436509 #28466]  INFO -- :   Rendered creditcards/new.html.erb within layouts/application (13.8ms)
I, [2015-03-23T20:09:36.437336 #28466]  INFO -- : Completed 200 OK in 16ms (Views: 14.9ms | ActiveRecord: 0.0ms)
I, [2015-03-23T20:12:58.038048 #28463]  INFO -- : Started POST "/creditcards" for 198.178.132.252 at 2015-03-23 20:12:58 +0000
I, [2015-03-23T20:12:58.042317 #28463]  INFO -- : Processing by CreditcardsController#create as HTML
I, [2015-03-23T20:12:58.042916 #28463]  INFO -- :   Parameters: {"utf8"=>"", "authenticity_token"=>"uEr+p0U1dyJH/0WmpwXYQuhJkBU5d/RYn7khBn4yjOo=", "creditcard"=>{"name"=>"Mercedes-Benz Credit Card", "issuer"=>"American Express", "annual_fee"=>"95", "fee_waived_first_year"=>"false", "points_program"=>"mr", "spend_bonus"=>"10000", "spend_requirement"=>"1000", "time_to_reach_spend_in_months"=>"3", "first_purchase_bonus"=>"0", "second_year_spend_bonus"=>"", "second_year_spend_requirement"=>"", "second_year_time_to_reach_spend_in_months"=>"", "points_per_dollar_spent_general_spend"=>"", "foreign_transaction_fee"=>"2.7", "chip"=>"", "notes"=>"Earn a $500 certificate towards the lease or purchase of a new Mercedes-Benz (some exclusions) after spending $5,000 on the card per year.", "business"=>"false", "personal"=>"true", "image_index"=>"", "url"=>"http://bit.ly/mercedes-benz-personal"}, "commit"=>"Create Creditcard"}
I, [2015-03-23T20:12:58.063055 #28463]  INFO -- : Redirected to http://dev.tralue.com/creditcards/15
I, [2015-03-23T20:12:58.063884 #28463]  INFO -- : Completed 302 Found in 20ms (ActiveRecord: 5.9ms)
I, [2015-03-23T20:12:58.097660 #28469]  INFO -- : Started GET "/creditcards/15" for 198.178.132.252 at 2015-03-23 20:12:58 +0000
I, [2015-03-23T20:12:58.100466 #28469]  INFO -- : Processing by CreditcardsController#show as HTML
I, [2015-03-23T20:12:58.100942 #28469]  INFO -- :   Parameters: {"id"=>"15"}
I, [2015-03-23T20:12:58.106157 #28469]  INFO -- :   Rendered creditcards/show.html.erb within layouts/application (0.8ms)
I, [2015-03-23T20:12:58.108205 #28469]  INFO -- : Completed 200 OK in 7ms (Views: 3.6ms | ActiveRecord: 0.5ms)
I, [2015-03-23T20:13:01.659975 #28463]  INFO -- : Started GET "/creditcards/new" for 198.178.132.252 at 2015-03-23 20:13:01 +0000
I, [2015-03-23T20:13:01.663469 #28463]  INFO -- : Processing by CreditcardsController#new as HTML
I, [2015-03-23T20:13:01.704523 #28463]  INFO -- :   Rendered creditcards/_form.html.erb (36.2ms)
I, [2015-03-23T20:13:01.705849 #28463]  INFO -- :   Rendered creditcards/new.html.erb within layouts/application (38.9ms)
I, [2015-03-23T20:13:01.707647 #28463]  INFO -- : Completed 200 OK in 44ms (Views: 41.7ms | ActiveRecord: 0.0ms)
I, [2015-03-23T20:13:01.737198 #28471]  INFO -- : Started GET "/creditcards/new" for 198.178.132.252 at 2015-03-23 20:13:01 +0000
I, [2015-03-23T20:13:01.740365 #28471]  INFO -- : Processing by CreditcardsController#new as HTML
I, [2015-03-23T20:13:01.771123 #28471]  INFO -- :   Rendered creditcards/_form.html.erb (27.3ms)
I, [2015-03-23T20:13:01.772372 #28471]  INFO -- :   Rendered creditcards/new.html.erb within layouts/application (29.5ms)
I, [2015-03-23T20:13:01.773745 #28471]  INFO -- : Completed 200 OK in 33ms (Views: 31.4ms | ActiveRecord: 0.0ms)
I, [2015-03-23T20:15:59.205336 #28463]  INFO -- : Started POST "/creditcards" for 198.178.132.252 at 2015-03-23 20:15:59 +0000
I, [2015-03-23T20:15:59.210021 #28463]  INFO -- : Processing by CreditcardsController#create as HTML
I, [2015-03-23T20:15:59.210664 #28463]  INFO -- :   Parameters: {"utf8"=>"", "authenticity_token"=>"uEr+p0U1dyJH/0WmpwXYQuhJkBU5d/RYn7khBn4yjOo=", "creditcard"=>{"name"=>"Gold Delta SkyMiles Credit Card", "issuer"=>"American Express", "annual_fee"=>"95", "fee_waived_first_year"=>"true", "points_program"=>"delta", "spend_bonus"=>"30000", "spend_requirement"=>"1000", "time_to_reach_spend_in_months"=>"3", "first_purchase_bonus"=>"0", "second_year_spend_bonus"=>"", "second_year_spend_requirement"=>"", "second_year_time_to_reach_spend_in_months"=>"", "points_per_dollar_spent_general_spend"=>"1.0", "foreign_transaction_fee"=>"0.0", "chip"=>"", "notes"=>"", "business"=>"false", "personal"=>"true", "image_index"=>"", "url"=>"http://bit.ly/gold-skymiles-personal"}, "commit"=>"Create Creditcard"}
I, [2015-03-23T20:15:59.230753 #28463]  INFO -- : Redirected to http://dev.tralue.com/creditcards/16
I, [2015-03-23T20:15:59.231417 #28463]  INFO -- : Completed 302 Found in 20ms (ActiveRecord: 8.0ms)
I, [2015-03-23T20:15:59.266397 #28469]  INFO -- : Started GET "/creditcards/16" for 198.178.132.252 at 2015-03-23 20:15:59 +0000
I, [2015-03-23T20:15:59.275173 #28469]  INFO -- : Processing by CreditcardsController#show as HTML
I, [2015-03-23T20:15:59.275646 #28469]  INFO -- :   Parameters: {"id"=>"16"}
I, [2015-03-23T20:15:59.289943 #28469]  INFO -- :   Rendered creditcards/show.html.erb within layouts/application (2.6ms)
I, [2015-03-23T20:15:59.292950 #28469]  INFO -- : Completed 200 OK in 17ms (Views: 7.1ms | ActiveRecord: 1.2ms)
I, [2015-03-23T20:16:03.103024 #28463]  INFO -- : Started GET "/creditcards/new" for 198.178.132.252 at 2015-03-23 20:16:03 +0000
I, [2015-03-23T20:16:03.104618 #28463]  INFO -- : Processing by CreditcardsController#new as HTML
I, [2015-03-23T20:16:03.139418 #28463]  INFO -- :   Rendered creditcards/_form.html.erb (32.8ms)
I, [2015-03-23T20:16:03.140158 #28463]  INFO -- :   Rendered creditcards/new.html.erb within layouts/application (34.0ms)
I, [2015-03-23T20:16:03.140991 #28463]  INFO -- : Completed 200 OK in 36ms (Views: 35.3ms | ActiveRecord: 0.0ms)
I, [2015-03-23T20:17:01.612336 #28471]  INFO -- : Started GET "/creditcards/16/edit" for 198.178.132.252 at 2015-03-23 20:17:01 +0000
I, [2015-03-23T20:17:01.615172 #28471]  INFO -- : Processing by CreditcardsController#edit as HTML
I, [2015-03-23T20:17:01.615362 #28471]  INFO -- :   Parameters: {"id"=>"16"}
I, [2015-03-23T20:17:01.637930 #28471]  INFO -- :   Rendered creditcards/_form.html.erb (16.3ms)
I, [2015-03-23T20:17:01.638906 #28471]  INFO -- :   Rendered creditcards/edit.html.erb within layouts/application (19.3ms)
I, [2015-03-23T20:17:01.640115 #28471]  INFO -- : Completed 200 OK in 25ms (Views: 21.6ms | ActiveRecord: 0.3ms)
I, [2015-03-23T20:19:05.808497 #28466]  INFO -- : Started PATCH "/creditcards/16" for 198.178.132.252 at 2015-03-23 20:19:05 +0000
I, [2015-03-23T20:19:05.812737 #28466]  INFO -- : Processing by CreditcardsController#update as HTML
I, [2015-03-23T20:19:05.813170 #28466]  INFO -- :   Parameters: {"utf8"=>"", "authenticity_token"=>"uEr+p0U1dyJH/0WmpwXYQuhJkBU5d/RYn7khBn4yjOo=", "creditcard"=>{"name"=>"Gold Delta SkyMiles Credit Card", "issuer"=>"American Express", "annual_fee"=>"95", "fee_waived_first_year"=>"t", "points_program"=>"delta", "spend_bonus"=>"30000", "spend_requirement"=>"1000", "time_to_reach_spend_in_months"=>"3", "first_purchase_bonus"=>"0", "second_year_spend_bonus"=>"", "second_year_spend_requirement"=>"", "second_year_time_to_reach_spend_in_months"=>"", "points_per_dollar_spent_general_spend"=>"", "foreign_transaction_fee"=>"0", "chip"=>"", "notes"=>"First checked bag free on Delta. Priority boarding on Delta. Waiver of MQD elite status requirement after spending $25,000 on Delta credit cards. 20% off in-flight purchases on Delta flights. 2X points on Delta purchases. Reduced Delta lounge fees.", "business"=>"f", "personal"=>"t", "image_index"=>"", "url"=>"http://bit.ly/gold-skymiles-personal"}, "commit"=>"Update Creditcard", "id"=>"16"}
I, [2015-03-23T20:19:05.842888 #28466]  INFO -- : Redirected to http://dev.tralue.com/creditcards/16
I, [2015-03-23T20:19:05.843440 #28466]  INFO -- : Completed 302 Found in 30ms (ActiveRecord: 4.0ms)
I, [2015-03-23T20:19:05.876186 #28463]  INFO -- : Started GET "/creditcards/16" for 198.178.132.252 at 2015-03-23 20:19:05 +0000
I, [2015-03-23T20:19:05.877540 #28463]  INFO -- : Processing by CreditcardsController#show as HTML
I, [2015-03-23T20:19:05.877708 #28463]  INFO -- :   Parameters: {"id"=>"16"}
I, [2015-03-23T20:19:05.880223 #28463]  INFO -- :   Rendered creditcards/show.html.erb within layouts/application (0.4ms)
I, [2015-03-23T20:19:05.881027 #28463]  INFO -- : Completed 200 OK in 3ms (Views: 1.5ms | ActiveRecord: 0.3ms)
I, [2015-03-23T20:19:09.886513 #28471]  INFO -- : Started GET "/creditcards/new" for 198.178.132.252 at 2015-03-23 20:19:09 +0000
I, [2015-03-23T20:19:09.888221 #28471]  INFO -- : Processing by CreditcardsController#new as HTML
I, [2015-03-23T20:19:09.903357 #28471]  INFO -- :   Rendered creditcards/_form.html.erb (13.1ms)
I, [2015-03-23T20:19:09.904196 #28471]  INFO -- :   Rendered creditcards/new.html.erb within layouts/application (14.4ms)
I, [2015-03-23T20:19:09.905055 #28471]  INFO -- : Completed 200 OK in 17ms (Views: 15.7ms | ActiveRecord: 0.0ms)
I, [2015-03-23T20:25:05.432088 #28466]  INFO -- : Started POST "/creditcards" for 198.178.132.252 at 2015-03-23 20:25:05 +0000
I, [2015-03-23T20:25:05.436073 #28466]  INFO -- : Processing by CreditcardsController#create as HTML
I, [2015-03-23T20:25:05.436573 #28466]  INFO -- :   Parameters: {"utf8"=>"", "authenticity_token"=>"uEr+p0U1dyJH/0WmpwXYQuhJkBU5d/RYn7khBn4yjOo=", "creditcard"=>{"name"=>"Starwood Preferred Guest Credit Card", "issuer"=>"American Express", "annual_fee"=>"65", "fee_waived_first_year"=>"true", "points_program"=>"spg", "spend_bonus"=>"15000", "spend_requirement"=>"5000", "time_to_reach_spend_in_months"=>"6", "first_purchase_bonus"=>"10000", "second_year_spend_bonus"=>"", "second_year_spend_requirement"=>"", "second_year_time_to_reach_spend_in_months"=>"", "points_per_dollar_spent_general_spend"=>"", "foreign_transaction_fee"=>"2.7", "chip"=>"", "notes"=>"Spend $30,000 on the card within any calendar year, and you will receive at least 12 months of complimentary SPG Gold status.", "business"=>"false", "personal"=>"true", "image_index"=>"", "url"=>"http://bit.ly/amex-spg-personal"}, "commit"=>"Create Creditcard"}
I, [2015-03-23T20:25:05.449533 #28466]  INFO -- : Redirected to http://dev.tralue.com/creditcards/17
I, [2015-03-23T20:25:05.450142 #28466]  INFO -- : Completed 302 Found in 13ms (ActiveRecord: 4.2ms)
I, [2015-03-23T20:25:05.482770 #28469]  INFO -- : Started GET "/creditcards/17" for 198.178.132.252 at 2015-03-23 20:25:05 +0000
I, [2015-03-23T20:25:05.488725 #28469]  INFO -- : Processing by CreditcardsController#show as HTML
I, [2015-03-23T20:25:05.489035 #28469]  INFO -- :   Parameters: {"id"=>"17"}
I, [2015-03-23T20:25:05.496112 #28469]  INFO -- :   Rendered creditcards/show.html.erb within layouts/application (1.3ms)
I, [2015-03-23T20:25:05.497974 #28469]  INFO -- : Completed 200 OK in 9ms (Views: 4.0ms | ActiveRecord: 0.5ms)
I, [2015-03-23T20:25:11.527268 #28466]  INFO -- : Started GET "/creditcards/new" for 198.178.132.252 at 2015-03-23 20:25:11 +0000
I, [2015-03-23T20:25:11.528746 #28466]  INFO -- : Processing by CreditcardsController#new as HTML
I, [2015-03-23T20:25:11.547123 #28466]  INFO -- :   Rendered creditcards/_form.html.erb (16.0ms)
I, [2015-03-23T20:25:11.548261 #28466]  INFO -- :   Rendered creditcards/new.html.erb within layouts/application (17.8ms)
I, [2015-03-23T20:25:11.549631 #28466]  INFO -- : Completed 200 OK in 21ms (Views: 20.0ms | ActiveRecord: 0.0ms)
I, [2015-03-23T20:26:50.964316 #28469]  INFO -- : Started POST "/creditcards" for 198.178.132.252 at 2015-03-23 20:26:50 +0000
I, [2015-03-23T20:26:50.969618 #28469]  INFO -- : Processing by CreditcardsController#create as HTML
I, [2015-03-23T20:26:50.970108 #28469]  INFO -- :   Parameters: {"utf8"=>"", "authenticity_token"=>"uEr+p0U1dyJH/0WmpwXYQuhJkBU5d/RYn7khBn4yjOo=", "creditcard"=>{"name"=>"JetBlue Card", "issuer"=>"American Express", "annual_fee"=>"40", "fee_waived_first_year"=>"true", "points_program"=>"jetblue", "spend_bonus"=>"20000", "spend_requirement"=>"1000", "time_to_reach_spend_in_months"=>"3", "first_purchase_bonus"=>"0", "second_year_spend_bonus"=>"", "second_year_spend_requirement"=>"", "second_year_time_to_reach_spend_in_months"=>"", "points_per_dollar_spent_general_spend"=>"", "foreign_transaction_fee"=>"2.7", "chip"=>"", "notes"=>"", "business"=>"false", "personal"=>"true", "image_index"=>"", "url"=>"http://bit.ly/jetblue-personal"}, "commit"=>"Create Creditcard"}
I, [2015-03-23T20:26:50.997404 #28469]  INFO -- : Redirected to http://dev.tralue.com/creditcards/18
I, [2015-03-23T20:26:50.998169 #28469]  INFO -- : Completed 302 Found in 28ms (ActiveRecord: 8.4ms)
I, [2015-03-23T20:26:51.033573 #28466]  INFO -- : Started GET "/creditcards/18" for 198.178.132.252 at 2015-03-23 20:26:51 +0000
I, [2015-03-23T20:26:51.037788 #28466]  INFO -- : Processing by CreditcardsController#show as HTML
I, [2015-03-23T20:26:51.038231 #28466]  INFO -- :   Parameters: {"id"=>"18"}
I, [2015-03-23T20:26:51.048249 #28466]  INFO -- :   Rendered creditcards/show.html.erb within layouts/application (1.6ms)
I, [2015-03-23T20:26:51.050533 #28466]  INFO -- : Completed 200 OK in 12ms (Views: 5.3ms | ActiveRecord: 0.8ms)
I, [2015-03-23T20:27:06.085242 #28469]  INFO -- : Started GET "/creditcards/18/edit" for 198.178.132.252 at 2015-03-23 20:27:06 +0000
I, [2015-03-23T20:27:06.088797 #28469]  INFO -- : Processing by CreditcardsController#edit as HTML
I, [2015-03-23T20:27:06.089158 #28469]  INFO -- :   Parameters: {"id"=>"18"}
I, [2015-03-23T20:27:06.134850 #28469]  INFO -- :   Rendered creditcards/_form.html.erb (33.8ms)
I, [2015-03-23T20:27:06.137000 #28469]  INFO -- :   Rendered creditcards/edit.html.erb within layouts/application (41.1ms)
I, [2015-03-23T20:27:06.175681 #28469]  INFO -- : Completed 200 OK in 86ms (Views: 82.1ms | ActiveRecord: 0.5ms)
I, [2015-03-23T20:27:10.705354 #28466]  INFO -- : Started PATCH "/creditcards/18" for 198.178.132.252 at 2015-03-23 20:27:10 +0000
I, [2015-03-23T20:27:10.708175 #28466]  INFO -- : Processing by CreditcardsController#update as HTML
I, [2015-03-23T20:27:10.708636 #28466]  INFO -- :   Parameters: {"utf8"=>"", "authenticity_token"=>"uEr+p0U1dyJH/0WmpwXYQuhJkBU5d/RYn7khBn4yjOo=", "creditcard"=>{"name"=>"JetBlue Card", "issuer"=>"American Express", "annual_fee"=>"40", "fee_waived_first_year"=>"t", "points_program"=>"jetblue", "spend_bonus"=>"20000", "spend_requirement"=>"1000", "time_to_reach_spend_in_months"=>"3", "first_purchase_bonus"=>"0", "second_year_spend_bonus"=>"", "second_year_spend_requirement"=>"", "second_year_time_to_reach_spend_in_months"=>"", "points_per_dollar_spent_general_spend"=>"1.0", "foreign_transaction_fee"=>"2.7", "chip"=>"", "notes"=>"", "business"=>"f", "personal"=>"t", "image_index"=>"", "url"=>"http://bit.ly/jetblue-personal"}, "commit"=>"Update Creditcard", "id"=>"18"}
I, [2015-03-23T20:27:10.719309 #28466]  INFO -- : Redirected to http://dev.tralue.com/creditcards/18
I, [2015-03-23T20:27:10.719993 #28466]  INFO -- : Completed 302 Found in 11ms (ActiveRecord: 0.9ms)
I, [2015-03-23T20:27:10.756192 #28471]  INFO -- : Started GET "/creditcards/18" for 198.178.132.252 at 2015-03-23 20:27:10 +0000
I, [2015-03-23T20:27:10.765770 #28471]  INFO -- : Processing by CreditcardsController#show as HTML
I, [2015-03-23T20:27:10.766354 #28471]  INFO -- :   Parameters: {"id"=>"18"}
I, [2015-03-23T20:27:10.782725 #28471]  INFO -- :   Rendered creditcards/show.html.erb within layouts/application (2.6ms)
I, [2015-03-23T20:27:10.785860 #28471]  INFO -- : Completed 200 OK in 19ms (Views: 7.5ms | ActiveRecord: 0.9ms)
I, [2015-03-23T20:27:36.350210 #28466]  INFO -- : Started GET "/creditcards/18/edit" for 198.178.132.252 at 2015-03-23 20:27:36 +0000
I, [2015-03-23T20:27:36.354172 #28466]  INFO -- : Processing by CreditcardsController#edit as HTML
I, [2015-03-23T20:27:36.354651 #28466]  INFO -- :   Parameters: {"id"=>"18"}
I, [2015-03-23T20:27:36.389299 #28466]  INFO -- :   Rendered creditcards/_form.html.erb (28.2ms)
I, [2015-03-23T20:27:36.390682 #28466]  INFO -- :   Rendered creditcards/edit.html.erb within layouts/application (30.8ms)
I, [2015-03-23T20:27:36.392338 #28466]  INFO -- : Completed 200 OK in 37ms (Views: 33.4ms | ActiveRecord: 0.9ms)
I, [2015-03-23T20:28:04.254609 #28463]  INFO -- : Started PATCH "/creditcards/18" for 198.178.132.252 at 2015-03-23 20:28:04 +0000
I, [2015-03-23T20:28:04.264880 #28463]  INFO -- : Processing by CreditcardsController#update as HTML
I, [2015-03-23T20:28:04.265599 #28463]  INFO -- :   Parameters: {"utf8"=>"", "authenticity_token"=>"uEr+p0U1dyJH/0WmpwXYQuhJkBU5d/RYn7khBn4yjOo=", "creditcard"=>{"name"=>"JetBlue Card", "issuer"=>"American Express", "annual_fee"=>"40", "fee_waived_first_year"=>"t", "points_program"=>"jetblue", "spend_bonus"=>"20000", "spend_requirement"=>"1000", "time_to_reach_spend_in_months"=>"3", "first_purchase_bonus"=>"0", "second_year_spend_bonus"=>"", "second_year_spend_requirement"=>"", "second_year_time_to_reach_spend_in_months"=>"", "points_per_dollar_spent_general_spend"=>"", "foreign_transaction_fee"=>"2.7", "chip"=>"", "notes"=>"50% rebate on eligible in-flight purchases, including alcohol, but excluding charitable contributions.", "business"=>"f", "personal"=>"t", "image_index"=>"", "url"=>"http://bit.ly/jetblue-personal"}, "commit"=>"Update Creditcard", "id"=>"18"}
I, [2015-03-23T20:28:04.322761 #28463]  INFO -- : Redirected to http://dev.tralue.com/creditcards/18
I, [2015-03-23T20:28:04.324721 #28463]  INFO -- : Completed 302 Found in 58ms (ActiveRecord: 19.4ms)
I, [2015-03-23T20:28:04.365438 #28471]  INFO -- : Started GET "/creditcards/18" for 198.178.132.252 at 2015-03-23 20:28:04 +0000
I, [2015-03-23T20:28:04.371918 #28471]  INFO -- : Processing by CreditcardsController#show as HTML
I, [2015-03-23T20:28:04.372295 #28471]  INFO -- :   Parameters: {"id"=>"18"}
I, [2015-03-23T20:28:04.382727 #28471]  INFO -- :   Rendered creditcards/show.html.erb within layouts/application (1.4ms)
I, [2015-03-23T20:28:04.385611 #28471]  INFO -- : Completed 200 OK in 13ms (Views: 5.9ms | ActiveRecord: 1.0ms)
I, [2015-03-23T20:28:44.655462 #28463]  INFO -- : Started GET "/creditcards/18/edit" for 198.178.132.252 at 2015-03-23 20:28:44 +0000
I, [2015-03-23T20:28:44.663866 #28463]  INFO -- : Processing by CreditcardsController#edit as HTML
I, [2015-03-23T20:28:44.664482 #28463]  INFO -- :   Parameters: {"id"=>"18"}
I, [2015-03-23T20:28:44.721941 #28463]  INFO -- :   Rendered creditcards/_form.html.erb (37.9ms)
I, [2015-03-23T20:28:44.723930 #28463]  INFO -- :   Rendered creditcards/edit.html.erb within layouts/application (46.9ms)
I, [2015-03-23T20:28:44.726369 #28463]  INFO -- : Completed 200 OK in 61ms (Views: 53.5ms | ActiveRecord: 1.1ms)
I, [2015-03-23T20:28:54.970550 #28466]  INFO -- : Started PATCH "/creditcards/18" for 198.178.132.252 at 2015-03-23 20:28:54 +0000
I, [2015-03-23T20:28:54.977955 #28466]  INFO -- : Processing by CreditcardsController#update as HTML
I, [2015-03-23T20:28:54.978536 #28466]  INFO -- :   Parameters: {"utf8"=>"", "authenticity_token"=>"uEr+p0U1dyJH/0WmpwXYQuhJkBU5d/RYn7khBn4yjOo=", "creditcard"=>{"name"=>"JetBlue Card", "issuer"=>"American Express", "annual_fee"=>"40", "fee_waived_first_year"=>"t", "points_program"=>"jetblue", "spend_bonus"=>"20000", "spend_requirement"=>"1000", "time_to_reach_spend_in_months"=>"3", "first_purchase_bonus"=>"0", "second_year_spend_bonus"=>"", "second_year_spend_requirement"=>"", "second_year_time_to_reach_spend_in_months"=>"", "points_per_dollar_spent_general_spend"=>"", "foreign_transaction_fee"=>"2.7", "chip"=>"", "notes"=>"50% rebate on eligible in-flight purchases, including alcohol, but excluding charitable contributions. Free ShopRunner.", "business"=>"f", "personal"=>"t", "image_index"=>"", "url"=>"http://bit.ly/jetblue-personal"}, "commit"=>"Update Creditcard", "id"=>"18"}
I, [2015-03-23T20:28:55.002045 #28466]  INFO -- : Redirected to http://dev.tralue.com/creditcards/18
I, [2015-03-23T20:28:55.002837 #28466]  INFO -- : Completed 302 Found in 24ms (ActiveRecord: 6.9ms)
I, [2015-03-23T20:28:55.037060 #28463]  INFO -- : Started GET "/creditcards/18" for 198.178.132.252 at 2015-03-23 20:28:55 +0000
I, [2015-03-23T20:28:55.040027 #28463]  INFO -- : Processing by CreditcardsController#show as HTML
I, [2015-03-23T20:28:55.040378 #28463]  INFO -- :   Parameters: {"id"=>"18"}
I, [2015-03-23T20:28:55.046203 #28463]  INFO -- :   Rendered creditcards/show.html.erb within layouts/application (1.3ms)
I, [2015-03-23T20:28:55.048245 #28463]  INFO -- : Completed 200 OK in 7ms (Views: 4.1ms | ActiveRecord: 0.5ms)
I, [2015-03-23T20:28:58.382677 #28466]  INFO -- : Started GET "/creditcards/new" for 198.178.132.252 at 2015-03-23 20:28:58 +0000
I, [2015-03-23T20:28:58.385145 #28466]  INFO -- : Processing by CreditcardsController#new as HTML
I, [2015-03-23T20:28:58.416222 #28466]  INFO -- :   Rendered creditcards/_form.html.erb (26.6ms)
I, [2015-03-23T20:28:58.417591 #28466]  INFO -- :   Rendered creditcards/new.html.erb within layouts/application (29.4ms)
I, [2015-03-23T20:28:58.419475 #28466]  INFO -- : Completed 200 OK in 34ms (Views: 32.4ms | ActiveRecord: 0.0ms)
I, [2015-03-23T20:34:26.440093 #28463]  INFO -- : Started POST "/creditcards" for 198.178.132.252 at 2015-03-23 20:34:26 +0000
I, [2015-03-23T20:34:26.443132 #28463]  INFO -- : Processing by CreditcardsController#create as HTML
I, [2015-03-23T20:34:26.443767 #28463]  INFO -- :   Parameters: {"utf8"=>"", "authenticity_token"=>"uEr+p0U1dyJH/0WmpwXYQuhJkBU5d/RYn7khBn4yjOo=", "creditcard"=>{"name"=>"Platinum Delta SkyMiles Credit Card", "issuer"=>"American Express", "annual_fee"=>"195", "fee_waived_first_year"=>"false", "points_program"=>"delta", "spend_bonus"=>"35000", "spend_requirement"=>"1000", "time_to_reach_spend_in_months"=>"3", "first_purchase_bonus"=>"0", "second_year_spend_bonus"=>"", "second_year_spend_requirement"=>"", "second_year_time_to_reach_spend_in_months"=>"", "points_per_dollar_spent_general_spend"=>"1.0", "foreign_transaction_fee"=>"0.0", "chip"=>"", "notes"=>"5000 MQM's once you spend $1000 on the card within 3 months. $100 statement credit with Delta purchase within 3 months. For every $25,000 spent on the card within a calendar year (up to $50,000), cardholder will be awarded a bonus 10,000 redeemable SkyMiles and 10,000 MQM's. That means a possible 20,000 MQM's in any year. Also, uniquely, these MQM's can currently be given to any SkyMiles member.", "business"=>"false", "personal"=>"true", "image_index"=>"", "url"=>"http://bit.ly/platinum-delta-skymiles-personal"}, "commit"=>"Create Creditcard"}
I, [2015-03-23T20:34:26.462398 #28463]  INFO -- : Redirected to http://dev.tralue.com/creditcards/19
I, [2015-03-23T20:34:26.463270 #28463]  INFO -- : Completed 302 Found in 19ms (ActiveRecord: 6.4ms)
I, [2015-03-23T20:34:26.497619 #28469]  INFO -- : Started GET "/creditcards/19" for 198.178.132.252 at 2015-03-23 20:34:26 +0000
I, [2015-03-23T20:34:26.505545 #28469]  INFO -- : Processing by CreditcardsController#show as HTML
I, [2015-03-23T20:34:26.506051 #28469]  INFO -- :   Parameters: {"id"=>"19"}
I, [2015-03-23T20:34:26.514232 #28469]  INFO -- :   Rendered creditcards/show.html.erb within layouts/application (1.0ms)
I, [2015-03-23T20:34:26.515809 #28469]  INFO -- : Completed 200 OK in 9ms (Views: 3.6ms | ActiveRecord: 0.5ms)
I, [2015-03-23T20:34:30.577985 #28463]  INFO -- : Started GET "/creditcards/new" for 198.178.132.252 at 2015-03-23 20:34:30 +0000
I, [2015-03-23T20:34:30.580453 #28463]  INFO -- : Processing by CreditcardsController#new as HTML
I, [2015-03-23T20:34:30.604330 #28463]  INFO -- :   Rendered creditcards/_form.html.erb (21.1ms)
I, [2015-03-23T20:34:30.605520 #28463]  INFO -- :   Rendered creditcards/new.html.erb within layouts/application (23.0ms)
I, [2015-03-23T20:34:30.606868 #28463]  INFO -- : Completed 200 OK in 26ms (Views: 24.8ms | ActiveRecord: 0.0ms)
I, [2015-03-23T20:39:05.683398 #28466]  INFO -- : Started POST "/creditcards" for 198.178.132.252 at 2015-03-23 20:39:05 +0000
I, [2015-03-23T20:39:05.686064 #28466]  INFO -- : Processing by CreditcardsController#create as HTML
I, [2015-03-23T20:39:05.686294 #28466]  INFO -- :   Parameters: {"utf8"=>"", "authenticity_token"=>"uEr+p0U1dyJH/0WmpwXYQuhJkBU5d/RYn7khBn4yjOo=", "creditcard"=>{"name"=>"Delta Reserve Credit Card", "issuer"=>"American Express", "annual_fee"=>"450", "fee_waived_first_year"=>"false", "points_program"=>"delta", "spend_bonus"=>"10000", "spend_requirement"=>"1", "time_to_reach_spend_in_months"=>"1", "first_purchase_bonus"=>"12", "second_year_spend_bonus"=>"", "second_year_spend_requirement"=>"", "second_year_time_to_reach_spend_in_months"=>"", "points_per_dollar_spent_general_spend"=>"1.0", "foreign_transaction_fee"=>"0.0", "chip"=>"", "notes"=>"For every $30,000 in spend in a calendar year (up to $60,000), the cardmember will be provided with 15,000 bonus redeemable miles, and 15,000 MQM's. Currently, and uniquely, these can be assigned to anyone in the SkyMiles program that the cardmember wishes to gift them to. That makes it possible to earn 30,000 MQM from this credit card alone.", "business"=>"false", "personal"=>"true", "image_index"=>"", "url"=>"http://bit.ly/delta-reserve-personal"}, "commit"=>"Create Creditcard"}
I, [2015-03-23T20:39:05.704720 #28466]  INFO -- : Redirected to http://dev.tralue.com/creditcards/20
I, [2015-03-23T20:39:05.705616 #28466]  INFO -- : Completed 302 Found in 19ms (ActiveRecord: 10.2ms)
I, [2015-03-23T20:39:05.738130 #28471]  INFO -- : Started GET "/creditcards/20" for 198.178.132.252 at 2015-03-23 20:39:05 +0000
I, [2015-03-23T20:39:05.743209 #28471]  INFO -- : Processing by CreditcardsController#show as HTML
I, [2015-03-23T20:39:05.743389 #28471]  INFO -- :   Parameters: {"id"=>"20"}
I, [2015-03-23T20:39:05.749955 #28471]  INFO -- :   Rendered creditcards/show.html.erb within layouts/application (1.1ms)
I, [2015-03-23T20:39:05.751564 #28471]  INFO -- : Completed 200 OK in 8ms (Views: 3.3ms | ActiveRecord: 0.5ms)
I, [2015-03-23T20:39:10.787585 #28466]  INFO -- : Started GET "/creditcards/new" for 198.178.132.252 at 2015-03-23 20:39:10 +0000
I, [2015-03-23T20:39:10.790742 #28466]  INFO -- : Processing by CreditcardsController#new as HTML
I, [2015-03-23T20:39:10.812339 #28466]  INFO -- :   Rendered creditcards/_form.html.erb (17.7ms)
I, [2015-03-23T20:39:10.813138 #28466]  INFO -- :   Rendered creditcards/new.html.erb within layouts/application (19.4ms)
I, [2015-03-23T20:39:10.814503 #28466]  INFO -- : Completed 200 OK in 23ms (Views: 21.9ms | ActiveRecord: 0.0ms)
I, [2015-03-23T20:48:53.906143 #28469]  INFO -- : Started GET "/creditcards/" for 198.178.132.252 at 2015-03-23 20:48:53 +0000
I, [2015-03-23T20:48:53.911623 #28469]  INFO -- : Processing by CreditcardsController#index as HTML
I, [2015-03-23T20:48:53.930187 #28469]  INFO -- :   Rendered creditcards/index.html.erb within layouts/application (15.2ms)
I, [2015-03-23T20:48:53.932069 #28469]  INFO -- : Completed 200 OK in 20ms (Views: 16.4ms | ActiveRecord: 1.5ms)
I, [2015-03-23T20:49:40.453731 #28466]  INFO -- : Started GET "/" for 198.178.132.252 at 2015-03-23 20:49:40 +0000
I, [2015-03-23T20:49:40.460299 #28466]  INFO -- : Processing by WelcomeController#index as HTML
I, [2015-03-23T20:49:40.469530 #28466]  INFO -- :   Rendered welcome/index.html.erb within layouts/application (4.0ms)
I, [2015-03-23T20:49:40.471604 #28466]  INFO -- : Completed 200 OK in 11ms (Views: 8.8ms | ActiveRecord: 0.0ms)
I, [2015-03-23T20:49:42.243417 #28471]  INFO -- : Started GET "/trips" for 198.178.132.252 at 2015-03-23 20:49:42 +0000
I, [2015-03-23T20:49:42.259846 #28471]  INFO -- : Processing by TripsController#index as HTML
I, [2015-03-23T20:49:42.282657 #28471]  INFO -- :   Rendered trips/index.html.erb within layouts/application (14.3ms)
I, [2015-03-23T20:49:42.286620 #28471]  INFO -- : Completed 200 OK in 26ms (Views: 20.8ms | ActiveRecord: 1.2ms)
I, [2015-03-23T20:49:44.352297 #28466]  INFO -- : Started GET "/results/1" for 198.178.132.252 at 2015-03-23 20:49:44 +0000
I, [2015-03-23T20:49:44.356367 #28466]  INFO -- : Processing by ResultsController#show as HTML
I, [2015-03-23T20:49:44.356721 #28466]  INFO -- :   Parameters: {"id"=>"1"}
I, [2015-03-23T20:49:44.444880 #28466]  INFO -- :   Rendered results/show.html.erb within layouts/application (28.3ms)
I, [2015-03-23T20:49:44.446112 #28466]  INFO -- : Completed 200 OK in 89ms (Views: 32.1ms | ActiveRecord: 3.3ms)
I, [2015-03-23T20:57:57.462715 #28469]  INFO -- : Started GET "/rates" for 198.178.132.252 at 2015-03-23 20:57:57 +0000
I, [2015-03-23T20:57:57.472269 #28469]  INFO -- : Processing by RatesController#index as HTML
I, [2015-03-23T20:57:57.512599 #28469]  INFO -- :   Rendered rates/index.html.erb within layouts/application (31.5ms)
I, [2015-03-23T20:57:57.514425 #28469]  INFO -- : Completed 200 OK in 42ms (Views: 35.4ms | ActiveRecord: 1.4ms)
I, [2015-03-23T21:18:18.027867 #28466]  INFO -- : Started GET "/rates/new" for 198.178.132.252 at 2015-03-23 21:18:18 +0000
I, [2015-03-23T21:18:18.035485 #28466]  INFO -- : Processing by RatesController#new as HTML
I, [2015-03-23T21:18:18.048773 #28466]  INFO -- :   Rendered rates/_form.html.erb (5.8ms)
I, [2015-03-23T21:18:18.049944 #28466]  INFO -- :   Rendered rates/new.html.erb within layouts/application (9.3ms)
I, [2015-03-23T21:18:18.051658 #28466]  INFO -- : Completed 200 OK in 16ms (Views: 12.3ms | ActiveRecord: 0.0ms)
I, [2015-03-23T21:19:27.569399 #28469]  INFO -- : Started POST "/rates" for 198.178.132.252 at 2015-03-23 21:19:27 +0000
I, [2015-03-23T21:19:27.577559 #28469]  INFO -- : Processing by RatesController#create as HTML
I, [2015-03-23T21:19:27.577989 #28469]  INFO -- :   Parameters: {"utf8"=>"", "authenticity_token"=>"uEr+p0U1dyJH/0WmpwXYQuhJkBU5d/RYn7khBn4yjOo=", "rate"=>{"transferringprogram"=>"spg", "transfereeprogram"=>"aeromexico", "transferratio"=>"1.0", "transfernotes"=>"For every 20,000 Starpoints transferred within the same transaction, Starwood will automatically add another 5,000 Starpoints."}, "commit"=>"Create Rate"}
I, [2015-03-23T21:19:27.621255 #28469]  INFO -- : Redirected to http://dev.tralue.com/rates/31
I, [2015-03-23T21:19:27.622146 #28469]  INFO -- : Completed 302 Found in 44ms (ActiveRecord: 13.4ms)
I, [2015-03-23T21:19:27.658300 #28466]  INFO -- : Started GET "/rates/31" for 198.178.132.252 at 2015-03-23 21:19:27 +0000
I, [2015-03-23T21:19:27.662623 #28466]  INFO -- : Processing by RatesController#show as HTML
I, [2015-03-23T21:19:27.663023 #28466]  INFO -- :   Parameters: {"id"=>"31"}
I, [2015-03-23T21:19:27.672307 #28466]  INFO -- :   Rendered rates/show.html.erb within layouts/application (1.7ms)
I, [2015-03-23T21:19:27.674230 #28466]  INFO -- : Completed 200 OK in 11ms (Views: 4.5ms | ActiveRecord: 0.9ms)
I, [2015-03-23T21:19:35.545533 #28469]  INFO -- : Started POST "/rates" for 198.178.132.252 at 2015-03-23 21:19:35 +0000
I, [2015-03-23T21:19:35.547274 #28469]  INFO -- : Processing by RatesController#create as HTML
I, [2015-03-23T21:19:35.547622 #28469]  INFO -- :   Parameters: {"utf8"=>"", "authenticity_token"=>"uEr+p0U1dyJH/0WmpwXYQuhJkBU5d/RYn7khBn4yjOo=", "rate"=>{"transferringprogram"=>"spg", "transfereeprogram"=>"aeroplan", "transferratio"=>"1.0", "transfernotes"=>"For every 20,000 Starpoints transferred within the same transaction, Starwood will automatically add another 5,000 Starpoints."}, "commit"=>"Create Rate"}
I, [2015-03-23T21:19:35.556675 #28469]  INFO -- : Redirected to http://dev.tralue.com/rates/32
I, [2015-03-23T21:19:35.557146 #28469]  INFO -- : Completed 302 Found in 9ms (ActiveRecord: 4.8ms)
I, [2015-03-23T21:19:35.591169 #28463]  INFO -- : Started GET "/rates/32" for 198.178.132.252 at 2015-03-23 21:19:35 +0000
I, [2015-03-23T21:19:35.599145 #28463]  INFO -- : Processing by RatesController#show as HTML
I, [2015-03-23T21:19:35.599399 #28463]  INFO -- :   Parameters: {"id"=>"32"}
I, [2015-03-23T21:19:35.608131 #28463]  INFO -- :   Rendered rates/show.html.erb within layouts/application (1.4ms)
I, [2015-03-23T21:19:35.609758 #28463]  INFO -- : Completed 200 OK in 10ms (Views: 4.2ms | ActiveRecord: 0.6ms)
I, [2015-03-23T21:19:46.258674 #28469]  INFO -- : Started POST "/rates" for 198.178.132.252 at 2015-03-23 21:19:46 +0000
I, [2015-03-23T21:19:46.261509 #28469]  INFO -- : Processing by RatesController#create as HTML
I, [2015-03-23T21:19:46.261701 #28469]  INFO -- :   Parameters: {"utf8"=>"", "authenticity_token"=>"uEr+p0U1dyJH/0WmpwXYQuhJkBU5d/RYn7khBn4yjOo=", "rate"=>{"transferringprogram"=>"spg", "transfereeprogram"=>"airberlin", "transferratio"=>"1.0", "transfernotes"=>"For every 20,000 Starpoints transferred within the same transaction, Starwood will automatically add another 5,000 Starpoints."}, "commit"=>"Create Rate"}
I, [2015-03-23T21:19:46.269504 #28469]  INFO -- : Redirected to http://dev.tralue.com/rates/33
I, [2015-03-23T21:19:46.269897 #28469]  INFO -- : Completed 302 Found in 8ms (ActiveRecord: 3.9ms)
I, [2015-03-23T21:19:46.303756 #28471]  INFO -- : Started GET "/rates/33" for 198.178.132.252 at 2015-03-23 21:19:46 +0000
I, [2015-03-23T21:19:46.308753 #28471]  INFO -- : Processing by RatesController#show as HTML
I, [2015-03-23T21:19:46.309163 #28471]  INFO -- :   Parameters: {"id"=>"33"}
I, [2015-03-23T21:19:46.317300 #28471]  INFO -- :   Rendered rates/show.html.erb within layouts/application (1.3ms)
I, [2015-03-23T21:19:46.318911 #28471]  INFO -- : Completed 200 OK in 10ms (Views: 4.1ms | ActiveRecord: 0.5ms)
I, [2015-03-23T21:19:58.849331 #28469]  INFO -- : Started POST "/rates" for 198.178.132.252 at 2015-03-23 21:19:58 +0000
I, [2015-03-23T21:19:58.850584 #28469]  INFO -- : Processing by RatesController#create as HTML
I, [2015-03-23T21:19:58.850789 #28469]  INFO -- :   Parameters: {"utf8"=>"", "authenticity_token"=>"uEr+p0U1dyJH/0WmpwXYQuhJkBU5d/RYn7khBn4yjOo=", "rate"=>{"transferringprogram"=>"spg", "transfereeprogram"=>"airchina", "transferratio"=>"1.0", "transfernotes"=>"For every 20,000 Starpoints transferred within the same transaction, Starwood will automatically add another 5,000 Starpoints."}, "commit"=>"Create Rate"}
I, [2015-03-23T21:19:58.858239 #28469]  INFO -- : Redirected to http://dev.tralue.com/rates/34
I, [2015-03-23T21:19:58.858766 #28469]  INFO -- : Completed 302 Found in 8ms (ActiveRecord: 3.8ms)
I, [2015-03-23T21:19:58.891774 #28466]  INFO -- : Started GET "/rates/34" for 198.178.132.252 at 2015-03-23 21:19:58 +0000
I, [2015-03-23T21:19:58.893290 #28466]  INFO -- : Processing by RatesController#show as HTML
I, [2015-03-23T21:19:58.893436 #28466]  INFO -- :   Parameters: {"id"=>"34"}
I, [2015-03-23T21:19:58.896028 #28466]  INFO -- :   Rendered rates/show.html.erb within layouts/application (0.6ms)
I, [2015-03-23T21:19:58.896823 #28466]  INFO -- : Completed 200 OK in 3ms (Views: 1.7ms | ActiveRecord: 0.2ms)
I, [2015-03-23T21:22:27.907228 #28469]  INFO -- : Started POST "/rates" for 198.178.132.252 at 2015-03-23 21:22:27 +0000
I, [2015-03-23T21:22:27.911197 #28469]  INFO -- : Processing by RatesController#create as HTML
I, [2015-03-23T21:22:27.911665 #28469]  INFO -- :   Parameters: {"utf8"=>"", "authenticity_token"=>"uEr+p0U1dyJH/0WmpwXYQuhJkBU5d/RYn7khBn4yjOo=", "rate"=>{"transferringprogram"=>"spg", "transfereeprogram"=>"air_new_zealand", "transferratio"=>"0.015385", "transfernotes"=>"Never transfer more than 20,000 Starpoints per day to Air New Zealand, in order to avoid daily caps on transfers and bonuses. For every 20,000 Starpoints transferred within the same transaction, Starwood will automatically add another 5,000 Starpoints."}, "commit"=>"Create Rate"}
I, [2015-03-23T21:22:27.926136 #28469]  INFO -- : Redirected to http://dev.tralue.com/rates/35
I, [2015-03-23T21:22:27.926789 #28469]  INFO -- : Completed 302 Found in 15ms (ActiveRecord: 5.2ms)
I, [2015-03-23T21:22:27.960215 #28471]  INFO -- : Started GET "/rates/35" for 198.178.132.252 at 2015-03-23 21:22:27 +0000
I, [2015-03-23T21:22:27.963575 #28471]  INFO -- : Processing by RatesController#show as HTML
I, [2015-03-23T21:22:27.963880 #28471]  INFO -- :   Parameters: {"id"=>"35"}
I, [2015-03-23T21:22:27.970857 #28471]  INFO -- :   Rendered rates/show.html.erb within layouts/application (2.6ms)
I, [2015-03-23T21:22:27.972471 #28471]  INFO -- : Completed 200 OK in 8ms (Views: 5.0ms | ActiveRecord: 0.4ms)
I, [2015-03-23T21:23:02.075396 #28463]  INFO -- : Started POST "/rates" for 198.178.132.252 at 2015-03-23 21:23:02 +0000
I, [2015-03-23T21:23:02.078598 #28463]  INFO -- : Processing by RatesController#create as HTML
I, [2015-03-23T21:23:02.078868 #28463]  INFO -- :   Parameters: {"utf8"=>"", "authenticity_token"=>"uEr+p0U1dyJH/0WmpwXYQuhJkBU5d/RYn7khBn4yjOo=", "rate"=>{"transferringprogram"=>"spg", "transfereeprogram"=>"alaska", "transferratio"=>"1.0", "transfernotes"=>"For every 20,000 Starpoints transferred within the same transaction, Starwood will automatically add another 5,000 Starpoints."}, "commit"=>"Create Rate"}
I, [2015-03-23T21:23:02.091153 #28463]  INFO -- : Redirected to http://dev.tralue.com/rates/36
I, [2015-03-23T21:23:02.091745 #28463]  INFO -- : Completed 302 Found in 13ms (ActiveRecord: 4.2ms)
I, [2015-03-23T21:23:02.124371 #28466]  INFO -- : Started GET "/rates/36" for 198.178.132.252 at 2015-03-23 21:23:02 +0000
I, [2015-03-23T21:23:02.128567 #28466]  INFO -- : Processing by RatesController#show as HTML
I, [2015-03-23T21:23:02.128867 #28466]  INFO -- :   Parameters: {"id"=>"36"}
I, [2015-03-23T21:23:02.136735 #28466]  INFO -- :   Rendered rates/show.html.erb within layouts/application (0.8ms)
I, [2015-03-23T21:23:02.138771 #28466]  INFO -- : Completed 200 OK in 10ms (Views: 3.7ms | ActiveRecord: 0.6ms)
I, [2015-03-23T21:23:13.835497 #28463]  INFO -- : Started POST "/rates" for 198.178.132.252 at 2015-03-23 21:23:13 +0000
I, [2015-03-23T21:23:13.836976 #28463]  INFO -- : Processing by RatesController#create as HTML
I, [2015-03-23T21:23:13.837160 #28463]  INFO -- :   Parameters: {"utf8"=>"", "authenticity_token"=>"uEr+p0U1dyJH/0WmpwXYQuhJkBU5d/RYn7khBn4yjOo=", "rate"=>{"transferringprogram"=>"spg", "transfereeprogram"=>"alitalia", "transferratio"=>"1.0", "transfernotes"=>"For every 20,000 Starpoints transferred within the same transaction, Starwood will automatically add another 5,000 Starpoints."}, "commit"=>"Create Rate"}
I, [2015-03-23T21:23:13.844454 #28463]  INFO -- : Redirected to http://dev.tralue.com/rates/37
I, [2015-03-23T21:23:13.844991 #28463]  INFO -- : Completed 302 Found in 8ms (ActiveRecord: 3.7ms)
I, [2015-03-23T21:23:13.876753 #28466]  INFO -- : Started GET "/rates/37" for 198.178.132.252 at 2015-03-23 21:23:13 +0000
I, [2015-03-23T21:23:13.878020 #28466]  INFO -- : Processing by RatesController#show as HTML
I, [2015-03-23T21:23:13.878174 #28466]  INFO -- :   Parameters: {"id"=>"37"}
I, [2015-03-23T21:23:13.881075 #28466]  INFO -- :   Rendered rates/show.html.erb within layouts/application (0.6ms)
I, [2015-03-23T21:23:13.882009 #28466]  INFO -- : Completed 200 OK in 4ms (Views: 2.0ms | ActiveRecord: 0.3ms)
I, [2015-03-23T21:23:22.693669 #28463]  INFO -- : Started POST "/rates" for 198.178.132.252 at 2015-03-23 21:23:22 +0000
I, [2015-03-23T21:23:22.695048 #28463]  INFO -- : Processing by RatesController#create as HTML
I, [2015-03-23T21:23:22.695221 #28463]  INFO -- :   Parameters: {"utf8"=>"", "authenticity_token"=>"uEr+p0U1dyJH/0WmpwXYQuhJkBU5d/RYn7khBn4yjOo=", "rate"=>{"transferringprogram"=>"spg", "transfereeprogram"=>"ana", "transferratio"=>"1.0", "transfernotes"=>"For every 20,000 Starpoints transferred within the same transaction, Starwood will automatically add another 5,000 Starpoints."}, "commit"=>"Create Rate"}
I, [2015-03-23T21:23:22.704162 #28463]  INFO -- : Redirected to http://dev.tralue.com/rates/38
I, [2015-03-23T21:23:22.704678 #28463]  INFO -- : Completed 302 Found in 9ms (ActiveRecord: 5.0ms)
I, [2015-03-23T21:23:22.745262 #28466]  INFO -- : Started GET "/rates/38" for 198.178.132.252 at 2015-03-23 21:23:22 +0000
I, [2015-03-23T21:23:22.747118 #28466]  INFO -- : Processing by RatesController#show as HTML
I, [2015-03-23T21:23:22.747341 #28466]  INFO -- :   Parameters: {"id"=>"38"}
I, [2015-03-23T21:23:22.751121 #28466]  INFO -- :   Rendered rates/show.html.erb within layouts/application (0.9ms)
I, [2015-03-23T21:23:22.752673 #28466]  INFO -- : Completed 200 OK in 5ms (Views: 2.8ms | ActiveRecord: 0.3ms)
