I, [2015-03-23T02:05:57.617850 #1102]  INFO -- :   Rendered home/index.html.erb within layouts/application (0.2ms)
I, [2015-03-23T02:05:57.619096 #1102]  INFO -- : Completed 200 OK in 3ms (Views: 2.3ms | ActiveRecord: 0.0ms)
I, [2015-03-23T03:18:12.825246 #1097]  INFO -- : Started GET "/trips" for 50.109.125.87 at 2015-03-23 03:18:12 +0000
F, [2015-03-23T03:18:12.830046 #1097] FATAL -- : 
ActionController::RoutingError (No route matches [GET] "/trips"):
  actionpack (4.0.2) lib/action_dispatch/middleware/debug_exceptions.rb:21:in `call'
  actionpack (4.0.2) lib/action_dispatch/middleware/show_exceptions.rb:30:in `call'
  railties (4.0.2) lib/rails/rack/logger.rb:38:in `call_app'
  railties (4.0.2) lib/rails/rack/logger.rb:20:in `block in call'
  activesupport (4.0.2) lib/active_support/tagged_logging.rb:67:in `block in tagged'
  activesupport (4.0.2) lib/active_support/tagged_logging.rb:25:in `tagged'
  activesupport (4.0.2) lib/active_support/tagged_logging.rb:67:in `tagged'
  railties (4.0.2) lib/rails/rack/logger.rb:20:in `call'
  actionpack (4.0.2) lib/action_dispatch/middleware/request_id.rb:21:in `call'
  rack (1.5.2) lib/rack/methodoverride.rb:21:in `call'
  rack (1.5.2) lib/rack/runtime.rb:17:in `call'
  activesupport (4.0.2) lib/active_support/cache/strategy/local_cache.rb:83:in `call'
  rack (1.5.2) lib/rack/sendfile.rb:112:in `call'
  railties (4.0.2) lib/rails/engine.rb:511:in `call'
  railties (4.0.2) lib/rails/application.rb:97:in `call'
  unicorn (4.8.3) lib/unicorn/http_server.rb:576:in `process_client'
  unicorn (4.8.3) lib/unicorn/http_server.rb:670:in `worker_loop'
  unicorn (4.8.3) lib/unicorn/http_server.rb:525:in `spawn_missing_workers'
  unicorn (4.8.3) lib/unicorn/http_server.rb:140:in `start'
  unicorn (4.8.3) bin/unicorn:126:in `<top (required)>'
  /usr/local/rvm/gems/ruby-2.1.3/bin/unicorn:23:in `load'
  /usr/local/rvm/gems/ruby-2.1.3/bin/unicorn:23:in `<main>'
  /usr/local/rvm/gems/ruby-2.0.0-p353/bin/ruby_executable_hooks:15:in `eval'
  /usr/local/rvm/gems/ruby-2.0.0-p353/bin/ruby_executable_hooks:15:in `<main>'


I, [2015-03-23T03:28:19.398547 #1102]  INFO -- : Started GET "/" for 50.109.125.87 at 2015-03-23 03:28:19 +0000
I, [2015-03-23T03:28:19.400939 #1102]  INFO -- : Processing by HomeController#index as HTML
I, [2015-03-23T03:28:19.404063 #1102]  INFO -- :   Rendered home/index.html.erb within layouts/application (0.2ms)
I, [2015-03-23T03:28:19.405148 #1102]  INFO -- : Completed 200 OK in 4ms (Views: 1.9ms | ActiveRecord: 0.0ms)
I, [2015-03-23T03:28:19.539231 #1097]  INFO -- : Started GET "/assets/rails.png" for 50.109.125.87 at 2015-03-23 03:28:19 +0000
I, [2015-03-23T03:31:25.206760 #1099]  INFO -- : Started GET "/" for 50.109.125.87 at 2015-03-23 03:31:25 +0000
I, [2015-03-23T03:31:25.330732 #1099]  INFO -- : Processing by HomeController#index as HTML
I, [2015-03-23T03:31:25.341747 #1099]  INFO -- :   Rendered home/index.html.erb within layouts/application (0.8ms)
I, [2015-03-23T03:31:25.343155 #1099]  INFO -- : Completed 200 OK in 12ms (Views: 4.0ms | ActiveRecord: 0.0ms)
I, [2015-03-23T03:31:25.486488 #1094]  INFO -- : Started GET "/assets/rails.png" for 50.109.125.87 at 2015-03-23 03:31:25 +0000
I, [2015-03-23T03:31:48.365914 #1099]  INFO -- : Started GET "/" for 50.109.125.87 at 2015-03-23 03:31:48 +0000
I, [2015-03-23T03:31:48.367982 #1099]  INFO -- : Processing by HomeController#index as HTML
I, [2015-03-23T03:31:48.369431 #1099]  INFO -- :   Rendered home/index.html.erb within layouts/application (0.2ms)
I, [2015-03-23T03:31:48.370183 #1099]  INFO -- : Completed 200 OK in 2ms (Views: 1.3ms | ActiveRecord: 0.0ms)
I, [2015-03-23T03:31:48.494732 #1097]  INFO -- : Started GET "/assets/rails.png" for 50.109.125.87 at 2015-03-23 03:31:48 +0000
I, [2015-03-23T03:32:00.212836 #1102]  INFO -- : Started GET "/welcome" for 50.109.125.87 at 2015-03-23 03:32:00 +0000
F, [2015-03-23T03:32:00.216860 #1102] FATAL -- : 
ActionController::RoutingError (No route matches [GET] "/welcome"):
  actionpack (4.0.2) lib/action_dispatch/middleware/debug_exceptions.rb:21:in `call'
  actionpack (4.0.2) lib/action_dispatch/middleware/show_exceptions.rb:30:in `call'
  railties (4.0.2) lib/rails/rack/logger.rb:38:in `call_app'
  railties (4.0.2) lib/rails/rack/logger.rb:20:in `block in call'
  activesupport (4.0.2) lib/active_support/tagged_logging.rb:67:in `block in tagged'
  activesupport (4.0.2) lib/active_support/tagged_logging.rb:25:in `tagged'
  activesupport (4.0.2) lib/active_support/tagged_logging.rb:67:in `tagged'
  railties (4.0.2) lib/rails/rack/logger.rb:20:in `call'
  actionpack (4.0.2) lib/action_dispatch/middleware/request_id.rb:21:in `call'
  rack (1.5.2) lib/rack/methodoverride.rb:21:in `call'
  rack (1.5.2) lib/rack/runtime.rb:17:in `call'
  activesupport (4.0.2) lib/active_support/cache/strategy/local_cache.rb:83:in `call'
  rack (1.5.2) lib/rack/sendfile.rb:112:in `call'
  railties (4.0.2) lib/rails/engine.rb:511:in `call'
  railties (4.0.2) lib/rails/application.rb:97:in `call'
  unicorn (4.8.3) lib/unicorn/http_server.rb:576:in `process_client'
  unicorn (4.8.3) lib/unicorn/http_server.rb:670:in `worker_loop'
  unicorn (4.8.3) lib/unicorn/http_server.rb:525:in `spawn_missing_workers'
  unicorn (4.8.3) lib/unicorn/http_server.rb:140:in `start'
  unicorn (4.8.3) bin/unicorn:126:in `<top (required)>'
  /usr/local/rvm/gems/ruby-2.1.3/bin/unicorn:23:in `load'
  /usr/local/rvm/gems/ruby-2.1.3/bin/unicorn:23:in `<main>'
  /usr/local/rvm/gems/ruby-2.0.0-p353/bin/ruby_executable_hooks:15:in `eval'
  /usr/local/rvm/gems/ruby-2.0.0-p353/bin/ruby_executable_hooks:15:in `<main>'


I, [2015-03-23T03:32:08.210579 #1094]  INFO -- : Started GET "/welcome/blah" for 50.109.125.87 at 2015-03-23 03:32:08 +0000
F, [2015-03-23T03:32:08.212502 #1094] FATAL -- : 
ActionController::RoutingError (No route matches [GET] "/welcome/blah"):
  actionpack (4.0.2) lib/action_dispatch/middleware/debug_exceptions.rb:21:in `call'
  actionpack (4.0.2) lib/action_dispatch/middleware/show_exceptions.rb:30:in `call'
  railties (4.0.2) lib/rails/rack/logger.rb:38:in `call_app'
  railties (4.0.2) lib/rails/rack/logger.rb:20:in `block in call'
  activesupport (4.0.2) lib/active_support/tagged_logging.rb:67:in `block in tagged'
  activesupport (4.0.2) lib/active_support/tagged_logging.rb:25:in `tagged'
  activesupport (4.0.2) lib/active_support/tagged_logging.rb:67:in `tagged'
  railties (4.0.2) lib/rails/rack/logger.rb:20:in `call'
  actionpack (4.0.2) lib/action_dispatch/middleware/request_id.rb:21:in `call'
  rack (1.5.2) lib/rack/methodoverride.rb:21:in `call'
  rack (1.5.2) lib/rack/runtime.rb:17:in `call'
  activesupport (4.0.2) lib/active_support/cache/strategy/local_cache.rb:83:in `call'
  rack (1.5.2) lib/rack/sendfile.rb:112:in `call'
  railties (4.0.2) lib/rails/engine.rb:511:in `call'
  railties (4.0.2) lib/rails/application.rb:97:in `call'
  unicorn (4.8.3) lib/unicorn/http_server.rb:576:in `process_client'
  unicorn (4.8.3) lib/unicorn/http_server.rb:670:in `worker_loop'
  unicorn (4.8.3) lib/unicorn/http_server.rb:525:in `spawn_missing_workers'
  unicorn (4.8.3) lib/unicorn/http_server.rb:140:in `start'
  unicorn (4.8.3) bin/unicorn:126:in `<top (required)>'
  /usr/local/rvm/gems/ruby-2.1.3/bin/unicorn:23:in `load'
  /usr/local/rvm/gems/ruby-2.1.3/bin/unicorn:23:in `<main>'
  /usr/local/rvm/gems/ruby-2.0.0-p353/bin/ruby_executable_hooks:15:in `eval'
  /usr/local/rvm/gems/ruby-2.0.0-p353/bin/ruby_executable_hooks:15:in `<main>'


I, [2015-03-23T03:34:12.512843 #16823]  INFO -- : Started GET "/welcome/blah" for 50.109.125.87 at 2015-03-23 03:34:12 +0000
F, [2015-03-23T03:34:12.543298 #16823] FATAL -- : 
ActionController::RoutingError (No route matches [GET] "/welcome/blah"):
  actionpack (4.0.2) lib/action_dispatch/middleware/debug_exceptions.rb:21:in `call'
  actionpack (4.0.2) lib/action_dispatch/middleware/show_exceptions.rb:30:in `call'
  railties (4.0.2) lib/rails/rack/logger.rb:38:in `call_app'
  railties (4.0.2) lib/rails/rack/logger.rb:20:in `block in call'
  activesupport (4.0.2) lib/active_support/tagged_logging.rb:67:in `block in tagged'
  activesupport (4.0.2) lib/active_support/tagged_logging.rb:25:in `tagged'
  activesupport (4.0.2) lib/active_support/tagged_logging.rb:67:in `tagged'
  railties (4.0.2) lib/rails/rack/logger.rb:20:in `call'
  actionpack (4.0.2) lib/action_dispatch/middleware/request_id.rb:21:in `call'
  rack (1.5.2) lib/rack/methodoverride.rb:21:in `call'
  rack (1.5.2) lib/rack/runtime.rb:17:in `call'
  activesupport (4.0.2) lib/active_support/cache/strategy/local_cache.rb:83:in `call'
  rack (1.5.2) lib/rack/sendfile.rb:112:in `call'
  railties (4.0.2) lib/rails/engine.rb:511:in `call'
  railties (4.0.2) lib/rails/application.rb:97:in `call'
  unicorn (4.8.3) lib/unicorn/http_server.rb:576:in `process_client'
  unicorn (4.8.3) lib/unicorn/http_server.rb:670:in `worker_loop'
  unicorn (4.8.3) lib/unicorn/http_server.rb:525:in `spawn_missing_workers'
  unicorn (4.8.3) lib/unicorn/http_server.rb:140:in `start'
  unicorn (4.8.3) bin/unicorn:126:in `<top (required)>'
  /usr/local/rvm/gems/ruby-2.1.3/bin/unicorn:23:in `load'
  /usr/local/rvm/gems/ruby-2.1.3/bin/unicorn:23:in `<main>'
  /usr/local/rvm/gems/ruby-2.0.0-p353/bin/ruby_executable_hooks:15:in `eval'
  /usr/local/rvm/gems/ruby-2.0.0-p353/bin/ruby_executable_hooks:15:in `<main>'


I, [2015-03-23T03:34:15.635117 #16825]  INFO -- : Started GET "/welcome" for 50.109.125.87 at 2015-03-23 03:34:15 +0000
F, [2015-03-23T03:34:15.644468 #16825] FATAL -- : 
ActionController::RoutingError (No route matches [GET] "/welcome"):
  actionpack (4.0.2) lib/action_dispatch/middleware/debug_exceptions.rb:21:in `call'
  actionpack (4.0.2) lib/action_dispatch/middleware/show_exceptions.rb:30:in `call'
  railties (4.0.2) lib/rails/rack/logger.rb:38:in `call_app'
  railties (4.0.2) lib/rails/rack/logger.rb:20:in `block in call'
  activesupport (4.0.2) lib/active_support/tagged_logging.rb:67:in `block in tagged'
  activesupport (4.0.2) lib/active_support/tagged_logging.rb:25:in `tagged'
  activesupport (4.0.2) lib/active_support/tagged_logging.rb:67:in `tagged'
  railties (4.0.2) lib/rails/rack/logger.rb:20:in `call'
  actionpack (4.0.2) lib/action_dispatch/middleware/request_id.rb:21:in `call'
  rack (1.5.2) lib/rack/methodoverride.rb:21:in `call'
  rack (1.5.2) lib/rack/runtime.rb:17:in `call'
  activesupport (4.0.2) lib/active_support/cache/strategy/local_cache.rb:83:in `call'
  rack (1.5.2) lib/rack/sendfile.rb:112:in `call'
  railties (4.0.2) lib/rails/engine.rb:511:in `call'
  railties (4.0.2) lib/rails/application.rb:97:in `call'
  unicorn (4.8.3) lib/unicorn/http_server.rb:576:in `process_client'
  unicorn (4.8.3) lib/unicorn/http_server.rb:670:in `worker_loop'
  unicorn (4.8.3) lib/unicorn/http_server.rb:525:in `spawn_missing_workers'
  unicorn (4.8.3) lib/unicorn/http_server.rb:140:in `start'
  unicorn (4.8.3) bin/unicorn:126:in `<top (required)>'
  /usr/local/rvm/gems/ruby-2.1.3/bin/unicorn:23:in `load'
  /usr/local/rvm/gems/ruby-2.1.3/bin/unicorn:23:in `<main>'
  /usr/local/rvm/gems/ruby-2.0.0-p353/bin/ruby_executable_hooks:15:in `eval'
  /usr/local/rvm/gems/ruby-2.0.0-p353/bin/ruby_executable_hooks:15:in `<main>'


I, [2015-03-23T03:34:20.745688 #16823]  INFO -- : Started GET "/creditcards" for 50.109.125.87 at 2015-03-23 03:34:20 +0000
I, [2015-03-23T03:34:20.748428 #16823]  INFO -- : Processing by CreditcardsController#index as HTML
E, [2015-03-23T03:34:20.787697 #16823] ERROR -- : SQLite3::SQLException: no such table: creditcards: SELECT "creditcards".* FROM "creditcards"
I, [2015-03-23T03:34:20.788832 #16823]  INFO -- :   Rendered creditcards/index.html.erb within layouts/application (20.4ms)
I, [2015-03-23T03:34:20.789292 #16823]  INFO -- : Completed 500 Internal Server Error in 41ms
F, [2015-03-23T03:34:20.791939 #16823] FATAL -- : 
ActionView::Template::Error (SQLite3::SQLException: no such table: creditcards: SELECT "creditcards".* FROM "creditcards"):
     6:         <th>Issuer</th>
     7:     </tr>
     8:     
     9:     <% @creditcards.each do |cc| %>
    10:         <tr>
    11:             <td><%= cc.name %></td>
    12:             <td><%= cc.issuer %></td>
  app/views/creditcards/index.html.erb:9:in `_app_views_creditcards_index_html_erb__3959525454189706544_24316880'


I, [2015-03-23T03:35:26.643769 #16825]  INFO -- : Started GET "/creditcards" for 50.109.125.87 at 2015-03-23 03:35:26 +0000
I, [2015-03-23T03:35:26.646609 #16825]  INFO -- : Processing by CreditcardsController#index as HTML
E, [2015-03-23T03:35:26.661757 #16825] ERROR -- : SQLite3::SQLException: no such table: creditcards: SELECT "creditcards".* FROM "creditcards"
I, [2015-03-23T03:35:26.662406 #16825]  INFO -- :   Rendered creditcards/index.html.erb within layouts/application (2.6ms)
I, [2015-03-23T03:35:26.662559 #16825]  INFO -- : Completed 500 Internal Server Error in 16ms
F, [2015-03-23T03:35:26.664540 #16825] FATAL -- : 
ActionView::Template::Error (SQLite3::SQLException: no such table: creditcards: SELECT "creditcards".* FROM "creditcards"):
     6:         <th>Issuer</th>
     7:     </tr>
     8:     
     9:     <% @creditcards.each do |cc| %>
    10:         <tr>
    11:             <td><%= cc.name %></td>
    12:             <td><%= cc.issuer %></td>
  app/views/creditcards/index.html.erb:9:in `_app_views_creditcards_index_html_erb__3959525454189706544_32160140'


I, [2015-03-23T03:36:48.360867 #17130]  INFO -- : Started GET "/creditcards" for 50.109.125.87 at 2015-03-23 03:36:48 +0000
I, [2015-03-23T03:36:48.382324 #17130]  INFO -- : Processing by CreditcardsController#index as HTML
E, [2015-03-23T03:36:48.409398 #17130] ERROR -- : SQLite3::SQLException: no such table: creditcards: SELECT "creditcards".* FROM "creditcards"
I, [2015-03-23T03:36:48.410859 #17130]  INFO -- :   Rendered creditcards/index.html.erb within layouts/application (5.2ms)
I, [2015-03-23T03:36:48.411182 #17130]  INFO -- : Completed 500 Internal Server Error in 29ms
F, [2015-03-23T03:36:48.415483 #17130] FATAL -- : 
ActionView::Template::Error (SQLite3::SQLException: no such table: creditcards: SELECT "creditcards".* FROM "creditcards"):
     6:         <th>Issuer</th>
     7:     </tr>
     8:     
     9:     <% @creditcards.each do |cc| %>
    10:         <tr>
    11:             <td><%= cc.name %></td>
    12:             <td><%= cc.issuer %></td>
  app/views/creditcards/index.html.erb:9:in `_app_views_creditcards_index_html_erb___60589454708319968_22784740'


I, [2015-03-23T04:54:27.244176 #17136]  INFO -- : Started GET "/" for 45.56.93.228 at 2015-03-23 04:54:27 +0000
I, [2015-03-23T04:54:27.292211 #17136]  INFO -- : Processing by WelcomeController#index as HTML
I, [2015-03-23T04:54:27.323689 #17136]  INFO -- :   Rendered welcome/index.html.erb within layouts/application (6.6ms)
I, [2015-03-23T04:54:27.328134 #17136]  INFO -- : Completed 200 OK in 35ms (Views: 17.4ms | ActiveRecord: 0.0ms)
I, [2015-03-23T08:40:46.287250 #17128]  INFO -- : Started GET "/" for 61.240.144.67 at 2015-03-23 08:40:46 +0000
I, [2015-03-23T08:40:46.333851 #17128]  INFO -- : Processing by WelcomeController#index as */*
I, [2015-03-23T08:40:46.373449 #17128]  INFO -- :   Rendered welcome/index.html.erb within layouts/application (8.9ms)
I, [2015-03-23T08:40:46.378763 #17128]  INFO -- : Completed 200 OK in 44ms (Views: 25.9ms | ActiveRecord: 0.0ms)
I, [2015-03-23T09:10:48.354657 #17130]  INFO -- : Started GET "/" for 128.61.240.66 at 2015-03-23 09:10:48 +0000
I, [2015-03-23T09:10:48.377187 #17130]  INFO -- : Processing by WelcomeController#index as */*
I, [2015-03-23T09:10:48.404692 #17130]  INFO -- :   Rendered welcome/index.html.erb within layouts/application (11.1ms)
I, [2015-03-23T09:10:48.411337 #17130]  INFO -- : Completed 200 OK in 34ms (Views: 28.7ms | ActiveRecord: 0.0ms)
I, [2015-03-23T11:11:30.649227 #17128]  INFO -- : Started GET "/" for 45.56.93.228 at 2015-03-23 11:11:30 +0000
I, [2015-03-23T11:11:30.660671 #17128]  INFO -- : Processing by WelcomeController#index as HTML
I, [2015-03-23T11:11:30.672143 #17128]  INFO -- :   Rendered welcome/index.html.erb within layouts/application (6.1ms)
I, [2015-03-23T11:11:30.674956 #17128]  INFO -- : Completed 200 OK in 14ms (Views: 12.2ms | ActiveRecord: 0.0ms)
I, [2015-03-23T13:08:25.193287 #17128]  INFO -- : Started GET "/creditcards" for 198.178.132.246 at 2015-03-23 13:08:25 +0000
I, [2015-03-23T13:08:25.199222 #17128]  INFO -- : Processing by CreditcardsController#index as HTML
E, [2015-03-23T13:08:25.211163 #17128] ERROR -- : SQLite3::SQLException: no such table: creditcards: SELECT "creditcards".* FROM "creditcards"
I, [2015-03-23T13:08:25.212130 #17128]  INFO -- :   Rendered creditcards/index.html.erb within layouts/application (6.1ms)
I, [2015-03-23T13:08:25.212423 #17128]  INFO -- : Completed 500 Internal Server Error in 13ms
F, [2015-03-23T13:08:25.214932 #17128] FATAL -- : 
ActionView::Template::Error (SQLite3::SQLException: no such table: creditcards: SELECT "creditcards".* FROM "creditcards"):
     6:         <th>Issuer</th>
     7:     </tr>
     8:     
     9:     <% @creditcards.each do |cc| %>
    10:         <tr>
    11:             <td><%= cc.name %></td>
    12:             <td><%= cc.issuer %></td>
  app/views/creditcards/index.html.erb:9:in `_app_views_creditcards_index_html_erb___60589454708319968_13312040'


I, [2015-03-23T13:12:02.520919 #17136]  INFO -- : Started GET "/trips" for 198.178.132.246 at 2015-03-23 13:12:02 +0000
I, [2015-03-23T13:12:02.535824 #17136]  INFO -- : Processing by TripsController#index as HTML
E, [2015-03-23T13:12:02.554225 #17136] ERROR -- : SQLite3::SQLException: no such table: trips: SELECT "trips".* FROM "trips"
I, [2015-03-23T13:12:02.555477 #17136]  INFO -- :   Rendered trips/index.html.erb within layouts/application (7.6ms)
I, [2015-03-23T13:12:02.555944 #17136]  INFO -- : Completed 500 Internal Server Error in 20ms
F, [2015-03-23T13:12:02.558709 #17136] FATAL -- : 
ActionView::Template::Error (SQLite3::SQLException: no such table: trips: SELECT "trips".* FROM "trips"):
    24:         <th>AC USD</th>
    25:     </tr>
    26:     
    27:     <% @trips.each do |t| %>
    28:         <tr>
    29:             <td><%= t.name %></td>
    30:             <td><%= t.costinusd %></td>
  app/views/trips/index.html.erb:27:in `_app_views_trips_index_html_erb__1143248478131974381_13977860'


I, [2015-03-23T13:21:24.162235 #28466]  INFO -- : Started GET "/trips" for 198.178.132.246 at 2015-03-23 13:21:24 +0000
I, [2015-03-23T13:21:24.177161 #28466]  INFO -- : Processing by TripsController#index as HTML
E, [2015-03-23T13:21:24.192035 #28466] ERROR -- : SQLite3::SQLException: no such table: trips: SELECT "trips".* FROM "trips"
I, [2015-03-23T13:21:24.192766 #28466]  INFO -- :   Rendered trips/index.html.erb within layouts/application (4.0ms)
I, [2015-03-23T13:21:24.192981 #28466]  INFO -- : Completed 500 Internal Server Error in 16ms
F, [2015-03-23T13:21:24.195324 #28466] FATAL -- : 
ActionView::Template::Error (SQLite3::SQLException: no such table: trips: SELECT "trips".* FROM "trips"):
    24:         <th>AC USD</th>
    25:     </tr>
    26:     
    27:     <% @trips.each do |t| %>
    28:         <tr>
    29:             <td><%= t.name %></td>
    30:             <td><%= t.costinusd %></td>
  app/views/trips/index.html.erb:27:in `_app_views_trips_index_html_erb__2813701899677727355_37048500'


I, [2015-03-23T13:58:05.154229 #28777]  INFO -- : Migrating to CreateCreditcards (20150322213616)
I, [2015-03-23T13:58:05.170724 #28777]  INFO -- : Migrating to CreateTrips (20150322213631)
I, [2015-03-23T13:58:05.177864 #28777]  INFO -- : Migrating to CreateRates (20150322213645)
I, [2015-03-23T13:58:05.186368 #28777]  INFO -- : Migrating to CreateResults (20150322213656)
I, [2015-03-23T14:03:40.700932 #28469]  INFO -- : Started GET "/" for 198.178.132.246 at 2015-03-23 14:03:40 +0000
I, [2015-03-23T14:03:40.719722 #28469]  INFO -- : Processing by WelcomeController#index as HTML
I, [2015-03-23T14:03:40.738585 #28469]  INFO -- :   Rendered welcome/index.html.erb within layouts/application (4.0ms)
I, [2015-03-23T14:03:40.740941 #28469]  INFO -- : Completed 200 OK in 21ms (Views: 10.9ms | ActiveRecord: 0.0ms)
I, [2015-03-23T14:03:46.339078 #28463]  INFO -- : Started GET "/rates" for 198.178.132.246 at 2015-03-23 14:03:46 +0000
I, [2015-03-23T14:03:46.358410 #28463]  INFO -- : Processing by RatesController#index as HTML
I, [2015-03-23T14:03:46.375948 #28463]  INFO -- :   Rendered rates/index.html.erb within layouts/application (3.6ms)
I, [2015-03-23T14:03:46.378039 #28463]  INFO -- : Completed 200 OK in 19ms (Views: 7.9ms | ActiveRecord: 0.9ms)
I, [2015-03-23T14:04:06.027362 #28469]  INFO -- : Started GET "/rates/new" for 198.178.132.246 at 2015-03-23 14:04:06 +0000
I, [2015-03-23T14:04:06.039273 #28469]  INFO -- : Processing by RatesController#new as HTML
I, [2015-03-23T14:04:06.044587 #28469]  INFO -- : Filter chain halted as #<Proc:0x000000049a5ed0@/usr/local/rvm/gems/ruby-2.1.3/gems/actionpack-4.0.2/lib/action_controller/metal/http_authentication.rb:71> rendered or redirected
I, [2015-03-23T14:04:06.045013 #28469]  INFO -- : Completed 401 Unauthorized in 5ms (ActiveRecord: 0.0ms)
I, [2015-03-23T14:04:10.902116 #28471]  INFO -- : Started GET "/rates/new" for 198.178.132.246 at 2015-03-23 14:04:10 +0000
I, [2015-03-23T14:04:10.937979 #28471]  INFO -- : Processing by RatesController#new as HTML
I, [2015-03-23T14:04:11.034770 #28471]  INFO -- :   Rendered rates/_form.html.erb (57.2ms)
I, [2015-03-23T14:04:11.037184 #28471]  INFO -- :   Rendered rates/new.html.erb within layouts/application (65.9ms)
I, [2015-03-23T14:04:11.040618 #28471]  INFO -- : Completed 200 OK in 102ms (Views: 75.3ms | ActiveRecord: 2.3ms)
I, [2015-03-23T14:04:21.192517 #28469]  INFO -- : Started POST "/rates" for 198.178.132.246 at 2015-03-23 14:04:21 +0000
I, [2015-03-23T14:04:21.197477 #28469]  INFO -- : Processing by RatesController#create as HTML
I, [2015-03-23T14:04:21.197726 #28469]  INFO -- :   Parameters: {"utf8"=>"", "authenticity_token"=>"uEr+p0U1dyJH/0WmpwXYQuhJkBU5d/RYn7khBn4yjOo=", "rate"=>{"transferringprogram"=>"american", "transfereeprogram"=>"american", "transferratio"=>"1.0", "transfernotes"=>""}, "commit"=>"Create Rate"}
I, [2015-03-23T14:04:21.199296 #28469]  INFO -- : Filter chain halted as #<Proc:0x000000049a5ed0@/usr/local/rvm/gems/ruby-2.1.3/gems/actionpack-4.0.2/lib/action_controller/metal/http_authentication.rb:71> rendered or redirected
I, [2015-03-23T14:04:21.199747 #28469]  INFO -- : Completed 401 Unauthorized in 2ms (ActiveRecord: 0.0ms)
I, [2015-03-23T14:04:21.294059 #28463]  INFO -- : Started POST "/rates" for 198.178.132.246 at 2015-03-23 14:04:21 +0000
I, [2015-03-23T14:04:21.301857 #28463]  INFO -- : Processing by RatesController#create as HTML
I, [2015-03-23T14:04:21.302078 #28463]  INFO -- :   Parameters: {"utf8"=>"", "authenticity_token"=>"uEr+p0U1dyJH/0WmpwXYQuhJkBU5d/RYn7khBn4yjOo=", "rate"=>{"transferringprogram"=>"american", "transfereeprogram"=>"american", "transferratio"=>"1.0", "transfernotes"=>""}, "commit"=>"Create Rate"}
I, [2015-03-23T14:04:21.352743 #28463]  INFO -- : Redirected to http://dev.tralue.com/rates/1
I, [2015-03-23T14:04:21.353255 #28463]  INFO -- : Completed 302 Found in 51ms (ActiveRecord: 18.7ms)
I, [2015-03-23T14:04:21.390797 #28469]  INFO -- : Started GET "/rates/1" for 198.178.132.246 at 2015-03-23 14:04:21 +0000
I, [2015-03-23T14:04:21.392762 #28469]  INFO -- : Processing by RatesController#show as HTML
I, [2015-03-23T14:04:21.392879 #28469]  INFO -- :   Parameters: {"id"=>"1"}
I, [2015-03-23T14:04:21.433533 #28469]  INFO -- :   Rendered rates/show.html.erb within layouts/application (3.3ms)
I, [2015-03-23T14:04:21.435791 #28469]  INFO -- : Completed 200 OK in 43ms (Views: 9.2ms | ActiveRecord: 3.3ms)
I, [2015-03-23T14:04:28.173493 #28463]  INFO -- : Started POST "/rates" for 198.178.132.246 at 2015-03-23 14:04:28 +0000
I, [2015-03-23T14:04:28.174875 #28463]  INFO -- : Processing by RatesController#create as HTML
I, [2015-03-23T14:04:28.174964 #28463]  INFO -- :   Parameters: {"utf8"=>"", "authenticity_token"=>"uEr+p0U1dyJH/0WmpwXYQuhJkBU5d/RYn7khBn4yjOo=", "rate"=>{"transferringprogram"=>"united", "transfereeprogram"=>"united", "transferratio"=>"1.0", "transfernotes"=>""}, "commit"=>"Create Rate"}
I, [2015-03-23T14:04:28.181739 #28463]  INFO -- : Redirected to http://dev.tralue.com/rates/2
I, [2015-03-23T14:04:28.182002 #28463]  INFO -- : Completed 302 Found in 7ms (ActiveRecord: 3.1ms)
I, [2015-03-23T14:04:28.296139 #28466]  INFO -- : Started GET "/rates/2" for 198.178.132.246 at 2015-03-23 14:04:28 +0000
I, [2015-03-23T14:04:28.304359 #28466]  INFO -- : Processing by RatesController#show as HTML
I, [2015-03-23T14:04:28.304537 #28466]  INFO -- :   Parameters: {"id"=>"2"}
I, [2015-03-23T14:04:28.311163 #28466]  INFO -- : Completed 500 Internal Server Error in 6ms
F, [2015-03-23T14:04:28.313212 #28466] FATAL -- : 
ActiveRecord::StatementInvalid (Could not find table 'rates'):
  app/controllers/rates_controller.rb:9:in `show'


I, [2015-03-23T14:05:21.691129 #28463]  INFO -- : Started GET "/rates" for 198.178.132.246 at 2015-03-23 14:05:21 +0000
I, [2015-03-23T14:05:21.692622 #28463]  INFO -- : Processing by RatesController#index as HTML
I, [2015-03-23T14:05:21.697279 #28463]  INFO -- :   Rendered rates/index.html.erb within layouts/application (3.0ms)
I, [2015-03-23T14:05:21.698372 #28463]  INFO -- : Completed 200 OK in 6ms (Views: 4.4ms | ActiveRecord: 0.4ms)
I, [2015-03-23T14:05:31.490869 #28469]  INFO -- : Started GET "/rates/2" for 198.178.132.246 at 2015-03-23 14:05:31 +0000
I, [2015-03-23T14:05:31.494225 #28469]  INFO -- : Processing by RatesController#show as HTML
I, [2015-03-23T14:05:31.494825 #28469]  INFO -- :   Parameters: {"id"=>"2"}
I, [2015-03-23T14:05:31.501898 #28469]  INFO -- :   Rendered rates/show.html.erb within layouts/application (1.2ms)
I, [2015-03-23T14:05:31.504405 #28469]  INFO -- : Completed 200 OK in 9ms (Views: 4.7ms | ActiveRecord: 0.5ms)
I, [2015-03-23T14:05:33.849002 #28466]  INFO -- : Started GET "/rates" for 198.178.132.246 at 2015-03-23 14:05:33 +0000
I, [2015-03-23T14:05:33.851181 #28466]  INFO -- : Processing by RatesController#index as HTML
I, [2015-03-23T14:05:33.871263 #28466]  INFO -- :   Rendered rates/index.html.erb within layouts/application (16.8ms)
I, [2015-03-23T14:05:33.873674 #28466]  INFO -- : Completed 200 OK in 22ms (Views: 20.0ms | ActiveRecord: 1.2ms)
I, [2015-03-23T14:05:39.858097 #28469]  INFO -- : Started GET "/rates/n32" for 198.178.132.246 at 2015-03-23 14:05:39 +0000
I, [2015-03-23T14:05:39.860685 #28469]  INFO -- : Processing by RatesController#show as HTML
I, [2015-03-23T14:05:39.861025 #28469]  INFO -- :   Parameters: {"id"=>"n32"}
I, [2015-03-23T14:05:39.864859 #28469]  INFO -- : Completed 404 Not Found in 3ms
F, [2015-03-23T14:05:39.869080 #28469] FATAL -- : 
ActiveRecord::RecordNotFound (Couldn't find Rate with id=n32):
  app/controllers/rates_controller.rb:9:in `show'


I, [2015-03-23T14:05:42.578395 #28466]  INFO -- : Started GET "/rates/new" for 198.178.132.246 at 2015-03-23 14:05:42 +0000
I, [2015-03-23T14:05:42.580396 #28466]  INFO -- : Processing by RatesController#new as HTML
I, [2015-03-23T14:05:42.601925 #28466]  INFO -- :   Rendered rates/_form.html.erb (17.2ms)
I, [2015-03-23T14:05:42.602814 #28466]  INFO -- :   Rendered rates/new.html.erb within layouts/application (20.2ms)
I, [2015-03-23T14:05:42.603887 #28466]  INFO -- : Completed 200 OK in 23ms (Views: 22.1ms | ActiveRecord: 0.0ms)
I, [2015-03-23T14:05:50.132126 #28471]  INFO -- : Started POST "/rates" for 198.178.132.246 at 2015-03-23 14:05:50 +0000
I, [2015-03-23T14:05:50.137101 #28471]  INFO -- : Processing by RatesController#create as HTML
I, [2015-03-23T14:05:50.137453 #28471]  INFO -- :   Parameters: {"utf8"=>"", "authenticity_token"=>"uEr+p0U1dyJH/0WmpwXYQuhJkBU5d/RYn7khBn4yjOo=", "rate"=>{"transferringprogram"=>"delta", "transfereeprogram"=>"delta", "transferratio"=>"1.0", "transfernotes"=>""}, "commit"=>"Create Rate"}
I, [2015-03-23T14:05:50.161650 #28471]  INFO -- : Redirected to http://dev.tralue.com/rates/3
I, [2015-03-23T14:05:50.162168 #28471]  INFO -- : Completed 302 Found in 24ms (ActiveRecord: 11.5ms)
I, [2015-03-23T14:05:50.210859 #28466]  INFO -- : Started GET "/rates/3" for 198.178.132.246 at 2015-03-23 14:05:50 +0000
I, [2015-03-23T14:05:50.213204 #28466]  INFO -- : Processing by RatesController#show as HTML
I, [2015-03-23T14:05:50.213632 #28466]  INFO -- :   Parameters: {"id"=>"3"}
I, [2015-03-23T14:05:50.241395 #28466]  INFO -- :   Rendered rates/show.html.erb within layouts/application (1.8ms)
I, [2015-03-23T14:05:50.242802 #28466]  INFO -- : Completed 200 OK in 29ms (Views: 4.5ms | ActiveRecord: 0.6ms)
I, [2015-03-23T14:06:06.247859 #28471]  INFO -- : Started POST "/rates" for 198.178.132.246 at 2015-03-23 14:06:06 +0000
I, [2015-03-23T14:06:06.251189 #28471]  INFO -- : Processing by RatesController#create as HTML
I, [2015-03-23T14:06:06.251578 #28471]  INFO -- :   Parameters: {"utf8"=>"", "authenticity_token"=>"uEr+p0U1dyJH/0WmpwXYQuhJkBU5d/RYn7khBn4yjOo=", "rate"=>{"transferringprogram"=>"ty", "transfereeprogram"=>"cathay_pacific", "transferratio"=>"1.0", "transfernotes"=>""}, "commit"=>"Create Rate"}
I, [2015-03-23T14:06:06.265922 #28471]  INFO -- : Redirected to http://dev.tralue.com/rates/4
I, [2015-03-23T14:06:06.266685 #28471]  INFO -- : Completed 302 Found in 15ms (ActiveRecord: 7.0ms)
I, [2015-03-23T14:06:06.467351 #28463]  INFO -- : Started GET "/rates/4" for 198.178.132.246 at 2015-03-23 14:06:06 +0000
I, [2015-03-23T14:06:06.470303 #28463]  INFO -- : Processing by RatesController#show as HTML
I, [2015-03-23T14:06:06.470584 #28463]  INFO -- :   Parameters: {"id"=>"4"}
I, [2015-03-23T14:06:06.484317 #28463]  INFO -- :   Rendered rates/show.html.erb within layouts/application (2.5ms)
I, [2015-03-23T14:06:06.486044 #28463]  INFO -- : Completed 200 OK in 15ms (Views: 5.6ms | ActiveRecord: 0.8ms)
I, [2015-03-23T14:06:14.284668 #28471]  INFO -- : Started POST "/rates" for 198.178.132.246 at 2015-03-23 14:06:14 +0000
I, [2015-03-23T14:06:14.286975 #28471]  INFO -- : Processing by RatesController#create as HTML
I, [2015-03-23T14:06:14.287383 #28471]  INFO -- :   Parameters: {"utf8"=>"", "authenticity_token"=>"uEr+p0U1dyJH/0WmpwXYQuhJkBU5d/RYn7khBn4yjOo=", "rate"=>{"transferringprogram"=>"ty", "transfereeprogram"=>"eva", "transferratio"=>"1.0", "transfernotes"=>""}, "commit"=>"Create Rate"}
I, [2015-03-23T14:06:14.301091 #28471]  INFO -- : Redirected to http://dev.tralue.com/rates/5
I, [2015-03-23T14:06:14.301802 #28471]  INFO -- : Completed 302 Found in 14ms (ActiveRecord: 7.3ms)
I, [2015-03-23T14:06:14.380467 #28469]  INFO -- : Started GET "/rates/5" for 198.178.132.246 at 2015-03-23 14:06:14 +0000
I, [2015-03-23T14:06:14.382812 #28469]  INFO -- : Processing by RatesController#show as HTML
I, [2015-03-23T14:06:14.383147 #28469]  INFO -- :   Parameters: {"id"=>"5"}
I, [2015-03-23T14:06:14.387483 #28469]  INFO -- :   Rendered rates/show.html.erb within layouts/application (0.9ms)
I, [2015-03-23T14:06:14.389105 #28469]  INFO -- : Completed 200 OK in 6ms (Views: 3.0ms | ActiveRecord: 0.4ms)
I, [2015-03-23T14:06:18.934846 #28471]  INFO -- : Started POST "/rates" for 198.178.132.246 at 2015-03-23 14:06:18 +0000
I, [2015-03-23T14:06:18.948307 #28471]  INFO -- : Processing by RatesController#create as HTML
I, [2015-03-23T14:06:18.948683 #28471]  INFO -- :   Parameters: {"utf8"=>"", "authenticity_token"=>"uEr+p0U1dyJH/0WmpwXYQuhJkBU5d/RYn7khBn4yjOo=", "rate"=>{"transferringprogram"=>"ty", "transfereeprogram"=>"etihad", "transferratio"=>"1.0", "transfernotes"=>""}, "commit"=>"Create Rate"}
I, [2015-03-23T14:06:18.965998 #28471]  INFO -- : Redirected to http://dev.tralue.com/rates/6
I, [2015-03-23T14:06:18.966753 #28471]  INFO -- : Completed 302 Found in 18ms (ActiveRecord: 12.2ms)
I, [2015-03-23T14:06:19.001866 #28469]  INFO -- : Started GET "/rates/6" for 198.178.132.246 at 2015-03-23 14:06:19 +0000
I, [2015-03-23T14:06:19.005157 #28469]  INFO -- : Processing by RatesController#show as HTML
I, [2015-03-23T14:06:19.005338 #28469]  INFO -- :   Parameters: {"id"=>"6"}
I, [2015-03-23T14:06:19.010199 #28469]  INFO -- :   Rendered rates/show.html.erb within layouts/application (0.8ms)
I, [2015-03-23T14:06:19.011328 #28469]  INFO -- : Completed 200 OK in 6ms (Views: 2.5ms | ActiveRecord: 0.3ms)
I, [2015-03-23T14:06:24.577189 #28471]  INFO -- : Started POST "/rates" for 198.178.132.246 at 2015-03-23 14:06:24 +0000
I, [2015-03-23T14:06:24.579091 #28471]  INFO -- : Processing by RatesController#create as HTML
I, [2015-03-23T14:06:24.579312 #28471]  INFO -- :   Parameters: {"utf8"=>"", "authenticity_token"=>"uEr+p0U1dyJH/0WmpwXYQuhJkBU5d/RYn7khBn4yjOo=", "rate"=>{"transferringprogram"=>"ty", "transfereeprogram"=>"flying_blue", "transferratio"=>"1.0", "transfernotes"=>""}, "commit"=>"Create Rate"}
I, [2015-03-23T14:06:24.598084 #28471]  INFO -- : Redirected to http://dev.tralue.com/rates/7
I, [2015-03-23T14:06:24.598903 #28471]  INFO -- : Completed 302 Found in 19ms (ActiveRecord: 12.6ms)
I, [2015-03-23T14:06:24.719258 #28466]  INFO -- : Started GET "/rates/7" for 198.178.132.246 at 2015-03-23 14:06:24 +0000
I, [2015-03-23T14:06:24.723397 #28466]  INFO -- : Processing by RatesController#show as HTML
I, [2015-03-23T14:06:24.723629 #28466]  INFO -- :   Parameters: {"id"=>"7"}
I, [2015-03-23T14:06:24.730039 #28466]  INFO -- :   Rendered rates/show.html.erb within layouts/application (0.8ms)
I, [2015-03-23T14:06:24.731433 #28466]  INFO -- : Completed 200 OK in 8ms (Views: 3.2ms | ActiveRecord: 0.4ms)
I, [2015-03-23T14:06:35.826162 #28471]  INFO -- : Started POST "/rates" for 198.178.132.246 at 2015-03-23 14:06:35 +0000
I, [2015-03-23T14:06:35.836761 #28471]  INFO -- : Processing by RatesController#create as HTML
I, [2015-03-23T14:06:35.837653 #28471]  INFO -- :   Parameters: {"utf8"=>"", "authenticity_token"=>"uEr+p0U1dyJH/0WmpwXYQuhJkBU5d/RYn7khBn4yjOo=", "rate"=>{"transferringprogram"=>"ty", "transfereeprogram"=>"garuda_indonesia", "transferratio"=>"1.0", "transfernotes"=>""}, "commit"=>"Create Rate"}
I, [2015-03-23T14:06:35.859829 #28471]  INFO -- : Redirected to http://dev.tralue.com/rates/8
I, [2015-03-23T14:06:35.860820 #28471]  INFO -- : Completed 302 Found in 23ms (ActiveRecord: 8.8ms)
I, [2015-03-23T14:06:35.909807 #28466]  INFO -- : Started GET "/rates/8" for 198.178.132.246 at 2015-03-23 14:06:35 +0000
I, [2015-03-23T14:06:35.913287 #28466]  INFO -- : Processing by RatesController#show as HTML
I, [2015-03-23T14:06:35.913805 #28466]  INFO -- :   Parameters: {"id"=>"8"}
I, [2015-03-23T14:06:35.920929 #28466]  INFO -- :   Rendered rates/show.html.erb within layouts/application (1.3ms)
I, [2015-03-23T14:06:35.923202 #28466]  INFO -- : Completed 200 OK in 9ms (Views: 4.6ms | ActiveRecord: 0.6ms)
I, [2015-03-23T14:06:41.068094 #28471]  INFO -- : Started POST "/rates" for 198.178.132.246 at 2015-03-23 14:06:41 +0000
I, [2015-03-23T14:06:41.070501 #28471]  INFO -- : Processing by RatesController#create as HTML
I, [2015-03-23T14:06:41.070845 #28471]  INFO -- :   Parameters: {"utf8"=>"", "authenticity_token"=>"uEr+p0U1dyJH/0WmpwXYQuhJkBU5d/RYn7khBn4yjOo=", "rate"=>{"transferringprogram"=>"ty", "transfereeprogram"=>"malaysia", "transferratio"=>"1.0", "transfernotes"=>""}, "commit"=>"Create Rate"}
I, [2015-03-23T14:06:41.089104 #28471]  INFO -- : Redirected to http://dev.tralue.com/rates/9
I, [2015-03-23T14:06:41.090575 #28471]  INFO -- : Completed 302 Found in 19ms (ActiveRecord: 9.5ms)
I, [2015-03-23T14:06:41.312162 #28463]  INFO -- : Started GET "/rates/9" for 198.178.132.246 at 2015-03-23 14:06:41 +0000
I, [2015-03-23T14:06:41.320235 #28463]  INFO -- : Processing by RatesController#show as HTML
I, [2015-03-23T14:06:41.320706 #28463]  INFO -- :   Parameters: {"id"=>"9"}
I, [2015-03-23T14:06:41.333765 #28463]  INFO -- :   Rendered rates/show.html.erb within layouts/application (1.7ms)
I, [2015-03-23T14:06:41.336600 #28463]  INFO -- : Completed 200 OK in 15ms (Views: 6.4ms | ActiveRecord: 0.8ms)
I, [2015-03-23T14:06:49.423472 #28471]  INFO -- : Started POST "/rates" for 198.178.132.246 at 2015-03-23 14:06:49 +0000
I, [2015-03-23T14:06:49.425203 #28471]  INFO -- : Processing by RatesController#create as HTML
I, [2015-03-23T14:06:49.425538 #28471]  INFO -- :   Parameters: {"utf8"=>"", "authenticity_token"=>"uEr+p0U1dyJH/0WmpwXYQuhJkBU5d/RYn7khBn4yjOo=", "rate"=>{"transferringprogram"=>"ty", "transfereeprogram"=>"qantas", "transferratio"=>"1.0", "transfernotes"=>""}, "commit"=>"Create Rate"}
I, [2015-03-23T14:06:49.436463 #28471]  INFO -- : Redirected to http://dev.tralue.com/rates/10
I, [2015-03-23T14:06:49.437022 #28471]  INFO -- : Completed 302 Found in 11ms (ActiveRecord: 4.5ms)
I, [2015-03-23T14:06:49.471954 #28469]  INFO -- : Started GET "/rates/10" for 198.178.132.246 at 2015-03-23 14:06:49 +0000
I, [2015-03-23T14:06:49.474969 #28469]  INFO -- : Processing by RatesController#show as HTML
I, [2015-03-23T14:06:49.475191 #28469]  INFO -- :   Parameters: {"id"=>"10"}
I, [2015-03-23T14:06:49.480661 #28469]  INFO -- :   Rendered rates/show.html.erb within layouts/application (1.0ms)
I, [2015-03-23T14:06:49.481975 #28469]  INFO -- : Completed 200 OK in 7ms (Views: 3.0ms | ActiveRecord: 0.4ms)
I, [2015-03-23T14:06:53.708834 #28471]  INFO -- : Started POST "/rates" for 198.178.132.246 at 2015-03-23 14:06:53 +0000
I, [2015-03-23T14:06:53.709930 #28471]  INFO -- : Processing by RatesController#create as HTML
I, [2015-03-23T14:06:53.710013 #28471]  INFO -- :   Parameters: {"utf8"=>"", "authenticity_token"=>"uEr+p0U1dyJH/0WmpwXYQuhJkBU5d/RYn7khBn4yjOo=", "rate"=>{"transferringprogram"=>"ty", "transfereeprogram"=>"qatar", "transferratio"=>"1.0", "transfernotes"=>""}, "commit"=>"Create Rate"}
I, [2015-03-23T14:06:53.716156 #28471]  INFO -- : Redirected to http://dev.tralue.com/rates/11
I, [2015-03-23T14:06:53.716465 #28471]  INFO -- : Completed 302 Found in 6ms (ActiveRecord: 3.0ms)
I, [2015-03-23T14:06:53.750913 #28469]  INFO -- : Started GET "/rates/11" for 198.178.132.246 at 2015-03-23 14:06:53 +0000
I, [2015-03-23T14:06:53.752232 #28469]  INFO -- : Processing by RatesController#show as HTML
I, [2015-03-23T14:06:53.752374 #28469]  INFO -- :   Parameters: {"id"=>"11"}
I, [2015-03-23T14:06:53.773090 #28469]  INFO -- :   Rendered rates/show.html.erb within layouts/application (0.7ms)
I, [2015-03-23T14:06:53.774145 #28469]  INFO -- : Completed 200 OK in 22ms (Views: 19.6ms | ActiveRecord: 0.3ms)
I, [2015-03-23T14:06:58.369368 #28471]  INFO -- : Started POST "/rates" for 198.178.132.246 at 2015-03-23 14:06:58 +0000
I, [2015-03-23T14:06:58.371652 #28471]  INFO -- : Processing by RatesController#create as HTML
I, [2015-03-23T14:06:58.372045 #28471]  INFO -- :   Parameters: {"utf8"=>"", "authenticity_token"=>"uEr+p0U1dyJH/0WmpwXYQuhJkBU5d/RYn7khBn4yjOo=", "rate"=>{"transferringprogram"=>"ty", "transfereeprogram"=>"singapore", "transferratio"=>"1.0", "transfernotes"=>""}, "commit"=>"Create Rate"}
I, [2015-03-23T14:06:58.393202 #28471]  INFO -- : Redirected to http://dev.tralue.com/rates/12
I, [2015-03-23T14:06:58.394542 #28471]  INFO -- : Completed 302 Found in 22ms (ActiveRecord: 12.2ms)
I, [2015-03-23T14:06:58.452917 #28469]  INFO -- : Started GET "/rates/12" for 198.178.132.246 at 2015-03-23 14:06:58 +0000
I, [2015-03-23T14:06:58.456926 #28469]  INFO -- : Processing by RatesController#show as HTML
I, [2015-03-23T14:06:58.457268 #28469]  INFO -- :   Parameters: {"id"=>"12"}
I, [2015-03-23T14:06:58.464380 #28469]  INFO -- :   Rendered rates/show.html.erb within layouts/application (1.3ms)
I, [2015-03-23T14:06:58.466285 #28469]  INFO -- : Completed 200 OK in 9ms (Views: 4.1ms | ActiveRecord: 0.5ms)
I, [2015-03-23T14:07:02.750837 #28471]  INFO -- : Started POST "/rates" for 198.178.132.246 at 2015-03-23 14:07:02 +0000
I, [2015-03-23T14:07:02.754316 #28471]  INFO -- : Processing by RatesController#create as HTML
I, [2015-03-23T14:07:02.754679 #28471]  INFO -- :   Parameters: {"utf8"=>"", "authenticity_token"=>"uEr+p0U1dyJH/0WmpwXYQuhJkBU5d/RYn7khBn4yjOo=", "rate"=>{"transferringprogram"=>"ty", "transfereeprogram"=>"thai", "transferratio"=>"1.0", "transfernotes"=>""}, "commit"=>"Create Rate"}
I, [2015-03-23T14:07:02.769874 #28471]  INFO -- : Redirected to http://dev.tralue.com/rates/13
I, [2015-03-23T14:07:02.770489 #28471]  INFO -- : Completed 302 Found in 15ms (ActiveRecord: 8.1ms)
I, [2015-03-23T14:07:02.806773 #28469]  INFO -- : Started GET "/rates/13" for 198.178.132.246 at 2015-03-23 14:07:02 +0000
I, [2015-03-23T14:07:02.809041 #28469]  INFO -- : Processing by RatesController#show as HTML
I, [2015-03-23T14:07:02.809360 #28469]  INFO -- :   Parameters: {"id"=>"13"}
I, [2015-03-23T14:07:02.813786 #28469]  INFO -- :   Rendered rates/show.html.erb within layouts/application (0.9ms)
I, [2015-03-23T14:07:02.815400 #28469]  INFO -- : Completed 200 OK in 6ms (Views: 2.9ms | ActiveRecord: 0.5ms)
I, [2015-03-23T14:07:12.659019 #28471]  INFO -- : Started POST "/rates" for 198.178.132.246 at 2015-03-23 14:07:12 +0000
I, [2015-03-23T14:07:12.661345 #28471]  INFO -- : Processing by RatesController#create as HTML
I, [2015-03-23T14:07:12.661726 #28471]  INFO -- :   Parameters: {"utf8"=>"", "authenticity_token"=>"uEr+p0U1dyJH/0WmpwXYQuhJkBU5d/RYn7khBn4yjOo=", "rate"=>{"transferringprogram"=>"ty", "transfereeprogram"=>"virgin_atlantic", "transferratio"=>"1.0", "transfernotes"=>""}, "commit"=>"Create Rate"}
I, [2015-03-23T14:07:12.696970 #28471]  INFO -- : Redirected to http://dev.tralue.com/rates/14
I, [2015-03-23T14:07:12.698708 #28471]  INFO -- : Completed 302 Found in 36ms (ActiveRecord: 23.9ms)
I, [2015-03-23T14:07:13.296172 #28463]  INFO -- : Started GET "/rates/14" for 198.178.132.246 at 2015-03-23 14:07:13 +0000
I, [2015-03-23T14:07:13.305978 #28463]  INFO -- : Processing by RatesController#show as HTML
I, [2015-03-23T14:07:13.306439 #28463]  INFO -- :   Parameters: {"id"=>"14"}
I, [2015-03-23T14:07:13.323171 #28463]  INFO -- :   Rendered rates/show.html.erb within layouts/application (2.5ms)
I, [2015-03-23T14:07:13.326882 #28463]  INFO -- : Completed 200 OK in 20ms (Views: 7.9ms | ActiveRecord: 1.2ms)
I, [2015-03-23T14:07:25.555647 #28471]  INFO -- : Started POST "/rates" for 198.178.132.246 at 2015-03-23 14:07:25 +0000
I, [2015-03-23T14:07:25.557597 #28471]  INFO -- : Processing by RatesController#create as HTML
I, [2015-03-23T14:07:25.557772 #28471]  INFO -- :   Parameters: {"utf8"=>"", "authenticity_token"=>"uEr+p0U1dyJH/0WmpwXYQuhJkBU5d/RYn7khBn4yjOo=", "rate"=>{"transferringprogram"=>"mr", "transfereeprogram"=>"delta", "transferratio"=>"1.0", "transfernotes"=>""}, "commit"=>"Create Rate"}
I, [2015-03-23T14:07:25.564860 #28471]  INFO -- : Redirected to http://dev.tralue.com/rates/15
I, [2015-03-23T14:07:25.565117 #28471]  INFO -- : Completed 302 Found in 7ms (ActiveRecord: 3.2ms)
I, [2015-03-23T14:07:25.600569 #28463]  INFO -- : Started GET "/rates/15" for 198.178.132.246 at 2015-03-23 14:07:25 +0000
I, [2015-03-23T14:07:25.601971 #28463]  INFO -- : Processing by RatesController#show as HTML
I, [2015-03-23T14:07:25.602116 #28463]  INFO -- :   Parameters: {"id"=>"15"}
I, [2015-03-23T14:07:25.604700 #28463]  INFO -- :   Rendered rates/show.html.erb within layouts/application (0.5ms)
I, [2015-03-23T14:07:25.605685 #28463]  INFO -- : Completed 200 OK in 3ms (Views: 1.7ms | ActiveRecord: 0.3ms)
I, [2015-03-23T14:07:31.023193 #28471]  INFO -- : Started POST "/rates" for 198.178.132.246 at 2015-03-23 14:07:31 +0000
I, [2015-03-23T14:07:31.024827 #28471]  INFO -- : Processing by RatesController#create as HTML
I, [2015-03-23T14:07:31.024992 #28471]  INFO -- :   Parameters: {"utf8"=>"", "authenticity_token"=>"uEr+p0U1dyJH/0WmpwXYQuhJkBU5d/RYn7khBn4yjOo=", "rate"=>{"transferringprogram"=>"mr", "transfereeprogram"=>"singapore", "transferratio"=>"1.0", "transfernotes"=>""}, "commit"=>"Create Rate"}
I, [2015-03-23T14:07:31.035247 #28471]  INFO -- : Redirected to http://dev.tralue.com/rates/16
I, [2015-03-23T14:07:31.036140 #28471]  INFO -- : Completed 302 Found in 11ms (ActiveRecord: 5.2ms)
I, [2015-03-23T14:07:31.078091 #28466]  INFO -- : Started GET "/rates/16" for 198.178.132.246 at 2015-03-23 14:07:31 +0000
I, [2015-03-23T14:07:31.088513 #28466]  INFO -- : Processing by RatesController#show as HTML
I, [2015-03-23T14:07:31.088830 #28466]  INFO -- :   Parameters: {"id"=>"16"}
I, [2015-03-23T14:07:31.103518 #28466]  INFO -- :   Rendered rates/show.html.erb within layouts/application (1.4ms)
I, [2015-03-23T14:07:31.109692 #28466]  INFO -- : Completed 200 OK in 20ms (Views: 8.6ms | ActiveRecord: 5.9ms)
I, [2015-03-23T14:07:37.397228 #28466]  INFO -- : Started POST "/rates" for 198.178.132.246 at 2015-03-23 14:07:37 +0000
I, [2015-03-23T14:07:37.399264 #28466]  INFO -- : Processing by RatesController#create as HTML
I, [2015-03-23T14:07:37.399443 #28466]  INFO -- :   Parameters: {"utf8"=>"", "authenticity_token"=>"uEr+p0U1dyJH/0WmpwXYQuhJkBU5d/RYn7khBn4yjOo=", "rate"=>{"transferringprogram"=>"mr", "transfereeprogram"=>"ba", "transferratio"=>"1.0", "transfernotes"=>""}, "commit"=>"Create Rate"}
I, [2015-03-23T14:07:37.421732 #28466]  INFO -- : Redirected to http://dev.tralue.com/rates/17
I, [2015-03-23T14:07:37.422629 #28466]  INFO -- : Completed 302 Found in 23ms (ActiveRecord: 13.5ms)
I, [2015-03-23T14:07:37.470165 #28469]  INFO -- : Started GET "/rates/17" for 198.178.132.246 at 2015-03-23 14:07:37 +0000
I, [2015-03-23T14:07:37.473749 #28469]  INFO -- : Processing by RatesController#show as HTML
I, [2015-03-23T14:07:37.473921 #28469]  INFO -- :   Parameters: {"id"=>"17"}
I, [2015-03-23T14:07:37.480027 #28469]  INFO -- :   Rendered rates/show.html.erb within layouts/application (1.1ms)
I, [2015-03-23T14:07:37.481356 #28469]  INFO -- : Completed 200 OK in 7ms (Views: 3.2ms | ActiveRecord: 0.4ms)
I, [2015-03-23T14:07:43.635683 #28466]  INFO -- : Started POST "/rates" for 198.178.132.246 at 2015-03-23 14:07:43 +0000
I, [2015-03-23T14:07:43.637124 #28466]  INFO -- : Processing by RatesController#create as HTML
I, [2015-03-23T14:07:43.637298 #28466]  INFO -- :   Parameters: {"utf8"=>"", "authenticity_token"=>"uEr+p0U1dyJH/0WmpwXYQuhJkBU5d/RYn7khBn4yjOo=", "rate"=>{"transferringprogram"=>"mr", "transfereeprogram"=>"aeroplan", "transferratio"=>"1.0", "transfernotes"=>""}, "commit"=>"Create Rate"}
I, [2015-03-23T14:07:43.646046 #28466]  INFO -- : Redirected to http://dev.tralue.com/rates/18
I, [2015-03-23T14:07:43.646449 #28466]  INFO -- : Completed 302 Found in 9ms (ActiveRecord: 4.6ms)
I, [2015-03-23T14:07:43.679784 #28469]  INFO -- : Started GET "/rates/18" for 198.178.132.246 at 2015-03-23 14:07:43 +0000
I, [2015-03-23T14:07:43.681533 #28469]  INFO -- : Processing by RatesController#show as HTML
I, [2015-03-23T14:07:43.681747 #28469]  INFO -- :   Parameters: {"id"=>"18"}
I, [2015-03-23T14:07:43.685497 #28469]  INFO -- :   Rendered rates/show.html.erb within layouts/application (0.7ms)
I, [2015-03-23T14:07:43.686746 #28469]  INFO -- : Completed 200 OK in 5ms (Views: 2.4ms | ActiveRecord: 0.3ms)
I, [2015-03-23T14:07:52.055852 #28466]  INFO -- : Started POST "/rates" for 198.178.132.246 at 2015-03-23 14:07:52 +0000
I, [2015-03-23T14:07:52.057300 #28466]  INFO -- : Processing by RatesController#create as HTML
I, [2015-03-23T14:07:52.057463 #28466]  INFO -- :   Parameters: {"utf8"=>"", "authenticity_token"=>"uEr+p0U1dyJH/0WmpwXYQuhJkBU5d/RYn7khBn4yjOo=", "rate"=>{"transferringprogram"=>"mr", "transfereeprogram"=>"alitalia", "transferratio"=>"1.0", "transfernotes"=>""}, "commit"=>"Create Rate"}
I, [2015-03-23T14:07:52.070966 #28466]  INFO -- : Redirected to http://dev.tralue.com/rates/19
I, [2015-03-23T14:07:52.071891 #28466]  INFO -- : Completed 302 Found in 14ms (ActiveRecord: 8.7ms)
I, [2015-03-23T14:07:52.123696 #28469]  INFO -- : Started GET "/rates/19" for 198.178.132.246 at 2015-03-23 14:07:52 +0000
I, [2015-03-23T14:07:52.125973 #28469]  INFO -- : Processing by RatesController#show as HTML
I, [2015-03-23T14:07:52.126231 #28469]  INFO -- :   Parameters: {"id"=>"19"}
I, [2015-03-23T14:07:52.130377 #28469]  INFO -- :   Rendered rates/show.html.erb within layouts/application (0.8ms)
I, [2015-03-23T14:07:52.131453 #28469]  INFO -- : Completed 200 OK in 5ms (Views: 2.3ms | ActiveRecord: 0.3ms)
I, [2015-03-23T14:07:59.218468 #28466]  INFO -- : Started POST "/rates" for 198.178.132.246 at 2015-03-23 14:07:59 +0000
I, [2015-03-23T14:07:59.221729 #28466]  INFO -- : Processing by RatesController#create as HTML
I, [2015-03-23T14:07:59.222067 #28466]  INFO -- :   Parameters: {"utf8"=>"", "authenticity_token"=>"uEr+p0U1dyJH/0WmpwXYQuhJkBU5d/RYn7khBn4yjOo=", "rate"=>{"transferringprogram"=>"mr", "transfereeprogram"=>"cathay_pacific", "transferratio"=>"1.0", "transfernotes"=>""}, "commit"=>"Create Rate"}
I, [2015-03-23T14:07:59.236048 #28466]  INFO -- : Redirected to http://dev.tralue.com/rates/20
I, [2015-03-23T14:07:59.236596 #28466]  INFO -- : Completed 302 Found in 14ms (ActiveRecord: 9.1ms)
I, [2015-03-23T14:07:59.292941 #28469]  INFO -- : Started GET "/rates/20" for 198.178.132.246 at 2015-03-23 14:07:59 +0000
I, [2015-03-23T14:07:59.294379 #28469]  INFO -- : Processing by RatesController#show as HTML
I, [2015-03-23T14:07:59.294535 #28469]  INFO -- :   Parameters: {"id"=>"20"}
I, [2015-03-23T14:07:59.297091 #28469]  INFO -- :   Rendered rates/show.html.erb within layouts/application (0.6ms)
I, [2015-03-23T14:07:59.297996 #28469]  INFO -- : Completed 200 OK in 3ms (Views: 1.8ms | ActiveRecord: 0.3ms)
I, [2015-03-23T14:08:11.158712 #28466]  INFO -- : Started POST "/rates" for 198.178.132.246 at 2015-03-23 14:08:11 +0000
I, [2015-03-23T14:08:11.161136 #28466]  INFO -- : Processing by RatesController#create as HTML
I, [2015-03-23T14:08:11.161596 #28466]  INFO -- :   Parameters: {"utf8"=>"", "authenticity_token"=>"uEr+p0U1dyJH/0WmpwXYQuhJkBU5d/RYn7khBn4yjOo=", "rate"=>{"transferringprogram"=>"mr", "transfereeprogram"=>"etihad", "transferratio"=>"1.0", "transfernotes"=>""}, "commit"=>"Create Rate"}
