I, [2015-03-23T14:08:11.194779 #28466]  INFO -- : Redirected to http://dev.tralue.com/rates/21
I, [2015-03-23T14:08:11.196209 #28466]  INFO -- : Completed 302 Found in 34ms (ActiveRecord: 21.0ms)
I, [2015-03-23T14:08:11.237986 #28463]  INFO -- : Started GET "/rates/21" for 198.178.132.246 at 2015-03-23 14:08:11 +0000
I, [2015-03-23T14:08:11.245691 #28463]  INFO -- : Processing by RatesController#show as HTML
I, [2015-03-23T14:08:11.246089 #28463]  INFO -- :   Parameters: {"id"=>"21"}
I, [2015-03-23T14:08:11.260060 #28463]  INFO -- :   Rendered rates/show.html.erb within layouts/application (1.9ms)
I, [2015-03-23T14:08:11.262852 #28463]  INFO -- : Completed 200 OK in 16ms (Views: 6.0ms | ActiveRecord: 0.9ms)
I, [2015-03-23T14:08:22.199977 #28466]  INFO -- : Started POST "/rates" for 198.178.132.246 at 2015-03-23 14:08:22 +0000
I, [2015-03-23T14:08:22.202120 #28466]  INFO -- : Processing by RatesController#create as HTML
I, [2015-03-23T14:08:22.202440 #28466]  INFO -- :   Parameters: {"utf8"=>"", "authenticity_token"=>"uEr+p0U1dyJH/0WmpwXYQuhJkBU5d/RYn7khBn4yjOo=", "rate"=>{"transferringprogram"=>"mr", "transfereeprogram"=>"spg", "transferratio"=>"0.333", "transfernotes"=>""}, "commit"=>"Create Rate"}
I, [2015-03-23T14:08:22.212846 #28466]  INFO -- : Redirected to http://dev.tralue.com/rates/22
I, [2015-03-23T14:08:22.213325 #28466]  INFO -- : Completed 302 Found in 11ms (ActiveRecord: 5.5ms)
I, [2015-03-23T14:08:22.261996 #28463]  INFO -- : Started GET "/rates/22" for 198.178.132.246 at 2015-03-23 14:08:22 +0000
I, [2015-03-23T14:08:22.263722 #28463]  INFO -- : Processing by RatesController#show as HTML
I, [2015-03-23T14:08:22.263913 #28463]  INFO -- :   Parameters: {"id"=>"22"}
I, [2015-03-23T14:08:22.267628 #28463]  INFO -- :   Rendered rates/show.html.erb within layouts/application (0.8ms)
I, [2015-03-23T14:08:22.268555 #28463]  INFO -- : Completed 200 OK in 4ms (Views: 2.1ms | ActiveRecord: 0.8ms)
I, [2015-03-23T14:08:34.195092 #28466]  INFO -- : Started POST "/rates" for 198.178.132.246 at 2015-03-23 14:08:34 +0000
I, [2015-03-23T14:08:34.196710 #28466]  INFO -- : Processing by RatesController#create as HTML
I, [2015-03-23T14:08:34.196899 #28466]  INFO -- :   Parameters: {"utf8"=>"", "authenticity_token"=>"uEr+p0U1dyJH/0WmpwXYQuhJkBU5d/RYn7khBn4yjOo=", "rate"=>{"transferringprogram"=>"mr", "transfereeprogram"=>"ana", "transferratio"=>"1.0", "transfernotes"=>""}, "commit"=>"Create Rate"}
I, [2015-03-23T14:08:34.205500 #28466]  INFO -- : Redirected to http://dev.tralue.com/rates/23
I, [2015-03-23T14:08:34.206136 #28466]  INFO -- : Completed 302 Found in 9ms (ActiveRecord: 4.8ms)
I, [2015-03-23T14:08:34.243397 #28471]  INFO -- : Started GET "/rates/23" for 198.178.132.246 at 2015-03-23 14:08:34 +0000
I, [2015-03-23T14:08:34.247352 #28471]  INFO -- : Processing by RatesController#show as HTML
I, [2015-03-23T14:08:34.247568 #28471]  INFO -- :   Parameters: {"id"=>"23"}
I, [2015-03-23T14:08:34.262865 #28471]  INFO -- :   Rendered rates/show.html.erb within layouts/application (1.8ms)
I, [2015-03-23T14:08:34.264185 #28471]  INFO -- : Completed 200 OK in 16ms (Views: 4.9ms | ActiveRecord: 1.0ms)
I, [2015-03-23T14:08:42.144451 #28466]  INFO -- : Started POST "/rates" for 198.178.132.246 at 2015-03-23 14:08:42 +0000
I, [2015-03-23T14:08:42.146311 #28466]  INFO -- : Processing by RatesController#create as HTML
I, [2015-03-23T14:08:42.146574 #28466]  INFO -- :   Parameters: {"utf8"=>"", "authenticity_token"=>"uEr+p0U1dyJH/0WmpwXYQuhJkBU5d/RYn7khBn4yjOo=", "rate"=>{"transferringprogram"=>"mr", "transfereeprogram"=>"flying_blue", "transferratio"=>"1.0", "transfernotes"=>""}, "commit"=>"Create Rate"}
I, [2015-03-23T14:08:42.157168 #28466]  INFO -- : Redirected to http://dev.tralue.com/rates/24
I, [2015-03-23T14:08:42.157546 #28466]  INFO -- : Completed 302 Found in 11ms (ActiveRecord: 5.6ms)
I, [2015-03-23T14:08:42.194391 #28471]  INFO -- : Started GET "/rates/24" for 198.178.132.246 at 2015-03-23 14:08:42 +0000
I, [2015-03-23T14:08:42.195864 #28471]  INFO -- : Processing by RatesController#show as HTML
I, [2015-03-23T14:08:42.196020 #28471]  INFO -- :   Parameters: {"id"=>"24"}
I, [2015-03-23T14:08:42.198608 #28471]  INFO -- :   Rendered rates/show.html.erb within layouts/application (0.4ms)
I, [2015-03-23T14:08:42.199361 #28471]  INFO -- : Completed 200 OK in 3ms (Views: 1.4ms | ActiveRecord: 0.3ms)
I, [2015-03-23T14:08:47.319181 #28466]  INFO -- : Started POST "/rates" for 198.178.132.246 at 2015-03-23 14:08:47 +0000
I, [2015-03-23T14:08:47.322587 #28466]  INFO -- : Processing by RatesController#create as HTML
I, [2015-03-23T14:08:47.322839 #28466]  INFO -- :   Parameters: {"utf8"=>"", "authenticity_token"=>"uEr+p0U1dyJH/0WmpwXYQuhJkBU5d/RYn7khBn4yjOo=", "rate"=>{"transferringprogram"=>"mr", "transfereeprogram"=>"aeromexico", "transferratio"=>"1.0", "transfernotes"=>""}, "commit"=>"Create Rate"}
I, [2015-03-23T14:08:47.334603 #28466]  INFO -- : Redirected to http://dev.tralue.com/rates/25
I, [2015-03-23T14:08:47.335644 #28466]  INFO -- : Completed 302 Found in 12ms (ActiveRecord: 7.1ms)
I, [2015-03-23T14:08:47.370461 #28471]  INFO -- : Started GET "/rates/25" for 198.178.132.246 at 2015-03-23 14:08:47 +0000
I, [2015-03-23T14:08:47.372101 #28471]  INFO -- : Processing by RatesController#show as HTML
I, [2015-03-23T14:08:47.372247 #28471]  INFO -- :   Parameters: {"id"=>"25"}
I, [2015-03-23T14:08:47.374978 #28471]  INFO -- :   Rendered rates/show.html.erb within layouts/application (0.5ms)
I, [2015-03-23T14:08:47.375905 #28471]  INFO -- : Completed 200 OK in 3ms (Views: 1.7ms | ActiveRecord: 0.3ms)
I, [2015-03-23T14:09:01.497009 #28466]  INFO -- : Started POST "/rates" for 198.178.132.246 at 2015-03-23 14:09:01 +0000
I, [2015-03-23T14:09:01.503423 #28466]  INFO -- : Processing by RatesController#create as HTML
I, [2015-03-23T14:09:01.504188 #28466]  INFO -- :   Parameters: {"utf8"=>"", "authenticity_token"=>"uEr+p0U1dyJH/0WmpwXYQuhJkBU5d/RYn7khBn4yjOo=", "rate"=>{"transferringprogram"=>"mr", "transfereeprogram"=>"el_al", "transferratio"=>".02", "transfernotes"=>""}, "commit"=>"Create Rate"}
I, [2015-03-23T14:09:01.533573 #28466]  INFO -- : Redirected to http://dev.tralue.com/rates/26
I, [2015-03-23T14:09:01.534523 #28466]  INFO -- : Completed 302 Found in 30ms (ActiveRecord: 10.6ms)
I, [2015-03-23T14:09:01.607211 #28469]  INFO -- : Started GET "/rates/26" for 198.178.132.246 at 2015-03-23 14:09:01 +0000
I, [2015-03-23T14:09:01.620991 #28469]  INFO -- : Processing by RatesController#show as HTML
I, [2015-03-23T14:09:01.621816 #28469]  INFO -- :   Parameters: {"id"=>"26"}
I, [2015-03-23T14:09:01.648314 #28469]  INFO -- :   Rendered rates/show.html.erb within layouts/application (3.7ms)
I, [2015-03-23T14:09:01.652514 #28469]  INFO -- : Completed 200 OK in 30ms (Views: 11.0ms | ActiveRecord: 2.2ms)
I, [2015-03-23T14:09:15.743502 #28466]  INFO -- : Started POST "/rates" for 198.178.132.246 at 2015-03-23 14:09:15 +0000
I, [2015-03-23T14:09:15.746046 #28466]  INFO -- : Processing by RatesController#create as HTML
I, [2015-03-23T14:09:15.746421 #28466]  INFO -- :   Parameters: {"utf8"=>"", "authenticity_token"=>"uEr+p0U1dyJH/0WmpwXYQuhJkBU5d/RYn7khBn4yjOo=", "rate"=>{"transferringprogram"=>"mr", "transfereeprogram"=>"hawaiian", "transferratio"=>"1", "transfernotes"=>""}, "commit"=>"Create Rate"}
I, [2015-03-23T14:09:15.783189 #28466]  INFO -- : Redirected to http://dev.tralue.com/rates/27
I, [2015-03-23T14:09:15.784023 #28466]  INFO -- : Completed 302 Found in 37ms (ActiveRecord: 23.0ms)
I, [2015-03-23T14:09:15.832704 #28469]  INFO -- : Started GET "/rates/27" for 198.178.132.246 at 2015-03-23 14:09:15 +0000
I, [2015-03-23T14:09:15.837990 #28469]  INFO -- : Processing by RatesController#show as HTML
I, [2015-03-23T14:09:15.838361 #28469]  INFO -- :   Parameters: {"id"=>"27"}
I, [2015-03-23T14:09:15.847798 #28469]  INFO -- :   Rendered rates/show.html.erb within layouts/application (2.1ms)
I, [2015-03-23T14:09:15.849944 #28469]  INFO -- : Completed 200 OK in 11ms (Views: 5.3ms | ActiveRecord: 0.7ms)
I, [2015-03-23T14:09:25.949882 #28466]  INFO -- : Started POST "/rates" for 198.178.132.246 at 2015-03-23 14:09:25 +0000
I, [2015-03-23T14:09:25.952885 #28466]  INFO -- : Processing by RatesController#create as HTML
I, [2015-03-23T14:09:25.953147 #28466]  INFO -- :   Parameters: {"utf8"=>"", "authenticity_token"=>"uEr+p0U1dyJH/0WmpwXYQuhJkBU5d/RYn7khBn4yjOo=", "rate"=>{"transferringprogram"=>"mr", "transfereeprogram"=>"iberia", "transferratio"=>"1", "transfernotes"=>""}, "commit"=>"Create Rate"}
I, [2015-03-23T14:09:25.963763 #28466]  INFO -- : Redirected to http://dev.tralue.com/rates/28
I, [2015-03-23T14:09:25.964159 #28466]  INFO -- : Completed 302 Found in 11ms (ActiveRecord: 5.5ms)
I, [2015-03-23T14:09:26.157183 #28463]  INFO -- : Started GET "/rates/28" for 198.178.132.246 at 2015-03-23 14:09:26 +0000
I, [2015-03-23T14:09:26.163312 #28463]  INFO -- : Processing by RatesController#show as HTML
I, [2015-03-23T14:09:26.163715 #28463]  INFO -- :   Parameters: {"id"=>"28"}
I, [2015-03-23T14:09:26.173829 #28463]  INFO -- :   Rendered rates/show.html.erb within layouts/application (1.5ms)
I, [2015-03-23T14:09:26.176308 #28463]  INFO -- : Completed 200 OK in 12ms (Views: 5.2ms | ActiveRecord: 0.7ms)
I, [2015-03-23T14:09:37.126819 #28466]  INFO -- : Started POST "/rates" for 198.178.132.246 at 2015-03-23 14:09:37 +0000
I, [2015-03-23T14:09:37.128326 #28466]  INFO -- : Processing by RatesController#create as HTML
I, [2015-03-23T14:09:37.128601 #28466]  INFO -- :   Parameters: {"utf8"=>"", "authenticity_token"=>"uEr+p0U1dyJH/0WmpwXYQuhJkBU5d/RYn7khBn4yjOo=", "rate"=>{"transferringprogram"=>"mr", "transfereeprogram"=>"jetblue", "transferratio"=>".8", "transfernotes"=>""}, "commit"=>"Create Rate"}
I, [2015-03-23T14:09:37.135633 #28466]  INFO -- : Redirected to http://dev.tralue.com/rates/29
I, [2015-03-23T14:09:37.135898 #28466]  INFO -- : Completed 302 Found in 7ms (ActiveRecord: 3.3ms)
I, [2015-03-23T14:09:37.178359 #28463]  INFO -- : Started GET "/rates/29" for 198.178.132.246 at 2015-03-23 14:09:37 +0000
I, [2015-03-23T14:09:37.179625 #28463]  INFO -- : Processing by RatesController#show as HTML
I, [2015-03-23T14:09:37.179768 #28463]  INFO -- :   Parameters: {"id"=>"29"}
I, [2015-03-23T14:09:37.182148 #28463]  INFO -- :   Rendered rates/show.html.erb within layouts/application (0.5ms)
I, [2015-03-23T14:09:37.182894 #28463]  INFO -- : Completed 200 OK in 3ms (Views: 1.5ms | ActiveRecord: 0.2ms)
I, [2015-03-23T14:09:46.868542 #28471]  INFO -- : Started POST "/rates" for 198.178.132.246 at 2015-03-23 14:09:46 +0000
I, [2015-03-23T14:09:46.872372 #28471]  INFO -- : Processing by RatesController#create as HTML
I, [2015-03-23T14:09:46.872642 #28471]  INFO -- :   Parameters: {"utf8"=>"", "authenticity_token"=>"uEr+p0U1dyJH/0WmpwXYQuhJkBU5d/RYn7khBn4yjOo=", "rate"=>{"transferringprogram"=>"mr", "transfereeprogram"=>"virgin_america", "transferratio"=>".5", "transfernotes"=>""}, "commit"=>"Create Rate"}
I, [2015-03-23T14:09:46.884604 #28471]  INFO -- : Redirected to http://dev.tralue.com/rates/30
I, [2015-03-23T14:09:46.885068 #28471]  INFO -- : Completed 302 Found in 12ms (ActiveRecord: 4.4ms)
I, [2015-03-23T14:09:46.919152 #28469]  INFO -- : Started GET "/rates/30" for 198.178.132.246 at 2015-03-23 14:09:46 +0000
I, [2015-03-23T14:09:46.921166 #28469]  INFO -- : Processing by RatesController#show as HTML
I, [2015-03-23T14:09:46.921457 #28469]  INFO -- :   Parameters: {"id"=>"30"}
I, [2015-03-23T14:09:46.925359 #28469]  INFO -- :   Rendered rates/show.html.erb within layouts/application (0.6ms)
I, [2015-03-23T14:09:46.926447 #28469]  INFO -- : Completed 200 OK in 5ms (Views: 2.2ms | ActiveRecord: 0.3ms)
I, [2015-03-23T14:10:31.654213 #28463]  INFO -- : Started GET "/rates" for 198.178.132.246 at 2015-03-23 14:10:31 +0000
I, [2015-03-23T14:10:31.656461 #28463]  INFO -- : Processing by RatesController#index as HTML
I, [2015-03-23T14:10:31.696841 #28463]  INFO -- :   Rendered rates/index.html.erb within layouts/application (38.1ms)
I, [2015-03-23T14:10:31.698817 #28463]  INFO -- : Completed 200 OK in 42ms (Views: 39.4ms | ActiveRecord: 1.3ms)
I, [2015-03-23T14:11:02.739451 #28469]  INFO -- : Started GET "/" for 198.178.132.246 at 2015-03-23 14:11:02 +0000
I, [2015-03-23T14:11:02.742989 #28469]  INFO -- : Processing by WelcomeController#index as HTML
I, [2015-03-23T14:11:02.746243 #28469]  INFO -- :   Rendered welcome/index.html.erb within layouts/application (1.5ms)
I, [2015-03-23T14:11:02.747325 #28469]  INFO -- : Completed 200 OK in 4ms (Views: 3.1ms | ActiveRecord: 0.0ms)
I, [2015-03-23T14:11:04.844497 #28463]  INFO -- : Started GET "/trips/new" for 198.178.132.246 at 2015-03-23 14:11:04 +0000
I, [2015-03-23T14:11:04.848576 #28463]  INFO -- : Processing by TripsController#new as HTML
I, [2015-03-23T14:11:04.952546 #28463]  INFO -- :   Rendered trips/_form.html.erb (88.2ms)
I, [2015-03-23T14:11:04.953336 #28463]  INFO -- :   Rendered trips/new.html.erb within layouts/application (94.1ms)
I, [2015-03-23T14:11:04.954392 #28463]  INFO -- : Completed 200 OK in 105ms (Views: 98.9ms | ActiveRecord: 1.5ms)
I, [2015-03-23T14:12:19.073895 #28469]  INFO -- : Started POST "/trips" for 198.178.132.246 at 2015-03-23 14:12:19 +0000
I, [2015-03-23T14:12:19.076408 #28469]  INFO -- : Processing by TripsController#create as HTML
I, [2015-03-23T14:12:19.076629 #28469]  INFO -- :   Parameters: {"utf8"=>"", "authenticity_token"=>"uEr+p0U1dyJH/0WmpwXYQuhJkBU5d/RYn7khBn4yjOo=", "trip"=>{"name"=>"Honeymoon", "costinusd"=>"2400", "aacostpts"=>"160000", "aacostusd"=>"200", "bacostpts"=>"250000", "bacostusd"=>"200", "uacostpts"=>"125000", "uacostusd"=>"150", "dlcostpts"=>"132500", "dlcostusd"=>"150", "ascostpts"=>"", "ascostusd"=>"", "nkcostpts"=>"", "nkcostusd"=>"", "sqcostpts"=>"120000", "sqcostusd"=>"150", "lacostpts"=>"254000", "lacostusd"=>"150", "accostpts"=>"", "accostusd"=>""}, "commit"=>"Create Trip"}
I, [2015-03-23T14:12:19.130796 #28469]  INFO -- : Redirected to http://dev.tralue.com/trips/1
I, [2015-03-23T14:12:19.131812 #28469]  INFO -- : Completed 302 Found in 55ms (ActiveRecord: 17.4ms)
I, [2015-03-23T14:12:19.181097 #28471]  INFO -- : Started GET "/trips/1" for 198.178.132.246 at 2015-03-23 14:12:19 +0000
I, [2015-03-23T14:12:19.187877 #28471]  INFO -- : Processing by TripsController#show as HTML
I, [2015-03-23T14:12:19.188175 #28471]  INFO -- :   Parameters: {"id"=>"1"}
I, [2015-03-23T14:12:19.239010 #28471]  INFO -- :   Rendered trips/_form.html.erb (16.4ms)
I, [2015-03-23T14:12:19.239936 #28471]  INFO -- :   Rendered trips/show.html.erb within layouts/application (19.7ms)
I, [2015-03-23T14:12:19.241005 #28471]  INFO -- : Completed 200 OK in 53ms (Views: 22.8ms | ActiveRecord: 1.5ms)
I, [2015-03-23T14:12:27.975427 #28469]  INFO -- : Started GET "/trips" for 198.178.132.246 at 2015-03-23 14:12:27 +0000
I, [2015-03-23T14:12:27.978567 #28469]  INFO -- : Processing by TripsController#index as HTML
I, [2015-03-23T14:12:27.986226 #28469]  INFO -- :   Rendered trips/index.html.erb within layouts/application (4.8ms)
I, [2015-03-23T14:12:27.987305 #28469]  INFO -- : Completed 200 OK in 9ms (Views: 7.2ms | ActiveRecord: 0.4ms)
I, [2015-03-23T14:12:36.070357 #28471]  INFO -- : Started GET "/creditcards" for 198.178.132.246 at 2015-03-23 14:12:36 +0000
I, [2015-03-23T14:12:36.072818 #28471]  INFO -- : Processing by CreditcardsController#index as HTML
I, [2015-03-23T14:12:36.091128 #28471]  INFO -- :   Rendered creditcards/index.html.erb within layouts/application (4.2ms)
I, [2015-03-23T14:12:36.093703 #28471]  INFO -- : Completed 200 OK in 21ms (Views: 18.3ms | ActiveRecord: 0.6ms)
I, [2015-03-23T14:12:38.958782 #28463]  INFO -- : Started GET "/creditcards/new" for 198.178.132.246 at 2015-03-23 14:12:38 +0000
I, [2015-03-23T14:12:38.965580 #28463]  INFO -- : Processing by CreditcardsController#new as HTML
I, [2015-03-23T14:12:39.022692 #28463]  INFO -- :   Rendered creditcards/_form.html.erb (44.2ms)
I, [2015-03-23T14:12:39.023609 #28463]  INFO -- :   Rendered creditcards/new.html.erb within layouts/application (48.1ms)
I, [2015-03-23T14:12:39.024758 #28463]  INFO -- : Completed 200 OK in 59ms (Views: 52.0ms | ActiveRecord: 1.3ms)
I, [2015-03-23T19:08:13.478084 #28466]  INFO -- : Started POST "/creditcards" for 198.178.132.252 at 2015-03-23 19:08:13 +0000
I, [2015-03-23T19:08:13.485282 #28466]  INFO -- : Processing by CreditcardsController#create as HTML
I, [2015-03-23T19:08:13.485687 #28466]  INFO -- :   Parameters: {"utf8"=>"", "authenticity_token"=>"uEr+p0U1dyJH/0WmpwXYQuhJkBU5d/RYn7khBn4yjOo=", "creditcard"=>{"name"=>"ThankYou Preferred", "issuer"=>"Citi", "annual_fee"=>"0", "fee_waived_first_year"=>"false", "points_program"=>"ty", "spend_bonus"=>"20000", "spend_requirement"=>"1500", "time_to_reach_spend_in_months"=>"3", "first_purchase_bonus"=>"0", "second_year_spend_bonus"=>"", "second_year_spend_requirement"=>"", "second_year_time_to_reach_spend_in_months"=>"", "points_per_dollar_spent_general_spend"=>"", "foreign_transaction_fee"=>"3", "chip"=>"", "notes"=>"", "business"=>"false", "personal"=>"true", "image_index"=>"", "url"=>"http://bit.ly/ty-preferred"}, "commit"=>"Create Creditcard"}
I, [2015-03-23T19:08:13.535793 #28466]  INFO -- : Redirected to http://dev.tralue.com/creditcards/1
I, [2015-03-23T19:08:13.536577 #28466]  INFO -- : Completed 302 Found in 51ms (ActiveRecord: 8.6ms)
I, [2015-03-23T19:08:13.569086 #28469]  INFO -- : Started GET "/creditcards/1" for 198.178.132.252 at 2015-03-23 19:08:13 +0000
I, [2015-03-23T19:08:13.576182 #28469]  INFO -- : Processing by CreditcardsController#show as HTML
I, [2015-03-23T19:08:13.576567 #28469]  INFO -- :   Parameters: {"id"=>"1"}
I, [2015-03-23T19:08:13.617925 #28469]  INFO -- :   Rendered creditcards/show.html.erb within layouts/application (1.9ms)
I, [2015-03-23T19:08:13.619514 #28469]  INFO -- : Completed 200 OK in 43ms (Views: 6.4ms | ActiveRecord: 1.9ms)
I, [2015-03-23T19:08:16.720121 #28466]  INFO -- : Started GET "/creditcards" for 198.178.132.252 at 2015-03-23 19:08:16 +0000
I, [2015-03-23T19:08:16.722821 #28466]  INFO -- : Processing by CreditcardsController#index as HTML
I, [2015-03-23T19:08:16.730660 #28466]  INFO -- :   Rendered creditcards/index.html.erb within layouts/application (4.1ms)
I, [2015-03-23T19:08:16.732637 #28466]  INFO -- : Completed 200 OK in 9ms (Views: 8.1ms | ActiveRecord: 0.4ms)
I, [2015-03-23T19:08:23.094521 #28469]  INFO -- : Started GET "/creditcards/new" for 198.178.132.252 at 2015-03-23 19:08:23 +0000
I, [2015-03-23T19:08:23.097259 #28469]  INFO -- : Processing by CreditcardsController#new as HTML
I, [2015-03-23T19:08:23.133544 #28469]  INFO -- :   Rendered creditcards/_form.html.erb (31.9ms)
I, [2015-03-23T19:08:23.134442 #28469]  INFO -- :   Rendered creditcards/new.html.erb within layouts/application (35.0ms)
I, [2015-03-23T19:08:23.135501 #28469]  INFO -- : Completed 200 OK in 38ms (Views: 36.8ms | ActiveRecord: 0.0ms)
I, [2015-03-23T19:12:10.298539 #28463]  INFO -- : Started POST "/creditcards" for 198.178.132.252 at 2015-03-23 19:12:10 +0000
I, [2015-03-23T19:12:10.306112 #28463]  INFO -- : Processing by CreditcardsController#create as HTML
I, [2015-03-23T19:12:10.306559 #28463]  INFO -- :   Parameters: {"utf8"=>"", "authenticity_token"=>"uEr+p0U1dyJH/0WmpwXYQuhJkBU5d/RYn7khBn4yjOo=", "creditcard"=>{"name"=>"ThankYou Premier", "issuer"=>"Citi", "annual_fee"=>"125", "fee_waived_first_year"=>"true", "points_program"=>"ty", "spend_bonus"=>"20000", "spend_requirement"=>"2000", "time_to_reach_spend_in_months"=>"3", "first_purchase_bonus"=>"0", "second_year_spend_bonus"=>"30000", "second_year_spend_requirement"=>"3000", "second_year_time_to_reach_spend_in_months"=>"3", "points_per_dollar_spent_general_spend"=>"1", "foreign_transaction_fee"=>"0", "chip"=>"", "notes"=>"", "business"=>"false", "personal"=>"true", "image_index"=>"", "url"=>"http://bit.ly/ty-premier"}, "commit"=>"Create Creditcard"}
I, [2015-03-23T19:12:10.377604 #28463]  INFO -- : Redirected to http://dev.tralue.com/creditcards/2
I, [2015-03-23T19:12:10.378307 #28463]  INFO -- : Completed 302 Found in 71ms (ActiveRecord: 4.6ms)
I, [2015-03-23T19:12:10.413698 #28469]  INFO -- : Started GET "/creditcards/2" for 198.178.132.252 at 2015-03-23 19:12:10 +0000
I, [2015-03-23T19:12:10.481739 #28469]  INFO -- : Processing by CreditcardsController#show as HTML
I, [2015-03-23T19:12:10.482126 #28469]  INFO -- :   Parameters: {"id"=>"2"}
I, [2015-03-23T19:12:10.485316 #28469]  INFO -- :   Rendered creditcards/show.html.erb within layouts/application (0.5ms)
I, [2015-03-23T19:12:10.486176 #28469]  INFO -- : Completed 200 OK in 4ms (Views: 1.8ms | ActiveRecord: 0.3ms)
I, [2015-03-23T19:17:13.140545 #28463]  INFO -- : Started POST "/creditcards" for 198.178.132.252 at 2015-03-23 19:17:13 +0000
I, [2015-03-23T19:17:13.142151 #28463]  INFO -- : Processing by CreditcardsController#create as HTML
I, [2015-03-23T19:17:13.142354 #28463]  INFO -- :   Parameters: {"utf8"=>"", "authenticity_token"=>"uEr+p0U1dyJH/0WmpwXYQuhJkBU5d/RYn7khBn4yjOo=", "creditcard"=>{"name"=>"Prestige", "issuer"=>"Citi", "annual_fee"=>"450", "fee_waived_first_year"=>"false", "points_program"=>"ty", "spend_bonus"=>"30000", "spend_requirement"=>"3000", "time_to_reach_spend_in_months"=>"3", "first_purchase_bonus"=>"0", "second_year_spend_bonus"=>"", "second_year_spend_requirement"=>"", "second_year_time_to_reach_spend_in_months"=>"", "points_per_dollar_spent_general_spend"=>"1", "foreign_transaction_fee"=>"0", "chip"=>"", "notes"=>"Admiral's Club lounge access, Priority Pass Select lounge access, and $250 in air travel credit (explicitly can be used for tickets) each year.", "business"=>"false", "personal"=>"true", "image_index"=>"", "url"=>"http://bit.ly/ty-prestige"}, "commit"=>"Create Creditcard"}
I, [2015-03-23T19:17:13.150202 #28463]  INFO -- : Redirected to http://dev.tralue.com/creditcards/3
I, [2015-03-23T19:17:13.150477 #28463]  INFO -- : Completed 302 Found in 8ms (ActiveRecord: 3.4ms)
I, [2015-03-23T19:17:13.187510 #28469]  INFO -- : Started GET "/creditcards/3" for 198.178.132.252 at 2015-03-23 19:17:13 +0000
I, [2015-03-23T19:17:13.188921 #28469]  INFO -- : Processing by CreditcardsController#show as HTML
I, [2015-03-23T19:17:13.189048 #28469]  INFO -- :   Parameters: {"id"=>"3"}
I, [2015-03-23T19:17:13.191628 #28469]  INFO -- :   Rendered creditcards/show.html.erb within layouts/application (0.4ms)
I, [2015-03-23T19:17:13.192425 #28469]  INFO -- : Completed 200 OK in 3ms (Views: 1.7ms | ActiveRecord: 0.2ms)
I, [2015-03-23T19:17:22.812237 #28463]  INFO -- : Started GET "/creditcards/new" for 198.178.132.252 at 2015-03-23 19:17:22 +0000
I, [2015-03-23T19:17:22.815951 #28463]  INFO -- : Processing by CreditcardsController#new as HTML
I, [2015-03-23T19:17:22.849154 #28463]  INFO -- :   Rendered creditcards/_form.html.erb (28.4ms)
I, [2015-03-23T19:17:22.850613 #28463]  INFO -- :   Rendered creditcards/new.html.erb within layouts/application (30.7ms)
I, [2015-03-23T19:17:22.852572 #28463]  INFO -- : Completed 200 OK in 36ms (Views: 33.9ms | ActiveRecord: 0.0ms)
I, [2015-03-23T19:24:08.238412 #28471]  INFO -- : Started POST "/creditcards" for 198.178.132.252 at 2015-03-23 19:24:08 +0000
I, [2015-03-23T19:24:08.249702 #28471]  INFO -- : Processing by CreditcardsController#create as HTML
I, [2015-03-23T19:24:08.250396 #28471]  INFO -- :   Parameters: {"utf8"=>"", "authenticity_token"=>"uEr+p0U1dyJH/0WmpwXYQuhJkBU5d/RYn7khBn4yjOo=", "creditcard"=>{"name"=>"AAdvantage Platinum Select Mastercard", "issuer"=>"Citi", "annual_fee"=>"95", "fee_waived_first_year"=>"true", "points_program"=>"american", "spend_bonus"=>"50000", "spend_requirement"=>"3000", "time_to_reach_spend_in_months"=>"3", "first_purchase_bonus"=>"0", "second_year_spend_bonus"=>"", "second_year_spend_requirement"=>"", "second_year_time_to_reach_spend_in_months"=>"", "points_per_dollar_spent_general_spend"=>"1", "foreign_transaction_fee"=>"3", "chip"=>"", "notes"=>"First checked bag free on American Airlines flights. Group 1 boarding. Reduced mileage awards available on American. 10% rebate on points redeemed, up to 10,000 points rebated per year. 25% discount on in-flight food and beverage purchases. 2X miles earned on all eligible American purchases.", "business"=>"false", "personal"=>"true", "image_index"=>"", "url"=>"http://bit.ly/aadvantage-platinum"}, "commit"=>"Create Creditcard"}
I, [2015-03-23T19:24:08.376416 #28471]  INFO -- : Redirected to http://dev.tralue.com/creditcards/4
I, [2015-03-23T19:24:08.376947 #28471]  INFO -- : Completed 302 Found in 126ms (ActiveRecord: 6.5ms)
I, [2015-03-23T19:24:08.408167 #28463]  INFO -- : Started GET "/creditcards/4" for 198.178.132.252 at 2015-03-23 19:24:08 +0000
I, [2015-03-23T19:24:08.410859 #28463]  INFO -- : Processing by CreditcardsController#show as HTML
I, [2015-03-23T19:24:08.411014 #28463]  INFO -- :   Parameters: {"id"=>"4"}
I, [2015-03-23T19:24:08.418220 #28463]  INFO -- :   Rendered creditcards/show.html.erb within layouts/application (1.5ms)
I, [2015-03-23T19:24:08.419187 #28463]  INFO -- : Completed 200 OK in 8ms (Views: 3.7ms | ActiveRecord: 0.6ms)
I, [2015-03-23T19:24:12.898078 #28471]  INFO -- : Started GET "/creditcards/new" for 198.178.132.252 at 2015-03-23 19:24:12 +0000
I, [2015-03-23T19:24:12.900191 #28471]  INFO -- : Processing by CreditcardsController#new as HTML
I, [2015-03-23T19:24:12.920399 #28471]  INFO -- :   Rendered creditcards/_form.html.erb (15.8ms)
I, [2015-03-23T19:24:12.921266 #28471]  INFO -- :   Rendered creditcards/new.html.erb within layouts/application (18.7ms)
I, [2015-03-23T19:24:12.922213 #28471]  INFO -- : Completed 200 OK in 22ms (Views: 20.7ms | ActiveRecord: 0.0ms)
I, [2015-03-23T19:28:39.602298 #28469]  INFO -- : Started POST "/creditcards" for 198.178.132.252 at 2015-03-23 19:28:39 +0000
I, [2015-03-23T19:28:39.616533 #28469]  INFO -- : Processing by CreditcardsController#create as HTML
I, [2015-03-23T19:28:39.617114 #28469]  INFO -- :   Parameters: {"utf8"=>"", "authenticity_token"=>"uEr+p0U1dyJH/0WmpwXYQuhJkBU5d/RYn7khBn4yjOo=", "creditcard"=>{"name"=>"AAdvantage Executive World Elite Mastercard", "issuer"=>"Citi", "annual_fee"=>"450", "fee_waived_first_year"=>"false", "points_program"=>"american", "spend_bonus"=>"50000", "spend_requirement"=>"5000", "time_to_reach_spend_in_months"=>"3", "first_purchase_bonus"=>"0", "second_year_spend_bonus"=>"", "second_year_spend_requirement"=>"", "second_year_time_to_reach_spend_in_months"=>"", "points_per_dollar_spent_general_spend"=>"", "foreign_transaction_fee"=>"0", "chip"=>"", "notes"=>"Admiral's Club lounge access with guest privileges. 10,000 elite qualifying miles after $40,000 in purchases. 2X points earned on all eligible American purchases. Priority check-in, screening, and boarding privileges. 25% savings on eligible in-flight purchases. Reduced mileage awards available.", "business"=>"false", "personal"=>"true", "image_index"=>"", "url"=>"http://bit.ly/aadvantage-executive"}, "commit"=>"Create Creditcard"}
I, [2015-03-23T19:28:39.650381 #28469]  INFO -- : Redirected to http://dev.tralue.com/creditcards/5
I, [2015-03-23T19:28:39.651221 #28469]  INFO -- : Completed 302 Found in 34ms (ActiveRecord: 6.3ms)
I, [2015-03-23T19:28:39.683802 #28463]  INFO -- : Started GET "/creditcards/5" for 198.178.132.252 at 2015-03-23 19:28:39 +0000
I, [2015-03-23T19:28:39.687439 #28463]  INFO -- : Processing by CreditcardsController#show as HTML
I, [2015-03-23T19:28:39.687697 #28463]  INFO -- :   Parameters: {"id"=>"5"}
I, [2015-03-23T19:28:39.694034 #28463]  INFO -- :   Rendered creditcards/show.html.erb within layouts/application (0.7ms)
I, [2015-03-23T19:28:39.695939 #28463]  INFO -- : Completed 200 OK in 8ms (Views: 3.2ms | ActiveRecord: 0.6ms)
I, [2015-03-23T19:28:42.158838 #28469]  INFO -- : Started GET "/creditcards/new" for 198.178.132.252 at 2015-03-23 19:28:42 +0000
I, [2015-03-23T19:28:42.162583 #28469]  INFO -- : Processing by CreditcardsController#new as HTML
I, [2015-03-23T19:28:42.199155 #28469]  INFO -- :   Rendered creditcards/_form.html.erb (30.5ms)
I, [2015-03-23T19:28:42.200819 #28469]  INFO -- :   Rendered creditcards/new.html.erb within layouts/application (34.4ms)
I, [2015-03-23T19:28:42.203167 #28469]  INFO -- : Completed 200 OK in 40ms (Views: 38.1ms | ActiveRecord: 0.0ms)
I, [2015-03-23T19:36:21.894962 #28463]  INFO -- : Started POST "/creditcards" for 198.178.132.252 at 2015-03-23 19:36:21 +0000
I, [2015-03-23T19:36:21.896951 #28463]  INFO -- : Processing by CreditcardsController#create as HTML
I, [2015-03-23T19:36:21.897188 #28463]  INFO -- :   Parameters: {"utf8"=>"", "authenticity_token"=>"uEr+p0U1dyJH/0WmpwXYQuhJkBU5d/RYn7khBn4yjOo=", "creditcard"=>{"name"=>"AAdvantage Platinum Select World Mastercard", "issuer"=>"Citi", "annual_fee"=>"95", "fee_waived_first_year"=>"true", "points_program"=>"american", "spend_bonus"=>"50000", "spend_requirement"=>"3000", "time_to_reach_spend_in_months"=>"3", "first_purchase_bonus"=>"0", "second_year_spend_bonus"=>"", "second_year_spend_requirement"=>"", "second_year_time_to_reach_spend_in_months"=>"", "points_per_dollar_spent_general_spend"=>"1", "foreign_transaction_fee"=>"3", "chip"=>"", "notes"=>"Group 1 boarding. 1st checked bag free on American Airlines. 5% bonus on all purchases after paying the annual fee each year. Earn a companion certificate good on American Airlines every year you complete $30,000 worth of purchases and pay your annual fee.", "business"=>"true", "personal"=>"false", "image_index"=>"", "url"=>"http://bit.ly/aadvantage-platinum-business"}, "commit"=>"Create Creditcard"}
I, [2015-03-23T19:36:21.908148 #28463]  INFO -- : Redirected to http://dev.tralue.com/creditcards/6
I, [2015-03-23T19:36:21.908535 #28463]  INFO -- : Completed 302 Found in 11ms (ActiveRecord: 4.6ms)
I, [2015-03-23T19:36:21.946115 #28466]  INFO -- : Started GET "/creditcards/6" for 198.178.132.252 at 2015-03-23 19:36:21 +0000
I, [2015-03-23T19:36:21.950691 #28466]  INFO -- : Processing by CreditcardsController#show as HTML
I, [2015-03-23T19:36:21.950984 #28466]  INFO -- :   Parameters: {"id"=>"6"}
I, [2015-03-23T19:36:21.961121 #28466]  INFO -- :   Rendered creditcards/show.html.erb within layouts/application (2.2ms)
I, [2015-03-23T19:36:21.962701 #28466]  INFO -- : Completed 200 OK in 11ms (Views: 5.7ms | ActiveRecord: 1.0ms)
I, [2015-03-23T19:36:29.357308 #28463]  INFO -- : Started GET "/creditcards/new" for 198.178.132.252 at 2015-03-23 19:36:29 +0000
I, [2015-03-23T19:36:29.358530 #28463]  INFO -- : Processing by CreditcardsController#new as HTML
I, [2015-03-23T19:36:29.374253 #28463]  INFO -- :   Rendered creditcards/_form.html.erb (13.6ms)
I, [2015-03-23T19:36:29.375053 #28463]  INFO -- :   Rendered creditcards/new.html.erb within layouts/application (15.0ms)
I, [2015-03-23T19:36:29.375926 #28463]  INFO -- : Completed 200 OK in 17ms (Views: 16.5ms | ActiveRecord: 0.0ms)
I, [2015-03-23T19:40:55.185192 #28471]  INFO -- : Started POST "/creditcards" for 198.178.132.252 at 2015-03-23 19:40:55 +0000
I, [2015-03-23T19:40:55.191673 #28471]  INFO -- : Processing by CreditcardsController#create as HTML
I, [2015-03-23T19:40:55.192259 #28471]  INFO -- :   Parameters: {"utf8"=>"", "authenticity_token"=>"uEr+p0U1dyJH/0WmpwXYQuhJkBU5d/RYn7khBn4yjOo=", "creditcard"=>{"name"=>"AAdvantage Gold Mastercard", "issuer"=>"Citi", "annual_fee"=>"50", "fee_waived_first_year"=>"true", "points_program"=>"american", "spend_bonus"=>"25000", "spend_requirement"=>"750", "time_to_reach_spend_in_months"=>"3", "first_purchase_bonus"=>"0", "second_year_spend_bonus"=>"", "second_year_spend_requirement"=>"", "second_year_time_to_reach_spend_in_months"=>"", "points_per_dollar_spent_general_spend"=>"", "foreign_transaction_fee"=>"3", "chip"=>"", "notes"=>"Eligible for reduced mileage awards on American Airlines. 25% discount on eligible in-flight food and beverage purchases on American.", "business"=>"false", "personal"=>"true", "image_index"=>"", "url"=>"http://bit.ly/aadvantage-gold"}, "commit"=>"Create Creditcard"}
I, [2015-03-23T19:40:55.223350 #28471]  INFO -- : Redirected to http://dev.tralue.com/creditcards/7
I, [2015-03-23T19:40:55.224741 #28471]  INFO -- : Completed 302 Found in 32ms (ActiveRecord: 12.9ms)
I, [2015-03-23T19:40:55.263167 #28466]  INFO -- : Started GET "/creditcards/7" for 198.178.132.252 at 2015-03-23 19:40:55 +0000
I, [2015-03-23T19:40:55.270003 #28466]  INFO -- : Processing by CreditcardsController#show as HTML
I, [2015-03-23T19:40:55.270525 #28466]  INFO -- :   Parameters: {"id"=>"7"}
I, [2015-03-23T19:40:55.282677 #28466]  INFO -- :   Rendered creditcards/show.html.erb within layouts/application (1.7ms)
I, [2015-03-23T19:40:55.285655 #28466]  INFO -- : Completed 200 OK in 15ms (Views: 6.6ms | ActiveRecord: 1.0ms)
I, [2015-03-23T19:40:58.319968 #28471]  INFO -- : Started GET "/creditcards/new" for 198.178.132.252 at 2015-03-23 19:40:58 +0000
I, [2015-03-23T19:40:58.322045 #28471]  INFO -- : Processing by CreditcardsController#new as HTML
I, [2015-03-23T19:40:58.340168 #28471]  INFO -- :   Rendered creditcards/_form.html.erb (14.7ms)
I, [2015-03-23T19:40:58.341005 #28471]  INFO -- :   Rendered creditcards/new.html.erb within layouts/application (16.4ms)
I, [2015-03-23T19:40:58.342165 #28471]  INFO -- : Completed 200 OK in 20ms (Views: 18.8ms | ActiveRecord: 0.0ms)
I, [2015-03-23T19:40:58.380129 #28466]  INFO -- : Started GET "/creditcards/new" for 198.178.132.252 at 2015-03-23 19:40:58 +0000
I, [2015-03-23T19:40:58.381815 #28466]  INFO -- : Processing by CreditcardsController#new as HTML
I, [2015-03-23T19:40:58.444788 #28466]  INFO -- :   Rendered creditcards/_form.html.erb (58.5ms)
I, [2015-03-23T19:40:58.445486 #28466]  INFO -- :   Rendered creditcards/new.html.erb within layouts/application (61.4ms)
I, [2015-03-23T19:40:58.446317 #28466]  INFO -- : Completed 200 OK in 64ms (Views: 63.1ms | ActiveRecord: 0.0ms)
I, [2015-03-23T19:50:21.278367 #28471]  INFO -- : Started POST "/creditcards" for 198.178.132.252 at 2015-03-23 19:50:21 +0000
I, [2015-03-23T19:50:21.287689 #28471]  INFO -- : Processing by CreditcardsController#create as HTML
I, [2015-03-23T19:50:21.288490 #28471]  INFO -- :   Parameters: {"utf8"=>"", "authenticity_token"=>"uEr+p0U1dyJH/0WmpwXYQuhJkBU5d/RYn7khBn4yjOo=", "creditcard"=>{"name"=>"Platinum Card", "issuer"=>"American Express", "annual_fee"=>"450", "fee_waived_first_year"=>"false", "points_program"=>"mr", "spend_bonus"=>"40000", "spend_requirement"=>"3000", "time_to_reach_spend_in_months"=>"3", "first_purchase_bonus"=>"0", "second_year_spend_bonus"=>"", "second_year_spend_requirement"=>"", "second_year_time_to_reach_spend_in_months"=>"", "points_per_dollar_spent_general_spend"=>"", "foreign_transaction_fee"=>"0", "chip"=>"", "notes"=>"$200 airline fee credit (baggage, etc., not airfare). Priority Pass Select, Centurion, Airspace, and Delta Sky Club lounge access (without guest privileges). Elite rental status with Avis, Hertz, and National. Fee credit for Global Entry or TSA Pre-Check. Free ShopRunner. Free Starwood Preferred Guest Gold status. Free Boingo wireless internet at hotels, airports, and other venues nationally and internationally.", "business"=>"false", "personal"=>"true", "image_index"=>"", "url"=>"http://bit.ly/amex-platinum-personal"}, "commit"=>"Create Creditcard"}
I, [2015-03-23T19:50:21.316624 #28471]  INFO -- : Redirected to http://dev.tralue.com/creditcards/8
I, [2015-03-23T19:50:21.317589 #28471]  INFO -- : Completed 302 Found in 29ms (ActiveRecord: 10.1ms)
I, [2015-03-23T19:50:21.364256 #28469]  INFO -- : Started GET "/creditcards/8" for 198.178.132.252 at 2015-03-23 19:50:21 +0000
I, [2015-03-23T19:50:21.381074 #28469]  INFO -- : Processing by CreditcardsController#show as HTML
I, [2015-03-23T19:50:21.381584 #28469]  INFO -- :   Parameters: {"id"=>"8"}
I, [2015-03-23T19:50:21.397884 #28469]  INFO -- :   Rendered creditcards/show.html.erb within layouts/application (2.7ms)
I, [2015-03-23T19:50:21.400981 #28469]  INFO -- : Completed 200 OK in 19ms (Views: 7.6ms | ActiveRecord: 0.9ms)
I, [2015-03-23T19:50:24.977932 #28471]  INFO -- : Started GET "/creditcards/new" for 198.178.132.252 at 2015-03-23 19:50:24 +0000
I, [2015-03-23T19:50:24.981823 #28471]  INFO -- : Processing by CreditcardsController#new as HTML
I, [2015-03-23T19:50:25.019150 #28471]  INFO -- :   Rendered creditcards/_form.html.erb (31.3ms)
I, [2015-03-23T19:50:25.020476 #28471]  INFO -- :   Rendered creditcards/new.html.erb within layouts/application (34.4ms)
I, [2015-03-23T19:50:25.022134 #28471]  INFO -- : Completed 200 OK in 40ms (Views: 37.8ms | ActiveRecord: 0.0ms)
I, [2015-03-23T19:50:25.031264 #28469]  INFO -- : Started GET "/creditcards/new" for 198.178.132.252 at 2015-03-23 19:50:25 +0000
I, [2015-03-23T19:50:25.034222 #28469]  INFO -- : Processing by CreditcardsController#new as HTML
I, [2015-03-23T19:50:25.066805 #28469]  INFO -- :   Rendered creditcards/_form.html.erb (28.4ms)
I, [2015-03-23T19:50:25.068198 #28469]  INFO -- :   Rendered creditcards/new.html.erb within layouts/application (31.0ms)
I, [2015-03-23T19:50:25.069806 #28469]  INFO -- : Completed 200 OK in 35ms (Views: 33.1ms | ActiveRecord: 0.0ms)
I, [2015-03-23T19:54:28.374060 #28466]  INFO -- : Started POST "/creditcards" for 198.178.132.252 at 2015-03-23 19:54:28 +0000
I, [2015-03-23T19:54:28.385704 #28466]  INFO -- : Processing by CreditcardsController#create as HTML
I, [2015-03-23T19:54:28.386543 #28466]  INFO -- :   Parameters: {"utf8"=>"", "authenticity_token"=>"uEr+p0U1dyJH/0WmpwXYQuhJkBU5d/RYn7khBn4yjOo=", "creditcard"=>{"name"=>"Amex EveryDay", "issuer"=>"American Express", "annual_fee"=>"0", "fee_waived_first_year"=>"false", "points_program"=>"mr", "spend_bonus"=>"10000", "spend_requirement"=>"1000", "time_to_reach_spend_in_months"=>"3", "first_purchase_bonus"=>"0", "second_year_spend_bonus"=>"", "second_year_spend_requirement"=>"", "second_year_time_to_reach_spend_in_months"=>"", "points_per_dollar_spent_general_spend"=>"1.0", "foreign_transaction_fee"=>"2.7", "chip"=>"", "notes"=>"General earning rate is 1.2 points per dollar if you make 20+ purchases in a billing period, otherwise earning is 1 point per dollar spent.", "business"=>"false", "personal"=>"true", "image_index"=>"", "url"=>"http://bit.ly/amex-everyday"}, "commit"=>"Create Creditcard"}
I, [2015-03-23T19:54:28.420700 #28466]  INFO -- : Redirected to http://dev.tralue.com/creditcards/9
I, [2015-03-23T19:54:28.421571 #28466]  INFO -- : Completed 302 Found in 34ms (ActiveRecord: 8.8ms)
I, [2015-03-23T19:54:28.457008 #28469]  INFO -- : Started GET "/creditcards/9" for 198.178.132.252 at 2015-03-23 19:54:28 +0000
I, [2015-03-23T19:54:28.468580 #28469]  INFO -- : Processing by CreditcardsController#show as HTML
I, [2015-03-23T19:54:28.468977 #28469]  INFO -- :   Parameters: {"id"=>"9"}
I, [2015-03-23T19:54:28.490327 #28469]  INFO -- :   Rendered creditcards/show.html.erb within layouts/application (3.1ms)
I, [2015-03-23T19:54:28.494161 #28469]  INFO -- : Completed 200 OK in 25ms (Views: 9.7ms | ActiveRecord: 1.1ms)
I, [2015-03-23T19:54:33.290124 #28466]  INFO -- : Started GET "/creditcards/new" for 198.178.132.252 at 2015-03-23 19:54:33 +0000
I, [2015-03-23T19:54:33.292928 #28466]  INFO -- : Processing by CreditcardsController#new as HTML
I, [2015-03-23T19:54:33.327521 #28466]  INFO -- :   Rendered creditcards/_form.html.erb (28.9ms)
I, [2015-03-23T19:54:33.328958 #28466]  INFO -- :   Rendered creditcards/new.html.erb within layouts/application (31.7ms)
I, [2015-03-23T19:54:33.331100 #28466]  INFO -- : Completed 200 OK in 38ms (Views: 36.0ms | ActiveRecord: 0.0ms)
I, [2015-03-23T19:54:33.378370 #28463]  INFO -- : Started GET "/creditcards/new" for 198.178.132.252 at 2015-03-23 19:54:33 +0000
I, [2015-03-23T19:54:33.387425 #28463]  INFO -- : Processing by CreditcardsController#new as HTML
I, [2015-03-23T19:54:33.437535 #28463]  INFO -- :   Rendered creditcards/_form.html.erb (41.3ms)
I, [2015-03-23T19:54:33.441457 #28463]  INFO -- :   Rendered creditcards/new.html.erb within layouts/application (46.9ms)
I, [2015-03-23T19:54:33.444037 #28463]  INFO -- : Completed 200 OK in 56ms (Views: 51.0ms | ActiveRecord: 0.0ms)
I, [2015-03-23T19:58:07.987140 #28471]  INFO -- : Started POST "/creditcards" for 198.178.132.252 at 2015-03-23 19:58:07 +0000
I, [2015-03-23T19:58:07.992397 #28471]  INFO -- : Processing by CreditcardsController#create as HTML
I, [2015-03-23T19:58:07.992779 #28471]  INFO -- :   Parameters: {"utf8"=>"", "authenticity_token"=>"uEr+p0U1dyJH/0WmpwXYQuhJkBU5d/RYn7khBn4yjOo=", "creditcard"=>{"name"=>"Amex Everyday Preferred", "issuer"=>"American Express", "annual_fee"=>"95", "fee_waived_first_year"=>"false", "points_program"=>"mr", "spend_bonus"=>"15000", "spend_requirement"=>"1000", "time_to_reach_spend_in_months"=>"3", "first_purchase_bonus"=>"0", "second_year_spend_bonus"=>"", "second_year_spend_requirement"=>"", "second_year_time_to_reach_spend_in_months"=>"", "points_per_dollar_spent_general_spend"=>"1.0", "foreign_transaction_fee"=>"2.7", "chip"=>"", "notes"=>"1.5 points per dollar spent if you make 30+ purchases with the card in a billing period, otherwise 1 point per dollar spent. 3X points at supermarkets, up to $6,000 annually.", "business"=>"false", "personal"=>"true", "image_index"=>"", "url"=>"http://bit.ly/amex-everyday-preferred"}, "commit"=>"Create Creditcard"}
I, [2015-03-23T19:58:08.008710 #28471]  INFO -- : Redirected to http://dev.tralue.com/creditcards/10
I, [2015-03-23T19:58:08.009180 #28471]  INFO -- : Completed 302 Found in 16ms (ActiveRecord: 4.7ms)
I, [2015-03-23T19:58:08.039278 #28463]  INFO -- : Started GET "/creditcards/10" for 198.178.132.252 at 2015-03-23 19:58:08 +0000
I, [2015-03-23T19:58:08.040700 #28463]  INFO -- : Processing by CreditcardsController#show as HTML
I, [2015-03-23T19:58:08.040849 #28463]  INFO -- :   Parameters: {"id"=>"10"}
I, [2015-03-23T19:58:08.045050 #28463]  INFO -- :   Rendered creditcards/show.html.erb within layouts/application (0.5ms)
I, [2015-03-23T19:58:08.045813 #28463]  INFO -- : Completed 200 OK in 5ms (Views: 1.7ms | ActiveRecord: 0.5ms)
I, [2015-03-23T19:58:13.708022 #28471]  INFO -- : Started GET "/creditcards/new" for 198.178.132.252 at 2015-03-23 19:58:13 +0000
I, [2015-03-23T19:58:13.709360 #28471]  INFO -- : Processing by CreditcardsController#new as HTML
I, [2015-03-23T19:58:13.726877 #28471]  INFO -- :   Rendered creditcards/_form.html.erb (14.7ms)
I, [2015-03-23T19:58:13.727874 #28471]  INFO -- :   Rendered creditcards/new.html.erb within layouts/application (16.7ms)
I, [2015-03-23T19:58:13.728974 #28471]  INFO -- : Completed 200 OK in 19ms (Views: 18.7ms | ActiveRecord: 0.0ms)
I, [2015-03-23T19:58:15.318748 #28463]  INFO -- : Started GET "/creditcards/new" for 198.178.132.252 at 2015-03-23 19:58:15 +0000
I, [2015-03-23T19:58:15.320291 #28463]  INFO -- : Processing by CreditcardsController#new as HTML
I, [2015-03-23T19:58:15.333674 #28463]  INFO -- :   Rendered creditcards/_form.html.erb (11.7ms)
I, [2015-03-23T19:58:15.334341 #28463]  INFO -- :   Rendered creditcards/new.html.erb within layouts/application (12.8ms)
I, [2015-03-23T19:58:15.335211 #28463]  INFO -- : Completed 200 OK in 15ms (Views: 13.9ms | ActiveRecord: 0.0ms)
I, [2015-03-23T20:01:03.229229 #28471]  INFO -- : Started POST "/creditcards" for 198.178.132.252 at 2015-03-23 20:01:03 +0000
I, [2015-03-23T20:01:03.233057 #28471]  INFO -- : Processing by CreditcardsController#create as HTML
I, [2015-03-23T20:01:03.233370 #28471]  INFO -- :   Parameters: {"utf8"=>"", "authenticity_token"=>"uEr+p0U1dyJH/0WmpwXYQuhJkBU5d/RYn7khBn4yjOo=", "creditcard"=>{"name"=>"Premier Rewards Gold", "issuer"=>"American Express", "annual_fee"=>"175", "fee_waived_first_year"=>"true", "points_program"=>"mr", "spend_bonus"=>"25000", "spend_requirement"=>"2000", "time_to_reach_spend_in_months"=>"3", "first_purchase_bonus"=>"0", "second_year_spend_bonus"=>"", "second_year_spend_requirement"=>"", "second_year_time_to_reach_spend_in_months"=>"", "points_per_dollar_spent_general_spend"=>"1.0", "foreign_transaction_fee"=>"2.7", "chip"=>"", "notes"=>"", "business"=>"false", "personal"=>"true", "image_index"=>"", "url"=>"http://bit.ly/premier-rewards-gold-personal"}, "commit"=>"Create Creditcard"}
I, [2015-03-23T20:01:03.245814 #28471]  INFO -- : Redirected to http://dev.tralue.com/creditcards/11
I, [2015-03-23T20:01:03.246334 #28471]  INFO -- : Completed 302 Found in 13ms (ActiveRecord: 4.6ms)
I, [2015-03-23T20:01:03.284704 #28469]  INFO -- : Started GET "/creditcards/11" for 198.178.132.252 at 2015-03-23 20:01:03 +0000
I, [2015-03-23T20:01:03.288576 #28469]  INFO -- : Processing by CreditcardsController#show as HTML
I, [2015-03-23T20:01:03.288782 #28469]  INFO -- :   Parameters: {"id"=>"11"}
I, [2015-03-23T20:01:03.294681 #28469]  INFO -- :   Rendered creditcards/show.html.erb within layouts/application (1.1ms)
I, [2015-03-23T20:01:03.296440 #28469]  INFO -- : Completed 200 OK in 7ms (Views: 3.5ms | ActiveRecord: 0.5ms)
I, [2015-03-23T20:01:05.350104 #28471]  INFO -- : Started GET "/creditcards" for 198.178.132.252 at 2015-03-23 20:01:05 +0000
I, [2015-03-23T20:01:05.352440 #28471]  INFO -- : Processing by CreditcardsController#index as HTML
I, [2015-03-23T20:01:05.369473 #28471]  INFO -- :   Rendered creditcards/index.html.erb within layouts/application (14.7ms)
I, [2015-03-23T20:01:05.371202 #28471]  INFO -- : Completed 200 OK in 18ms (Views: 15.7ms | ActiveRecord: 1.5ms)
I, [2015-03-23T20:01:08.080942 #28466]  INFO -- : Started GET "/creditcards/8/edit" for 198.178.132.252 at 2015-03-23 20:01:08 +0000
I, [2015-03-23T20:01:08.086296 #28466]  INFO -- : Processing by CreditcardsController#edit as HTML
I, [2015-03-23T20:01:08.086625 #28466]  INFO -- :   Parameters: {"id"=>"8"}
I, [2015-03-23T20:01:08.112694 #28466]  INFO -- :   Rendered creditcards/_form.html.erb (13.5ms)
I, [2015-03-23T20:01:08.113486 #28466]  INFO -- :   Rendered creditcards/edit.html.erb within layouts/application (18.1ms)
I, [2015-03-23T20:01:08.114453 #28466]  INFO -- : Completed 200 OK in 28ms (Views: 21.8ms | ActiveRecord: 0.5ms)
I, [2015-03-23T20:02:00.621186 #28471]  INFO -- : Started PATCH "/creditcards/8" for 198.178.132.252 at 2015-03-23 20:02:00 +0000
I, [2015-03-23T20:02:00.623879 #28471]  INFO -- : Processing by CreditcardsController#update as HTML
I, [2015-03-23T20:02:00.624393 #28471]  INFO -- :   Parameters: {"utf8"=>"", "authenticity_token"=>"uEr+p0U1dyJH/0WmpwXYQuhJkBU5d/RYn7khBn4yjOo=", "creditcard"=>{"name"=>"Platinum Card", "issuer"=>"American Express", "annual_fee"=>"450", "fee_waived_first_year"=>"f", "points_program"=>"mr", "spend_bonus"=>"40000", "spend_requirement"=>"3000", "time_to_reach_spend_in_months"=>"3", "first_purchase_bonus"=>"0", "second_year_spend_bonus"=>"", "second_year_spend_requirement"=>"", "second_year_time_to_reach_spend_in_months"=>"", "points_per_dollar_spent_general_spend"=>"", "foreign_transaction_fee"=>"0", "chip"=>"", "notes"=>"$200 airline fee credit (baggage, etc., not airfare). Priority Pass Select, Centurion, Airspace, and Delta Sky Club lounge access (without guest privileges). Elite rental status with Avis, Hertz, and National. Fee credit for Global Entry or TSA Pre-Check. Free ShopRunner. Free Starwood Preferred Guest Gold status. Free Boingo wireless internet at hotels, airports, and other venues nationally and internationally. Additional cardmembers also receive Global Entry and Pre-Check credits when paying with their Platinum card.", "business"=>"f", "personal"=>"t", "image_index"=>"", "url"=>"http://bit.ly/amex-platinum-personal"}, "commit"=>"Update Creditcard", "id"=>"8"}
I, [2015-03-23T20:02:00.639498 #28471]  INFO -- : Redirected to http://dev.tralue.com/creditcards/8
I, [2015-03-23T20:02:00.639952 #28471]  INFO -- : Completed 302 Found in 15ms (ActiveRecord: 4.3ms)
I, [2015-03-23T20:02:00.672688 #28463]  INFO -- : Started GET "/creditcards/8" for 198.178.132.252 at 2015-03-23 20:02:00 +0000
I, [2015-03-23T20:02:00.675870 #28463]  INFO -- : Processing by CreditcardsController#show as HTML
I, [2015-03-23T20:02:00.676051 #28463]  INFO -- :   Parameters: {"id"=>"8"}
I, [2015-03-23T20:02:00.681304 #28463]  INFO -- :   Rendered creditcards/show.html.erb within layouts/application (0.8ms)
I, [2015-03-23T20:02:00.682520 #28463]  INFO -- : Completed 200 OK in 6ms (Views: 2.6ms | ActiveRecord: 0.5ms)
I, [2015-03-23T20:02:04.063156 #28471]  INFO -- : Started GET "/creditcards" for 198.178.132.252 at 2015-03-23 20:02:04 +0000
I, [2015-03-23T20:02:04.064560 #28471]  INFO -- : Processing by CreditcardsController#index as HTML
I, [2015-03-23T20:02:04.072542 #28471]  INFO -- :   Rendered creditcards/index.html.erb within layouts/application (6.4ms)
I, [2015-03-23T20:02:04.073515 #28471]  INFO -- : Completed 200 OK in 9ms (Views: 7.0ms | ActiveRecord: 0.7ms)
I, [2015-03-23T20:02:09.989413 #28469]  INFO -- : Started GET "/creditcards/new" for 198.178.132.252 at 2015-03-23 20:02:09 +0000
I, [2015-03-23T20:02:09.992692 #28469]  INFO -- : Processing by CreditcardsController#new as HTML
I, [2015-03-23T20:02:10.030997 #28469]  INFO -- :   Rendered creditcards/_form.html.erb (33.2ms)
I, [2015-03-23T20:02:10.032470 #28469]  INFO -- :   Rendered creditcards/new.html.erb within layouts/application (36.3ms)
I, [2015-03-23T20:02:10.034190 #28469]  INFO -- : Completed 200 OK in 41ms (Views: 38.6ms | ActiveRecord: 0.0ms)
I, [2015-03-23T20:05:44.601279 #28466]  INFO -- : Started POST "/creditcards" for 198.178.132.252 at 2015-03-23 20:05:44 +0000
I, [2015-03-23T20:05:44.605238 #28466]  INFO -- : Processing by CreditcardsController#create as HTML
